[0.058s] DEBUG:colcon:Command line arguments: ['/usr/bin/colcon', 'build', '--symlink-install']
[0.058s] DEBUG:colcon:Parsed command line arguments: Namespace(log_base=None, log_level=None, verb_name='build', build_base='build', install_base='install', merge_install=False, symlink_install=True, test_result_base=None, continue_on_error=False, executor='parallel', parallel_workers=28, event_handlers=None, ignore_user_meta=False, metas=['./colcon.meta'], base_paths=['.'], packages_ignore=None, packages_ignore_regex=None, paths=None, packages_up_to=None, packages_up_to_regex=None, packages_above=None, packages_above_and_dependencies=None, packages_above_depth=None, packages_select_by_dep=None, packages_skip_by_dep=None, packages_skip_up_to=None, packages_select_build_failed=False, packages_skip_build_finished=False, packages_select_test_failures=False, packages_skip_test_passed=False, packages_select=None, packages_skip=None, packages_select_regex=None, packages_skip_regex=None, packages_start=None, packages_end=None, allow_overriding=[], cmake_args=None, cmake_target=None, cmake_target_skip_unavailable=False, cmake_clean_cache=False, cmake_clean_first=False, cmake_force_configure=False, ament_cmake_args=None, catkin_cmake_args=None, catkin_skip_building_tests=False, mixin_files=None, mixin=None, verb_parser=<colcon_mixin.mixin.mixin_argument.MixinArgumentDecorator object at 0x7fd94146f2b0>, verb_extension=<colcon_core.verb.build.BuildVerb object at 0x7fd94146ec20>, main=<bound method BuildVerb.main of <colcon_core.verb.build.BuildVerb object at 0x7fd94146ec20>>, mixin_verb=('build',))
[0.154s] Level 1:colcon.colcon_core.package_discovery:discover_packages(colcon_meta) check parameters
[0.154s] Level 1:colcon.colcon_core.package_discovery:discover_packages(recursive) check parameters
[0.154s] Level 1:colcon.colcon_core.package_discovery:discover_packages(ignore) check parameters
[0.154s] Level 1:colcon.colcon_core.package_discovery:discover_packages(path) check parameters
[0.154s] Level 1:colcon.colcon_core.package_discovery:discover_packages(colcon_meta) discover
[0.154s] Level 1:colcon.colcon_core.package_discovery:discover_packages(recursive) discover
[0.154s] INFO:colcon.colcon_core.package_discovery:Crawling recursively for packages in '/home/harry/assignment_ws'
[0.154s] Level 1:colcon.colcon_core.package_identification:_identify(.) by extensions ['ignore', 'ignore_ament_install']
[0.155s] Level 1:colcon.colcon_core.package_identification:_identify(.) by extension 'ignore'
[0.155s] Level 1:colcon.colcon_core.package_identification:_identify(.) by extension 'ignore_ament_install'
[0.155s] Level 1:colcon.colcon_core.package_identification:_identify(.) by extensions ['colcon_pkg']
[0.155s] Level 1:colcon.colcon_core.package_identification:_identify(.) by extension 'colcon_pkg'
[0.155s] Level 1:colcon.colcon_core.package_identification:_identify(.) by extensions ['colcon_meta']
[0.155s] Level 1:colcon.colcon_core.package_identification:_identify(.) by extension 'colcon_meta'
[0.155s] Level 1:colcon.colcon_core.package_identification:_identify(.) by extensions ['ros']
[0.155s] Level 1:colcon.colcon_core.package_identification:_identify(.) by extension 'ros'
[0.166s] Level 1:colcon.colcon_core.package_identification:_identify(.) by extensions ['cmake', 'python']
[0.166s] Level 1:colcon.colcon_core.package_identification:_identify(.) by extension 'cmake'
[0.166s] Level 1:colcon.colcon_core.package_identification:_identify(.) by extension 'python'
[0.166s] Level 1:colcon.colcon_core.package_identification:_identify(.) by extensions ['python_setup_py']
[0.166s] Level 1:colcon.colcon_core.package_identification:_identify(.) by extension 'python_setup_py'
[0.166s] Level 1:colcon.colcon_core.package_identification:_identify(build) by extensions ['ignore', 'ignore_ament_install']
[0.166s] Level 1:colcon.colcon_core.package_identification:_identify(build) by extension 'ignore'
[0.166s] Level 1:colcon.colcon_core.package_identification:_identify(build) ignored
[0.166s] Level 1:colcon.colcon_core.package_identification:_identify(install) by extensions ['ignore', 'ignore_ament_install']
[0.167s] Level 1:colcon.colcon_core.package_identification:_identify(install) by extension 'ignore'
[0.167s] Level 1:colcon.colcon_core.package_identification:_identify(install) ignored
[0.167s] Level 1:colcon.colcon_core.package_identification:_identify(log) by extensions ['ignore', 'ignore_ament_install']
[0.167s] Level 1:colcon.colcon_core.package_identification:_identify(log) by extension 'ignore'
[0.167s] Level 1:colcon.colcon_core.package_identification:_identify(log) ignored
[0.167s] Level 1:colcon.colcon_core.package_identification:_identify(src) by extensions ['ignore', 'ignore_ament_install']
[0.167s] Level 1:colcon.colcon_core.package_identification:_identify(src) by extension 'ignore'
[0.167s] Level 1:colcon.colcon_core.package_identification:_identify(src) by extension 'ignore_ament_install'
[0.167s] Level 1:colcon.colcon_core.package_identification:_identify(src) by extensions ['colcon_pkg']
[0.167s] Level 1:colcon.colcon_core.package_identification:_identify(src) by extension 'colcon_pkg'
[0.167s] Level 1:colcon.colcon_core.package_identification:_identify(src) by extensions ['colcon_meta']
[0.167s] Level 1:colcon.colcon_core.package_identification:_identify(src) by extension 'colcon_meta'
[0.167s] Level 1:colcon.colcon_core.package_identification:_identify(src) by extensions ['ros']
[0.167s] Level 1:colcon.colcon_core.package_identification:_identify(src) by extension 'ros'
[0.167s] Level 1:colcon.colcon_core.package_identification:_identify(src) by extensions ['cmake', 'python']
[0.167s] Level 1:colcon.colcon_core.package_identification:_identify(src) by extension 'cmake'
[0.167s] Level 1:colcon.colcon_core.package_identification:_identify(src) by extension 'python'
[0.167s] Level 1:colcon.colcon_core.package_identification:_identify(src) by extensions ['python_setup_py']
[0.167s] Level 1:colcon.colcon_core.package_identification:_identify(src) by extension 'python_setup_py'
[0.167s] Level 1:colcon.colcon_core.package_identification:_identify(src/l1-harryparikh) by extensions ['ignore', 'ignore_ament_install']
[0.167s] Level 1:colcon.colcon_core.package_identification:_identify(src/l1-harryparikh) by extension 'ignore'
[0.167s] Level 1:colcon.colcon_core.package_identification:_identify(src/l1-harryparikh) by extension 'ignore_ament_install'
[0.167s] Level 1:colcon.colcon_core.package_identification:_identify(src/l1-harryparikh) by extensions ['colcon_pkg']
[0.167s] Level 1:colcon.colcon_core.package_identification:_identify(src/l1-harryparikh) by extension 'colcon_pkg'
[0.167s] Level 1:colcon.colcon_core.package_identification:_identify(src/l1-harryparikh) by extensions ['colcon_meta']
[0.167s] Level 1:colcon.colcon_core.package_identification:_identify(src/l1-harryparikh) by extension 'colcon_meta'
[0.167s] Level 1:colcon.colcon_core.package_identification:_identify(src/l1-harryparikh) by extensions ['ros']
[0.167s] Level 1:colcon.colcon_core.package_identification:_identify(src/l1-harryparikh) by extension 'ros'
[0.167s] Level 1:colcon.colcon_core.package_identification:_identify(src/l1-harryparikh) by extensions ['cmake', 'python']
[0.167s] Level 1:colcon.colcon_core.package_identification:_identify(src/l1-harryparikh) by extension 'cmake'
[0.167s] Level 1:colcon.colcon_core.package_identification:_identify(src/l1-harryparikh) by extension 'python'
[0.167s] Level 1:colcon.colcon_core.package_identification:_identify(src/l1-harryparikh) by extensions ['python_setup_py']
[0.167s] Level 1:colcon.colcon_core.package_identification:_identify(src/l1-harryparikh) by extension 'python_setup_py'
[0.167s] Level 1:colcon.colcon_core.package_identification:_identify(src/l1-harryparikh/build) by extensions ['ignore', 'ignore_ament_install']
[0.167s] Level 1:colcon.colcon_core.package_identification:_identify(src/l1-harryparikh/build) by extension 'ignore'
[0.167s] Level 1:colcon.colcon_core.package_identification:_identify(src/l1-harryparikh/build) ignored
[0.168s] Level 1:colcon.colcon_core.package_identification:_identify(src/l1-harryparikh/install) by extensions ['ignore', 'ignore_ament_install']
[0.168s] Level 1:colcon.colcon_core.package_identification:_identify(src/l1-harryparikh/install) by extension 'ignore'
[0.168s] Level 1:colcon.colcon_core.package_identification:_identify(src/l1-harryparikh/install) ignored
[0.168s] Level 1:colcon.colcon_core.package_identification:_identify(src/l1-harryparikh/log) by extensions ['ignore', 'ignore_ament_install']
[0.168s] Level 1:colcon.colcon_core.package_identification:_identify(src/l1-harryparikh/log) by extension 'ignore'
[0.168s] Level 1:colcon.colcon_core.package_identification:_identify(src/l1-harryparikh/log) ignored
[0.168s] Level 1:colcon.colcon_core.package_identification:_identify(src/l1-harryparikh/testbed_bringup) by extensions ['ignore', 'ignore_ament_install']
[0.168s] Level 1:colcon.colcon_core.package_identification:_identify(src/l1-harryparikh/testbed_bringup) by extension 'ignore'
[0.168s] Level 1:colcon.colcon_core.package_identification:_identify(src/l1-harryparikh/testbed_bringup) by extension 'ignore_ament_install'
[0.168s] Level 1:colcon.colcon_core.package_identification:_identify(src/l1-harryparikh/testbed_bringup) by extensions ['colcon_pkg']
[0.168s] Level 1:colcon.colcon_core.package_identification:_identify(src/l1-harryparikh/testbed_bringup) by extension 'colcon_pkg'
[0.168s] Level 1:colcon.colcon_core.package_identification:_identify(src/l1-harryparikh/testbed_bringup) by extensions ['colcon_meta']
[0.168s] Level 1:colcon.colcon_core.package_identification:_identify(src/l1-harryparikh/testbed_bringup) by extension 'colcon_meta'
[0.168s] Level 1:colcon.colcon_core.package_identification:_identify(src/l1-harryparikh/testbed_bringup) by extensions ['ros']
[0.168s] Level 1:colcon.colcon_core.package_identification:_identify(src/l1-harryparikh/testbed_bringup) by extension 'ros'
[0.169s] DEBUG:colcon.colcon_core.package_identification:Package 'src/l1-harryparikh/testbed_bringup' with type 'ros.ament_cmake' and name 'testbed_bringup'
[0.169s] Level 1:colcon.colcon_core.package_identification:_identify(src/l1-harryparikh/testbed_description) by extensions ['ignore', 'ignore_ament_install']
[0.169s] Level 1:colcon.colcon_core.package_identification:_identify(src/l1-harryparikh/testbed_description) by extension 'ignore'
[0.169s] Level 1:colcon.colcon_core.package_identification:_identify(src/l1-harryparikh/testbed_description) by extension 'ignore_ament_install'
[0.170s] Level 1:colcon.colcon_core.package_identification:_identify(src/l1-harryparikh/testbed_description) by extensions ['colcon_pkg']
[0.170s] Level 1:colcon.colcon_core.package_identification:_identify(src/l1-harryparikh/testbed_description) by extension 'colcon_pkg'
[0.170s] Level 1:colcon.colcon_core.package_identification:_identify(src/l1-harryparikh/testbed_description) by extensions ['colcon_meta']
[0.170s] Level 1:colcon.colcon_core.package_identification:_identify(src/l1-harryparikh/testbed_description) by extension 'colcon_meta'
[0.170s] Level 1:colcon.colcon_core.package_identification:_identify(src/l1-harryparikh/testbed_description) by extensions ['ros']
[0.170s] Level 1:colcon.colcon_core.package_identification:_identify(src/l1-harryparikh/testbed_description) by extension 'ros'
[0.170s] DEBUG:colcon.colcon_core.package_identification:Package 'src/l1-harryparikh/testbed_description' with type 'ros.ament_cmake' and name 'testbed_description'
[0.170s] Level 1:colcon.colcon_core.package_identification:_identify(src/l1-harryparikh/testbed_gazebo) by extensions ['ignore', 'ignore_ament_install']
[0.170s] Level 1:colcon.colcon_core.package_identification:_identify(src/l1-harryparikh/testbed_gazebo) by extension 'ignore'
[0.170s] Level 1:colcon.colcon_core.package_identification:_identify(src/l1-harryparikh/testbed_gazebo) by extension 'ignore_ament_install'
[0.170s] Level 1:colcon.colcon_core.package_identification:_identify(src/l1-harryparikh/testbed_gazebo) by extensions ['colcon_pkg']
[0.170s] Level 1:colcon.colcon_core.package_identification:_identify(src/l1-harryparikh/testbed_gazebo) by extension 'colcon_pkg'
[0.170s] Level 1:colcon.colcon_core.package_identification:_identify(src/l1-harryparikh/testbed_gazebo) by extensions ['colcon_meta']
[0.170s] Level 1:colcon.colcon_core.package_identification:_identify(src/l1-harryparikh/testbed_gazebo) by extension 'colcon_meta'
[0.170s] Level 1:colcon.colcon_core.package_identification:_identify(src/l1-harryparikh/testbed_gazebo) by extensions ['ros']
[0.170s] Level 1:colcon.colcon_core.package_identification:_identify(src/l1-harryparikh/testbed_gazebo) by extension 'ros'
[0.171s] DEBUG:colcon.colcon_core.package_identification:Package 'src/l1-harryparikh/testbed_gazebo' with type 'ros.ament_cmake' and name 'testbed_gazebo'
[0.171s] Level 1:colcon.colcon_core.package_identification:_identify(src/testbed_navigation) by extensions ['ignore', 'ignore_ament_install']
[0.171s] Level 1:colcon.colcon_core.package_identification:_identify(src/testbed_navigation) by extension 'ignore'
[0.171s] Level 1:colcon.colcon_core.package_identification:_identify(src/testbed_navigation) by extension 'ignore_ament_install'
[0.171s] Level 1:colcon.colcon_core.package_identification:_identify(src/testbed_navigation) by extensions ['colcon_pkg']
[0.171s] Level 1:colcon.colcon_core.package_identification:_identify(src/testbed_navigation) by extension 'colcon_pkg'
[0.171s] Level 1:colcon.colcon_core.package_identification:_identify(src/testbed_navigation) by extensions ['colcon_meta']
[0.171s] Level 1:colcon.colcon_core.package_identification:_identify(src/testbed_navigation) by extension 'colcon_meta'
[0.171s] Level 1:colcon.colcon_core.package_identification:_identify(src/testbed_navigation) by extensions ['ros']
[0.171s] Level 1:colcon.colcon_core.package_identification:_identify(src/testbed_navigation) by extension 'ros'
[0.172s] DEBUG:colcon.colcon_core.package_identification:Package 'src/testbed_navigation' with type 'ros.ament_cmake' and name 'testbed_navigation'
[0.172s] Level 1:colcon.colcon_core.package_discovery:discover_packages(recursive) using defaults
[0.172s] Level 1:colcon.colcon_core.package_discovery:discover_packages(ignore) discover
[0.172s] Level 1:colcon.colcon_core.package_discovery:discover_packages(ignore) using defaults
[0.172s] Level 1:colcon.colcon_core.package_discovery:discover_packages(path) discover
[0.172s] Level 1:colcon.colcon_core.package_discovery:discover_packages(path) using defaults
[0.183s] Level 1:colcon.colcon_core.package_discovery:discover_packages(prefix_path) check parameters
[0.183s] Level 1:colcon.colcon_core.package_discovery:discover_packages(prefix_path) discover
[0.184s] DEBUG:colcon.colcon_installed_package_information.package_discovery:Found 4 installed packages in /home/harry/assignment_ws/install
[0.184s] DEBUG:colcon.colcon_installed_package_information.package_discovery:Found 4 installed packages in /home/harry/turtlebot3_ws/install
[0.185s] DEBUG:colcon.colcon_installed_package_information.package_discovery:Found 473 installed packages in /opt/ros/humble
[0.187s] Level 1:colcon.colcon_core.package_discovery:discover_packages(prefix_path) using defaults
[0.217s] Level 5:colcon.colcon_core.verb:set package 'testbed_bringup' build argument 'cmake_args' from command line to 'None'
[0.217s] Level 5:colcon.colcon_core.verb:set package 'testbed_bringup' build argument 'cmake_target' from command line to 'None'
[0.217s] Level 5:colcon.colcon_core.verb:set package 'testbed_bringup' build argument 'cmake_target_skip_unavailable' from command line to 'False'
[0.217s] Level 5:colcon.colcon_core.verb:set package 'testbed_bringup' build argument 'cmake_clean_cache' from command line to 'False'
[0.217s] Level 5:colcon.colcon_core.verb:set package 'testbed_bringup' build argument 'cmake_clean_first' from command line to 'False'
[0.217s] Level 5:colcon.colcon_core.verb:set package 'testbed_bringup' build argument 'cmake_force_configure' from command line to 'False'
[0.217s] Level 5:colcon.colcon_core.verb:set package 'testbed_bringup' build argument 'ament_cmake_args' from command line to 'None'
[0.217s] Level 5:colcon.colcon_core.verb:set package 'testbed_bringup' build argument 'catkin_cmake_args' from command line to 'None'
[0.217s] Level 5:colcon.colcon_core.verb:set package 'testbed_bringup' build argument 'catkin_skip_building_tests' from command line to 'False'
[0.217s] DEBUG:colcon.colcon_core.verb:Building package 'testbed_bringup' with the following arguments: {'ament_cmake_args': None, 'build_base': '/home/harry/assignment_ws/build/testbed_bringup', 'catkin_cmake_args': None, 'catkin_skip_building_tests': False, 'cmake_args': None, 'cmake_clean_cache': False, 'cmake_clean_first': False, 'cmake_force_configure': False, 'cmake_target': None, 'cmake_target_skip_unavailable': False, 'install_base': '/home/harry/assignment_ws/install/testbed_bringup', 'merge_install': False, 'path': '/home/harry/assignment_ws/src/l1-harryparikh/testbed_bringup', 'symlink_install': True, 'test_result_base': None}
[0.217s] Level 5:colcon.colcon_core.verb:set package 'testbed_description' build argument 'cmake_args' from command line to 'None'
[0.218s] Level 5:colcon.colcon_core.verb:set package 'testbed_description' build argument 'cmake_target' from command line to 'None'
[0.218s] Level 5:colcon.colcon_core.verb:set package 'testbed_description' build argument 'cmake_target_skip_unavailable' from command line to 'False'
[0.218s] Level 5:colcon.colcon_core.verb:set package 'testbed_description' build argument 'cmake_clean_cache' from command line to 'False'
[0.218s] Level 5:colcon.colcon_core.verb:set package 'testbed_description' build argument 'cmake_clean_first' from command line to 'False'
[0.218s] Level 5:colcon.colcon_core.verb:set package 'testbed_description' build argument 'cmake_force_configure' from command line to 'False'
[0.218s] Level 5:colcon.colcon_core.verb:set package 'testbed_description' build argument 'ament_cmake_args' from command line to 'None'
[0.218s] Level 5:colcon.colcon_core.verb:set package 'testbed_description' build argument 'catkin_cmake_args' from command line to 'None'
[0.218s] Level 5:colcon.colcon_core.verb:set package 'testbed_description' build argument 'catkin_skip_building_tests' from command line to 'False'
[0.218s] DEBUG:colcon.colcon_core.verb:Building package 'testbed_description' with the following arguments: {'ament_cmake_args': None, 'build_base': '/home/harry/assignment_ws/build/testbed_description', 'catkin_cmake_args': None, 'catkin_skip_building_tests': False, 'cmake_args': None, 'cmake_clean_cache': False, 'cmake_clean_first': False, 'cmake_force_configure': False, 'cmake_target': None, 'cmake_target_skip_unavailable': False, 'install_base': '/home/harry/assignment_ws/install/testbed_description', 'merge_install': False, 'path': '/home/harry/assignment_ws/src/l1-harryparikh/testbed_description', 'symlink_install': True, 'test_result_base': None}
[0.218s] Level 5:colcon.colcon_core.verb:set package 'testbed_navigation' build argument 'cmake_args' from command line to 'None'
[0.218s] Level 5:colcon.colcon_core.verb:set package 'testbed_navigation' build argument 'cmake_target' from command line to 'None'
[0.218s] Level 5:colcon.colcon_core.verb:set package 'testbed_navigation' build argument 'cmake_target_skip_unavailable' from command line to 'False'
[0.218s] Level 5:colcon.colcon_core.verb:set package 'testbed_navigation' build argument 'cmake_clean_cache' from command line to 'False'
[0.218s] Level 5:colcon.colcon_core.verb:set package 'testbed_navigation' build argument 'cmake_clean_first' from command line to 'False'
[0.218s] Level 5:colcon.colcon_core.verb:set package 'testbed_navigation' build argument 'cmake_force_configure' from command line to 'False'
[0.218s] Level 5:colcon.colcon_core.verb:set package 'testbed_navigation' build argument 'ament_cmake_args' from command line to 'None'
[0.218s] Level 5:colcon.colcon_core.verb:set package 'testbed_navigation' build argument 'catkin_cmake_args' from command line to 'None'
[0.218s] Level 5:colcon.colcon_core.verb:set package 'testbed_navigation' build argument 'catkin_skip_building_tests' from command line to 'False'
[0.218s] DEBUG:colcon.colcon_core.verb:Building package 'testbed_navigation' with the following arguments: {'ament_cmake_args': None, 'build_base': '/home/harry/assignment_ws/build/testbed_navigation', 'catkin_cmake_args': None, 'catkin_skip_building_tests': False, 'cmake_args': None, 'cmake_clean_cache': False, 'cmake_clean_first': False, 'cmake_force_configure': False, 'cmake_target': None, 'cmake_target_skip_unavailable': False, 'install_base': '/home/harry/assignment_ws/install/testbed_navigation', 'merge_install': False, 'path': '/home/harry/assignment_ws/src/testbed_navigation', 'symlink_install': True, 'test_result_base': None}
[0.218s] Level 5:colcon.colcon_core.verb:set package 'testbed_gazebo' build argument 'cmake_args' from command line to 'None'
[0.218s] Level 5:colcon.colcon_core.verb:set package 'testbed_gazebo' build argument 'cmake_target' from command line to 'None'
[0.218s] Level 5:colcon.colcon_core.verb:set package 'testbed_gazebo' build argument 'cmake_target_skip_unavailable' from command line to 'False'
[0.218s] Level 5:colcon.colcon_core.verb:set package 'testbed_gazebo' build argument 'cmake_clean_cache' from command line to 'False'
[0.218s] Level 5:colcon.colcon_core.verb:set package 'testbed_gazebo' build argument 'cmake_clean_first' from command line to 'False'
[0.218s] Level 5:colcon.colcon_core.verb:set package 'testbed_gazebo' build argument 'cmake_force_configure' from command line to 'False'
[0.218s] Level 5:colcon.colcon_core.verb:set package 'testbed_gazebo' build argument 'ament_cmake_args' from command line to 'None'
[0.218s] Level 5:colcon.colcon_core.verb:set package 'testbed_gazebo' build argument 'catkin_cmake_args' from command line to 'None'
[0.218s] Level 5:colcon.colcon_core.verb:set package 'testbed_gazebo' build argument 'catkin_skip_building_tests' from command line to 'False'
[0.218s] DEBUG:colcon.colcon_core.verb:Building package 'testbed_gazebo' with the following arguments: {'ament_cmake_args': None, 'build_base': '/home/harry/assignment_ws/build/testbed_gazebo', 'catkin_cmake_args': None, 'catkin_skip_building_tests': False, 'cmake_args': None, 'cmake_clean_cache': False, 'cmake_clean_first': False, 'cmake_force_configure': False, 'cmake_target': None, 'cmake_target_skip_unavailable': False, 'install_base': '/home/harry/assignment_ws/install/testbed_gazebo', 'merge_install': False, 'path': '/home/harry/assignment_ws/src/l1-harryparikh/testbed_gazebo', 'symlink_install': True, 'test_result_base': None}
[0.218s] INFO:colcon.colcon_core.executor:Executing jobs using 'parallel' executor
[0.219s] DEBUG:colcon.colcon_parallel_executor.executor.parallel:run_until_complete
[0.219s] INFO:colcon.colcon_ros.task.ament_cmake.build:Building ROS package in '/home/harry/assignment_ws/src/l1-harryparikh/testbed_description' with build type 'ament_cmake'
[0.220s] INFO:colcon.colcon_cmake.task.cmake.build:Building CMake package in '/home/harry/assignment_ws/src/l1-harryparikh/testbed_description'
[0.221s] INFO:colcon.colcon_core.plugin_system:Skipping extension 'colcon_core.shell.bat': Not used on non-Windows systems
[0.221s] INFO:colcon.colcon_core.shell:Skip shell extension 'powershell' for command environment: Not usable outside of PowerShell
[0.221s] DEBUG:colcon.colcon_core.shell:Skip shell extension 'dsv' for command environment
[0.224s] INFO:colcon.colcon_ros.task.ament_cmake.build:Building ROS package in '/home/harry/assignment_ws/src/l1-harryparikh/testbed_bringup' with build type 'ament_cmake'
[0.224s] INFO:colcon.colcon_cmake.task.cmake.build:Building CMake package in '/home/harry/assignment_ws/src/l1-harryparikh/testbed_bringup'
[0.224s] INFO:colcon.colcon_core.shell:Skip shell extension 'powershell' for command environment: Not usable outside of PowerShell
[0.224s] DEBUG:colcon.colcon_core.shell:Skip shell extension 'dsv' for command environment
[0.227s] INFO:colcon.colcon_ros.task.ament_cmake.build:Building ROS package in '/home/harry/assignment_ws/src/testbed_navigation' with build type 'ament_cmake'
[0.227s] INFO:colcon.colcon_cmake.task.cmake.build:Building CMake package in '/home/harry/assignment_ws/src/testbed_navigation'
[0.227s] INFO:colcon.colcon_core.shell:Skip shell extension 'powershell' for command environment: Not usable outside of PowerShell
[0.227s] DEBUG:colcon.colcon_core.shell:Skip shell extension 'dsv' for command environment
[0.233s] DEBUG:colcon.colcon_core.event_handler.log_command:Invoking command in '/home/harry/assignment_ws/build/testbed_description': CMAKE_PREFIX_PATH=${CMAKE_PREFIX_PATH}:/opt/ros/humble /usr/bin/cmake --build /home/harry/assignment_ws/build/testbed_description -- -j28 -l28
[0.235s] DEBUG:colcon.colcon_core.event_handler.log_command:Invoking command in '/home/harry/assignment_ws/build/testbed_bringup': CMAKE_PREFIX_PATH=${CMAKE_PREFIX_PATH}:/opt/ros/humble /usr/bin/cmake --build /home/harry/assignment_ws/build/testbed_bringup -- -j28 -l28
[0.238s] DEBUG:colcon.colcon_core.event_handler.log_command:Invoking command in '/home/harry/assignment_ws/build/testbed_navigation': CMAKE_PREFIX_PATH=${CMAKE_PREFIX_PATH}:/opt/ros/humble /usr/bin/cmake --build /home/harry/assignment_ws/build/testbed_navigation -- -j28 -l28
[0.266s] DEBUG:colcon.colcon_core.event_handler.log_command:Invoked command in '/home/harry/assignment_ws/build/testbed_description' returned '0': CMAKE_PREFIX_PATH=${CMAKE_PREFIX_PATH}:/opt/ros/humble /usr/bin/cmake --build /home/harry/assignment_ws/build/testbed_description -- -j28 -l28
[0.275s] DEBUG:colcon.colcon_core.event_handler.log_command:Invoking command in '/home/harry/assignment_ws/build/testbed_description': CMAKE_PREFIX_PATH=${CMAKE_PREFIX_PATH}:/opt/ros/humble /usr/bin/cmake --install /home/harry/assignment_ws/build/testbed_description
[0.278s] DEBUG:colcon.colcon_core.event_handler.log_command:Invoked command in '/home/harry/assignment_ws/build/testbed_navigation' returned '0': CMAKE_PREFIX_PATH=${CMAKE_PREFIX_PATH}:/opt/ros/humble /usr/bin/cmake --build /home/harry/assignment_ws/build/testbed_navigation -- -j28 -l28
[0.279s] DEBUG:colcon.colcon_core.event_handler.log_command:Invoking command in '/home/harry/assignment_ws/build/testbed_navigation': CMAKE_PREFIX_PATH=${CMAKE_PREFIX_PATH}:/opt/ros/humble /usr/bin/cmake --install /home/harry/assignment_ws/build/testbed_navigation
[0.281s] DEBUG:colcon.colcon_core.event_handler.log_command:Invoked command in '/home/harry/assignment_ws/build/testbed_bringup' returned '0': CMAKE_PREFIX_PATH=${CMAKE_PREFIX_PATH}:/opt/ros/humble /usr/bin/cmake --build /home/harry/assignment_ws/build/testbed_bringup -- -j28 -l28
[0.281s] DEBUG:colcon.colcon_core.event_handler.log_command:Invoking command in '/home/harry/assignment_ws/build/testbed_bringup': CMAKE_PREFIX_PATH=${CMAKE_PREFIX_PATH}:/opt/ros/humble /usr/bin/cmake --install /home/harry/assignment_ws/build/testbed_bringup
[0.294s] Level 1:colcon.colcon_core.environment:create_environment_scripts_only(testbed_description)
[0.294s] DEBUG:colcon.colcon_core.event_handler.log_command:Invoked command in '/home/harry/assignment_ws/build/testbed_description' returned '0': CMAKE_PREFIX_PATH=${CMAKE_PREFIX_PATH}:/opt/ros/humble /usr/bin/cmake --install /home/harry/assignment_ws/build/testbed_description
[0.297s] Level 1:colcon.colcon_core.environment:checking '/home/harry/assignment_ws/install/testbed_description' for CMake module files
[0.297s] Level 1:colcon.colcon_core.environment:checking '/home/harry/assignment_ws/install/testbed_description' for CMake config files
[0.297s] Level 1:colcon.colcon_core.shell:create_environment_hook('testbed_description', 'cmake_prefix_path')
[0.297s] INFO:colcon.colcon_core.shell:Creating environment hook '/home/harry/assignment_ws/install/testbed_description/share/testbed_description/hook/cmake_prefix_path.ps1'
[0.298s] INFO:colcon.colcon_core.shell:Creating environment descriptor '/home/harry/assignment_ws/install/testbed_description/share/testbed_description/hook/cmake_prefix_path.dsv'
[0.298s] INFO:colcon.colcon_core.shell:Creating environment hook '/home/harry/assignment_ws/install/testbed_description/share/testbed_description/hook/cmake_prefix_path.sh'
[0.299s] Level 1:colcon.colcon_core.environment:checking '/home/harry/assignment_ws/install/testbed_description/bin'
[0.299s] Level 1:colcon.colcon_core.environment:checking '/home/harry/assignment_ws/install/testbed_description/lib/pkgconfig/testbed_description.pc'
[0.299s] Level 1:colcon.colcon_core.environment:checking '/home/harry/assignment_ws/install/testbed_description/lib/python3.10/site-packages'
[0.299s] Level 1:colcon.colcon_core.environment:checking '/home/harry/assignment_ws/install/testbed_description/bin'
[0.299s] INFO:colcon.colcon_core.shell:Creating package script '/home/harry/assignment_ws/install/testbed_description/share/testbed_description/package.ps1'
[0.300s] INFO:colcon.colcon_core.shell:Creating package descriptor '/home/harry/assignment_ws/install/testbed_description/share/testbed_description/package.dsv'
[0.300s] INFO:colcon.colcon_core.shell:Creating package script '/home/harry/assignment_ws/install/testbed_description/share/testbed_description/package.sh'
[0.301s] INFO:colcon.colcon_core.shell:Creating package script '/home/harry/assignment_ws/install/testbed_description/share/testbed_description/package.bash'
[0.301s] INFO:colcon.colcon_core.shell:Creating package script '/home/harry/assignment_ws/install/testbed_description/share/testbed_description/package.zsh'
[0.302s] Level 1:colcon.colcon_core.environment:create_file_with_runtime_dependencies(/home/harry/assignment_ws/install/testbed_description/share/colcon-core/packages/testbed_description)
[0.302s] Level 1:colcon.colcon_core.environment:create_environment_scripts_only(testbed_description)
[0.302s] Level 1:colcon.colcon_core.environment:checking '/home/harry/assignment_ws/install/testbed_description' for CMake module files
[0.302s] Level 1:colcon.colcon_core.environment:checking '/home/harry/assignment_ws/install/testbed_description' for CMake config files
[0.303s] Level 1:colcon.colcon_core.shell:create_environment_hook('testbed_description', 'cmake_prefix_path')
[0.303s] INFO:colcon.colcon_core.shell:Creating environment hook '/home/harry/assignment_ws/install/testbed_description/share/testbed_description/hook/cmake_prefix_path.ps1'
[0.303s] INFO:colcon.colcon_core.shell:Creating environment descriptor '/home/harry/assignment_ws/install/testbed_description/share/testbed_description/hook/cmake_prefix_path.dsv'
[0.303s] INFO:colcon.colcon_core.shell:Creating environment hook '/home/harry/assignment_ws/install/testbed_description/share/testbed_description/hook/cmake_prefix_path.sh'
[0.303s] Level 1:colcon.colcon_core.environment:checking '/home/harry/assignment_ws/install/testbed_description/bin'
[0.303s] Level 1:colcon.colcon_core.environment:checking '/home/harry/assignment_ws/install/testbed_description/lib/pkgconfig/testbed_description.pc'
[0.304s] Level 1:colcon.colcon_core.environment:checking '/home/harry/assignment_ws/install/testbed_description/lib/python3.10/site-packages'
[0.304s] Level 1:colcon.colcon_core.environment:checking '/home/harry/assignment_ws/install/testbed_description/bin'
[0.304s] INFO:colcon.colcon_core.shell:Creating package script '/home/harry/assignment_ws/install/testbed_description/share/testbed_description/package.ps1'
[0.304s] INFO:colcon.colcon_core.shell:Creating package descriptor '/home/harry/assignment_ws/install/testbed_description/share/testbed_description/package.dsv'
[0.305s] INFO:colcon.colcon_core.shell:Creating package script '/home/harry/assignment_ws/install/testbed_description/share/testbed_description/package.sh'
[0.305s] INFO:colcon.colcon_core.shell:Creating package script '/home/harry/assignment_ws/install/testbed_description/share/testbed_description/package.bash'
[0.305s] INFO:colcon.colcon_core.shell:Creating package script '/home/harry/assignment_ws/install/testbed_description/share/testbed_description/package.zsh'
[0.305s] Level 1:colcon.colcon_core.environment:create_file_with_runtime_dependencies(/home/harry/assignment_ws/install/testbed_description/share/colcon-core/packages/testbed_description)
[0.306s] INFO:colcon.colcon_ros.task.ament_cmake.build:Building ROS package in '/home/harry/assignment_ws/src/l1-harryparikh/testbed_gazebo' with build type 'ament_cmake'
[0.306s] INFO:colcon.colcon_cmake.task.cmake.build:Building CMake package in '/home/harry/assignment_ws/src/l1-harryparikh/testbed_gazebo'
[0.306s] INFO:colcon.colcon_core.shell:Skip shell extension 'powershell' for command environment: Not usable outside of PowerShell
[0.306s] DEBUG:colcon.colcon_core.shell:Skip shell extension 'dsv' for command environment
[0.310s] Level 1:colcon.colcon_core.environment:create_environment_scripts_only(testbed_navigation)
[0.310s] Level 1:colcon.colcon_core.environment:checking '/home/harry/assignment_ws/install/testbed_navigation' for CMake module files
[0.311s] DEBUG:colcon.colcon_core.event_handler.log_command:Invoked command in '/home/harry/assignment_ws/build/testbed_navigation' returned '0': CMAKE_PREFIX_PATH=${CMAKE_PREFIX_PATH}:/opt/ros/humble /usr/bin/cmake --install /home/harry/assignment_ws/build/testbed_navigation
[0.311s] Level 1:colcon.colcon_core.environment:checking '/home/harry/assignment_ws/install/testbed_navigation' for CMake config files
[0.311s] Level 1:colcon.colcon_core.shell:create_environment_hook('testbed_navigation', 'cmake_prefix_path')
[0.311s] INFO:colcon.colcon_core.shell:Creating environment hook '/home/harry/assignment_ws/install/testbed_navigation/share/testbed_navigation/hook/cmake_prefix_path.ps1'
[0.312s] INFO:colcon.colcon_core.shell:Creating environment descriptor '/home/harry/assignment_ws/install/testbed_navigation/share/testbed_navigation/hook/cmake_prefix_path.dsv'
[0.312s] INFO:colcon.colcon_core.shell:Creating environment hook '/home/harry/assignment_ws/install/testbed_navigation/share/testbed_navigation/hook/cmake_prefix_path.sh'
[0.312s] Level 1:colcon.colcon_core.environment:checking '/home/harry/assignment_ws/install/testbed_navigation/bin'
[0.312s] Level 1:colcon.colcon_core.environment:checking '/home/harry/assignment_ws/install/testbed_navigation/lib/pkgconfig/testbed_navigation.pc'
[0.313s] Level 1:colcon.colcon_core.environment:checking '/home/harry/assignment_ws/install/testbed_navigation/lib/python3.10/site-packages'
[0.313s] Level 1:colcon.colcon_core.environment:checking '/home/harry/assignment_ws/install/testbed_navigation/bin'
[0.313s] INFO:colcon.colcon_core.shell:Creating package script '/home/harry/assignment_ws/install/testbed_navigation/share/testbed_navigation/package.ps1'
[0.313s] INFO:colcon.colcon_core.shell:Creating package descriptor '/home/harry/assignment_ws/install/testbed_navigation/share/testbed_navigation/package.dsv'
[0.313s] INFO:colcon.colcon_core.shell:Creating package script '/home/harry/assignment_ws/install/testbed_navigation/share/testbed_navigation/package.sh'
[0.314s] INFO:colcon.colcon_core.shell:Creating package script '/home/harry/assignment_ws/install/testbed_navigation/share/testbed_navigation/package.bash'
[0.314s] INFO:colcon.colcon_core.shell:Creating package script '/home/harry/assignment_ws/install/testbed_navigation/share/testbed_navigation/package.zsh'
[0.314s] Level 1:colcon.colcon_core.environment:create_file_with_runtime_dependencies(/home/harry/assignment_ws/install/testbed_navigation/share/colcon-core/packages/testbed_navigation)
[0.314s] Level 1:colcon.colcon_core.environment:create_environment_scripts_only(testbed_navigation)
[0.315s] Level 1:colcon.colcon_core.environment:checking '/home/harry/assignment_ws/install/testbed_navigation' for CMake module files
[0.315s] Level 1:colcon.colcon_core.environment:checking '/home/harry/assignment_ws/install/testbed_navigation' for CMake config files
[0.315s] Level 1:colcon.colcon_core.shell:create_environment_hook('testbed_navigation', 'cmake_prefix_path')
[0.315s] INFO:colcon.colcon_core.shell:Creating environment hook '/home/harry/assignment_ws/install/testbed_navigation/share/testbed_navigation/hook/cmake_prefix_path.ps1'
[0.315s] INFO:colcon.colcon_core.shell:Creating environment descriptor '/home/harry/assignment_ws/install/testbed_navigation/share/testbed_navigation/hook/cmake_prefix_path.dsv'
[0.315s] INFO:colcon.colcon_core.shell:Creating environment hook '/home/harry/assignment_ws/install/testbed_navigation/share/testbed_navigation/hook/cmake_prefix_path.sh'
[0.316s] Level 1:colcon.colcon_core.environment:checking '/home/harry/assignment_ws/install/testbed_navigation/bin'
[0.316s] Level 1:colcon.colcon_core.environment:checking '/home/harry/assignment_ws/install/testbed_navigation/lib/pkgconfig/testbed_navigation.pc'
[0.316s] Level 1:colcon.colcon_core.environment:checking '/home/harry/assignment_ws/install/testbed_navigation/lib/python3.10/site-packages'
[0.316s] Level 1:colcon.colcon_core.environment:checking '/home/harry/assignment_ws/install/testbed_navigation/bin'
[0.316s] INFO:colcon.colcon_core.shell:Creating package script '/home/harry/assignment_ws/install/testbed_navigation/share/testbed_navigation/package.ps1'
[0.317s] INFO:colcon.colcon_core.shell:Creating package descriptor '/home/harry/assignment_ws/install/testbed_navigation/share/testbed_navigation/package.dsv'
[0.317s] INFO:colcon.colcon_core.shell:Creating package script '/home/harry/assignment_ws/install/testbed_navigation/share/testbed_navigation/package.sh'
[0.317s] INFO:colcon.colcon_core.shell:Creating package script '/home/harry/assignment_ws/install/testbed_navigation/share/testbed_navigation/package.bash'
[0.317s] INFO:colcon.colcon_core.shell:Creating package script '/home/harry/assignment_ws/install/testbed_navigation/share/testbed_navigation/package.zsh'
[0.318s] Level 1:colcon.colcon_core.environment:create_file_with_runtime_dependencies(/home/harry/assignment_ws/install/testbed_navigation/share/colcon-core/packages/testbed_navigation)
[0.318s] Level 1:colcon.colcon_core.environment:create_environment_scripts_only(testbed_bringup)
[0.319s] Level 1:colcon.colcon_core.environment:checking '/home/harry/assignment_ws/install/testbed_bringup' for CMake module files
[0.319s] DEBUG:colcon.colcon_core.event_handler.log_command:Invoked command in '/home/harry/assignment_ws/build/testbed_bringup' returned '0': CMAKE_PREFIX_PATH=${CMAKE_PREFIX_PATH}:/opt/ros/humble /usr/bin/cmake --install /home/harry/assignment_ws/build/testbed_bringup
[0.319s] Level 1:colcon.colcon_core.environment:checking '/home/harry/assignment_ws/install/testbed_bringup' for CMake config files
[0.319s] Level 1:colcon.colcon_core.shell:create_environment_hook('testbed_bringup', 'cmake_prefix_path')
[0.319s] INFO:colcon.colcon_core.shell:Creating environment hook '/home/harry/assignment_ws/install/testbed_bringup/share/testbed_bringup/hook/cmake_prefix_path.ps1'
[0.320s] INFO:colcon.colcon_core.shell:Creating environment descriptor '/home/harry/assignment_ws/install/testbed_bringup/share/testbed_bringup/hook/cmake_prefix_path.dsv'
[0.320s] INFO:colcon.colcon_core.shell:Creating environment hook '/home/harry/assignment_ws/install/testbed_bringup/share/testbed_bringup/hook/cmake_prefix_path.sh'
[0.320s] Level 1:colcon.colcon_core.environment:checking '/home/harry/assignment_ws/install/testbed_bringup/bin'
[0.320s] Level 1:colcon.colcon_core.environment:checking '/home/harry/assignment_ws/install/testbed_bringup/lib/pkgconfig/testbed_bringup.pc'
[0.320s] Level 1:colcon.colcon_core.environment:checking '/home/harry/assignment_ws/install/testbed_bringup/lib/python3.10/site-packages'
[0.321s] Level 1:colcon.colcon_core.environment:checking '/home/harry/assignment_ws/install/testbed_bringup/bin'
[0.321s] INFO:colcon.colcon_core.shell:Creating package script '/home/harry/assignment_ws/install/testbed_bringup/share/testbed_bringup/package.ps1'
[0.321s] INFO:colcon.colcon_core.shell:Creating package descriptor '/home/harry/assignment_ws/install/testbed_bringup/share/testbed_bringup/package.dsv'
[0.321s] INFO:colcon.colcon_core.shell:Creating package script '/home/harry/assignment_ws/install/testbed_bringup/share/testbed_bringup/package.sh'
[0.322s] INFO:colcon.colcon_core.shell:Creating package script '/home/harry/assignment_ws/install/testbed_bringup/share/testbed_bringup/package.bash'
[0.322s] INFO:colcon.colcon_core.shell:Creating package script '/home/harry/assignment_ws/install/testbed_bringup/share/testbed_bringup/package.zsh'
[0.322s] Level 1:colcon.colcon_core.environment:create_file_with_runtime_dependencies(/home/harry/assignment_ws/install/testbed_bringup/share/colcon-core/packages/testbed_bringup)
[0.322s] Level 1:colcon.colcon_core.environment:create_environment_scripts_only(testbed_bringup)
[0.322s] Level 1:colcon.colcon_core.environment:checking '/home/harry/assignment_ws/install/testbed_bringup' for CMake module files
[0.323s] Level 1:colcon.colcon_core.environment:checking '/home/harry/assignment_ws/install/testbed_bringup' for CMake config files
[0.323s] Level 1:colcon.colcon_core.shell:create_environment_hook('testbed_bringup', 'cmake_prefix_path')
[0.323s] INFO:colcon.colcon_core.shell:Creating environment hook '/home/harry/assignment_ws/install/testbed_bringup/share/testbed_bringup/hook/cmake_prefix_path.ps1'
[0.323s] INFO:colcon.colcon_core.shell:Creating environment descriptor '/home/harry/assignment_ws/install/testbed_bringup/share/testbed_bringup/hook/cmake_prefix_path.dsv'
[0.323s] INFO:colcon.colcon_core.shell:Creating environment hook '/home/harry/assignment_ws/install/testbed_bringup/share/testbed_bringup/hook/cmake_prefix_path.sh'
[0.324s] Level 1:colcon.colcon_core.environment:checking '/home/harry/assignment_ws/install/testbed_bringup/bin'
[0.324s] Level 1:colcon.colcon_core.environment:checking '/home/harry/assignment_ws/install/testbed_bringup/lib/pkgconfig/testbed_bringup.pc'
[0.324s] Level 1:colcon.colcon_core.environment:checking '/home/harry/assignment_ws/install/testbed_bringup/lib/python3.10/site-packages'
[0.324s] Level 1:colcon.colcon_core.environment:checking '/home/harry/assignment_ws/install/testbed_bringup/bin'
[0.324s] INFO:colcon.colcon_core.shell:Creating package script '/home/harry/assignment_ws/install/testbed_bringup/share/testbed_bringup/package.ps1'
[0.324s] INFO:colcon.colcon_core.shell:Creating package descriptor '/home/harry/assignment_ws/install/testbed_bringup/share/testbed_bringup/package.dsv'
[0.325s] INFO:colcon.colcon_core.shell:Creating package script '/home/harry/assignment_ws/install/testbed_bringup/share/testbed_bringup/package.sh'
[0.325s] INFO:colcon.colcon_core.shell:Creating package script '/home/harry/assignment_ws/install/testbed_bringup/share/testbed_bringup/package.bash'
[0.325s] INFO:colcon.colcon_core.shell:Creating package script '/home/harry/assignment_ws/install/testbed_bringup/share/testbed_bringup/package.zsh'
[0.325s] Level 1:colcon.colcon_core.environment:create_file_with_runtime_dependencies(/home/harry/assignment_ws/install/testbed_bringup/share/colcon-core/packages/testbed_bringup)
[0.327s] DEBUG:colcon.colcon_core.event_handler.log_command:Invoking command in '/home/harry/assignment_ws/build/testbed_gazebo': CMAKE_PREFIX_PATH=/home/harry/assignment_ws/install/testbed_description:/home/harry/assignment_ws/install/testbed_navigation:/home/harry/assignment_ws/install/testbed_gazebo:/home/harry/assignment_ws/install/testbed_bringup:/home/harry/turtlebot3_ws/install/turtlebot3_simulations:/home/harry/turtlebot3_ws/install/turtlebot3_manipulation_gazebo:/home/harry/turtlebot3_ws/install/turtlebot3_gazebo:/home/harry/turtlebot3_ws/install/turtlebot3_fake_node:/opt/ros/humble /usr/bin/cmake --build /home/harry/assignment_ws/build/testbed_gazebo -- -j28 -l28
[0.359s] DEBUG:colcon.colcon_core.event_handler.log_command:Invoked command in '/home/harry/assignment_ws/build/testbed_gazebo' returned '0': CMAKE_PREFIX_PATH=/home/harry/assignment_ws/install/testbed_description:/home/harry/assignment_ws/install/testbed_navigation:/home/harry/assignment_ws/install/testbed_gazebo:/home/harry/assignment_ws/install/testbed_bringup:/home/harry/turtlebot3_ws/install/turtlebot3_simulations:/home/harry/turtlebot3_ws/install/turtlebot3_manipulation_gazebo:/home/harry/turtlebot3_ws/install/turtlebot3_gazebo:/home/harry/turtlebot3_ws/install/turtlebot3_fake_node:/opt/ros/humble /usr/bin/cmake --build /home/harry/assignment_ws/build/testbed_gazebo -- -j28 -l28
[0.360s] DEBUG:colcon.colcon_core.event_handler.log_command:Invoking command in '/home/harry/assignment_ws/build/testbed_gazebo': CMAKE_PREFIX_PATH=/home/harry/assignment_ws/install/testbed_description:/home/harry/assignment_ws/install/testbed_navigation:/home/harry/assignment_ws/install/testbed_gazebo:/home/harry/assignment_ws/install/testbed_bringup:/home/harry/turtlebot3_ws/install/turtlebot3_simulations:/home/harry/turtlebot3_ws/install/turtlebot3_manipulation_gazebo:/home/harry/turtlebot3_ws/install/turtlebot3_gazebo:/home/harry/turtlebot3_ws/install/turtlebot3_fake_node:/opt/ros/humble /usr/bin/cmake --install /home/harry/assignment_ws/build/testbed_gazebo
[0.375s] Level 1:colcon.colcon_core.environment:create_environment_scripts_only(testbed_gazebo)
[0.375s] Level 1:colcon.colcon_core.environment:checking '/home/harry/assignment_ws/install/testbed_gazebo' for CMake module files
[0.375s] DEBUG:colcon.colcon_core.event_handler.log_command:Invoked command in '/home/harry/assignment_ws/build/testbed_gazebo' returned '0': CMAKE_PREFIX_PATH=/home/harry/assignment_ws/install/testbed_description:/home/harry/assignment_ws/install/testbed_navigation:/home/harry/assignment_ws/install/testbed_gazebo:/home/harry/assignment_ws/install/testbed_bringup:/home/harry/turtlebot3_ws/install/turtlebot3_simulations:/home/harry/turtlebot3_ws/install/turtlebot3_manipulation_gazebo:/home/harry/turtlebot3_ws/install/turtlebot3_gazebo:/home/harry/turtlebot3_ws/install/turtlebot3_fake_node:/opt/ros/humble /usr/bin/cmake --install /home/harry/assignment_ws/build/testbed_gazebo
[0.376s] Level 1:colcon.colcon_core.environment:checking '/home/harry/assignment_ws/install/testbed_gazebo' for CMake config files
[0.377s] Level 1:colcon.colcon_core.shell:create_environment_hook('testbed_gazebo', 'cmake_prefix_path')
[0.377s] INFO:colcon.colcon_core.shell:Creating environment hook '/home/harry/assignment_ws/install/testbed_gazebo/share/testbed_gazebo/hook/cmake_prefix_path.ps1'
[0.377s] INFO:colcon.colcon_core.shell:Creating environment descriptor '/home/harry/assignment_ws/install/testbed_gazebo/share/testbed_gazebo/hook/cmake_prefix_path.dsv'
[0.378s] INFO:colcon.colcon_core.shell:Creating environment hook '/home/harry/assignment_ws/install/testbed_gazebo/share/testbed_gazebo/hook/cmake_prefix_path.sh'
[0.378s] Level 1:colcon.colcon_core.environment:checking '/home/harry/assignment_ws/install/testbed_gazebo/bin'
[0.378s] Level 1:colcon.colcon_core.environment:checking '/home/harry/assignment_ws/install/testbed_gazebo/lib/pkgconfig/testbed_gazebo.pc'
[0.378s] Level 1:colcon.colcon_core.environment:checking '/home/harry/assignment_ws/install/testbed_gazebo/lib/python3.10/site-packages'
[0.378s] Level 1:colcon.colcon_core.environment:checking '/home/harry/assignment_ws/install/testbed_gazebo/bin'
[0.379s] INFO:colcon.colcon_core.shell:Creating package script '/home/harry/assignment_ws/install/testbed_gazebo/share/testbed_gazebo/package.ps1'
[0.379s] INFO:colcon.colcon_core.shell:Creating package descriptor '/home/harry/assignment_ws/install/testbed_gazebo/share/testbed_gazebo/package.dsv'
[0.379s] INFO:colcon.colcon_core.shell:Creating package script '/home/harry/assignment_ws/install/testbed_gazebo/share/testbed_gazebo/package.sh'
[0.379s] INFO:colcon.colcon_core.shell:Creating package script '/home/harry/assignment_ws/install/testbed_gazebo/share/testbed_gazebo/package.bash'
[0.380s] INFO:colcon.colcon_core.shell:Creating package script '/home/harry/assignment_ws/install/testbed_gazebo/share/testbed_gazebo/package.zsh'
[0.380s] Level 1:colcon.colcon_core.environment:create_file_with_runtime_dependencies(/home/harry/assignment_ws/install/testbed_gazebo/share/colcon-core/packages/testbed_gazebo)
[0.380s] Level 1:colcon.colcon_core.environment:create_environment_scripts_only(testbed_gazebo)
[0.380s] Level 1:colcon.colcon_core.environment:checking '/home/harry/assignment_ws/install/testbed_gazebo' for CMake module files
[0.380s] Level 1:colcon.colcon_core.environment:checking '/home/harry/assignment_ws/install/testbed_gazebo' for CMake config files
[0.381s] Level 1:colcon.colcon_core.shell:create_environment_hook('testbed_gazebo', 'cmake_prefix_path')
[0.381s] INFO:colcon.colcon_core.shell:Creating environment hook '/home/harry/assignment_ws/install/testbed_gazebo/share/testbed_gazebo/hook/cmake_prefix_path.ps1'
[0.381s] INFO:colcon.colcon_core.shell:Creating environment descriptor '/home/harry/assignment_ws/install/testbed_gazebo/share/testbed_gazebo/hook/cmake_prefix_path.dsv'
[0.381s] INFO:colcon.colcon_core.shell:Creating environment hook '/home/harry/assignment_ws/install/testbed_gazebo/share/testbed_gazebo/hook/cmake_prefix_path.sh'
[0.382s] Level 1:colcon.colcon_core.environment:checking '/home/harry/assignment_ws/install/testbed_gazebo/bin'
[0.382s] Level 1:colcon.colcon_core.environment:checking '/home/harry/assignment_ws/install/testbed_gazebo/lib/pkgconfig/testbed_gazebo.pc'
[0.382s] Level 1:colcon.colcon_core.environment:checking '/home/harry/assignment_ws/install/testbed_gazebo/lib/python3.10/site-packages'
[0.382s] Level 1:colcon.colcon_core.environment:checking '/home/harry/assignment_ws/install/testbed_gazebo/bin'
[0.382s] INFO:colcon.colcon_core.shell:Creating package script '/home/harry/assignment_ws/install/testbed_gazebo/share/testbed_gazebo/package.ps1'
[0.382s] INFO:colcon.colcon_core.shell:Creating package descriptor '/home/harry/assignment_ws/install/testbed_gazebo/share/testbed_gazebo/package.dsv'
[0.383s] INFO:colcon.colcon_core.shell:Creating package script '/home/harry/assignment_ws/install/testbed_gazebo/share/testbed_gazebo/package.sh'
[0.383s] INFO:colcon.colcon_core.shell:Creating package script '/home/harry/assignment_ws/install/testbed_gazebo/share/testbed_gazebo/package.bash'
[0.383s] INFO:colcon.colcon_core.shell:Creating package script '/home/harry/assignment_ws/install/testbed_gazebo/share/testbed_gazebo/package.zsh'
[0.384s] Level 1:colcon.colcon_core.environment:create_file_with_runtime_dependencies(/home/harry/assignment_ws/install/testbed_gazebo/share/colcon-core/packages/testbed_gazebo)
[0.384s] DEBUG:colcon.colcon_parallel_executor.executor.parallel:closing loop
[0.384s] DEBUG:colcon.colcon_parallel_executor.executor.parallel:loop closed
[0.384s] DEBUG:colcon.colcon_parallel_executor.executor.parallel:run_until_complete finished with '0'
[0.384s] DEBUG:colcon.colcon_core.event_reactor:joining thread
[0.387s] INFO:colcon.colcon_core.plugin_system:Skipping extension 'colcon_notification.desktop_notification.terminal_notifier': Not used on non-Darwin systems
[0.387s] INFO:colcon.colcon_core.plugin_system:Skipping extension 'colcon_notification.desktop_notification.win32': Not used on non-Windows systems
[0.387s] INFO:colcon.colcon_notification.desktop_notification:Sending desktop notification using 'notify2'
[0.394s] DEBUG:colcon.colcon_core.event_reactor:joined thread
[0.395s] INFO:colcon.colcon_core.shell:Creating prefix script '/home/harry/assignment_ws/install/local_setup.ps1'
[0.395s] INFO:colcon.colcon_core.shell:Creating prefix util module '/home/harry/assignment_ws/install/_local_setup_util_ps1.py'
[0.396s] INFO:colcon.colcon_core.shell:Creating prefix chain script '/home/harry/assignment_ws/install/setup.ps1'
[0.396s] INFO:colcon.colcon_core.shell:Creating prefix script '/home/harry/assignment_ws/install/local_setup.sh'
[0.397s] INFO:colcon.colcon_core.shell:Creating prefix util module '/home/harry/assignment_ws/install/_local_setup_util_sh.py'
[0.397s] INFO:colcon.colcon_core.shell:Creating prefix chain script '/home/harry/assignment_ws/install/setup.sh'
[0.398s] INFO:colcon.colcon_core.shell:Creating prefix script '/home/harry/assignment_ws/install/local_setup.bash'
[0.398s] INFO:colcon.colcon_core.shell:Creating prefix chain script '/home/harry/assignment_ws/install/setup.bash'
[0.399s] INFO:colcon.colcon_core.shell:Creating prefix script '/home/harry/assignment_ws/install/local_setup.zsh'
[0.399s] INFO:colcon.colcon_core.shell:Creating prefix chain script '/home/harry/assignment_ws/install/setup.zsh'
