[0.054s] DEBUG:colcon:Command line arguments: ['/usr/bin/colcon', 'build', '--symlink-install']
[0.054s] DEBUG:colcon:Parsed command line arguments: Namespace(log_base=None, log_level=None, verb_name='build', build_base='build', install_base='install', merge_install=False, symlink_install=True, test_result_base=None, continue_on_error=False, executor='parallel', parallel_workers=28, event_handlers=None, ignore_user_meta=False, metas=['./colcon.meta'], base_paths=['.'], packages_ignore=None, packages_ignore_regex=None, paths=None, packages_up_to=None, packages_up_to_regex=None, packages_above=None, packages_above_and_dependencies=None, packages_above_depth=None, packages_select_by_dep=None, packages_skip_by_dep=None, packages_skip_up_to=None, packages_select_build_failed=False, packages_skip_build_finished=False, packages_select_test_failures=False, packages_skip_test_passed=False, packages_select=None, packages_skip=None, packages_select_regex=None, packages_skip_regex=None, packages_start=None, packages_end=None, allow_overriding=[], cmake_args=None, cmake_target=None, cmake_target_skip_unavailable=False, cmake_clean_cache=False, cmake_clean_first=False, cmake_force_configure=False, ament_cmake_args=None, catkin_cmake_args=None, catkin_skip_building_tests=False, mixin_files=None, mixin=None, verb_parser=<colcon_mixin.mixin.mixin_argument.MixinArgumentDecorator object at 0x7d9922c772e0>, verb_extension=<colcon_core.verb.build.BuildVerb object at 0x7d9922c76c50>, main=<bound method BuildVerb.main of <colcon_core.verb.build.BuildVerb object at 0x7d9922c76c50>>, mixin_verb=('build',))
[0.135s] Level 1:colcon.colcon_core.package_discovery:discover_packages(colcon_meta) check parameters
[0.135s] Level 1:colcon.colcon_core.package_discovery:discover_packages(recursive) check parameters
[0.135s] Level 1:colcon.colcon_core.package_discovery:discover_packages(ignore) check parameters
[0.135s] Level 1:colcon.colcon_core.package_discovery:discover_packages(path) check parameters
[0.135s] Level 1:colcon.colcon_core.package_discovery:discover_packages(colcon_meta) discover
[0.135s] Level 1:colcon.colcon_core.package_discovery:discover_packages(recursive) discover
[0.135s] INFO:colcon.colcon_core.package_discovery:Crawling recursively for packages in '/home/harry/assignment_ws/src/l1-harryparikh'
[0.135s] Level 1:colcon.colcon_core.package_identification:_identify(.) by extensions ['ignore', 'ignore_ament_install']
[0.135s] Level 1:colcon.colcon_core.package_identification:_identify(.) by extension 'ignore'
[0.135s] Level 1:colcon.colcon_core.package_identification:_identify(.) by extension 'ignore_ament_install'
[0.135s] Level 1:colcon.colcon_core.package_identification:_identify(.) by extensions ['colcon_pkg']
[0.135s] Level 1:colcon.colcon_core.package_identification:_identify(.) by extension 'colcon_pkg'
[0.135s] Level 1:colcon.colcon_core.package_identification:_identify(.) by extensions ['colcon_meta']
[0.135s] Level 1:colcon.colcon_core.package_identification:_identify(.) by extension 'colcon_meta'
[0.135s] Level 1:colcon.colcon_core.package_identification:_identify(.) by extensions ['ros']
[0.135s] Level 1:colcon.colcon_core.package_identification:_identify(.) by extension 'ros'
[0.144s] Level 1:colcon.colcon_core.package_identification:_identify(.) by extensions ['cmake', 'python']
[0.144s] Level 1:colcon.colcon_core.package_identification:_identify(.) by extension 'cmake'
[0.144s] Level 1:colcon.colcon_core.package_identification:_identify(.) by extension 'python'
[0.144s] Level 1:colcon.colcon_core.package_identification:_identify(.) by extensions ['python_setup_py']
[0.144s] Level 1:colcon.colcon_core.package_identification:_identify(.) by extension 'python_setup_py'
[0.144s] Level 1:colcon.colcon_core.package_identification:_identify(build) by extensions ['ignore', 'ignore_ament_install']
[0.144s] Level 1:colcon.colcon_core.package_identification:_identify(build) by extension 'ignore'
[0.144s] Level 1:colcon.colcon_core.package_identification:_identify(build) ignored
[0.144s] Level 1:colcon.colcon_core.package_identification:_identify(install) by extensions ['ignore', 'ignore_ament_install']
[0.144s] Level 1:colcon.colcon_core.package_identification:_identify(install) by extension 'ignore'
[0.144s] Level 1:colcon.colcon_core.package_identification:_identify(install) ignored
[0.144s] Level 1:colcon.colcon_core.package_identification:_identify(log) by extensions ['ignore', 'ignore_ament_install']
[0.144s] Level 1:colcon.colcon_core.package_identification:_identify(log) by extension 'ignore'
[0.144s] Level 1:colcon.colcon_core.package_identification:_identify(log) ignored
[0.145s] Level 1:colcon.colcon_core.package_identification:_identify(testbed_bringup) by extensions ['ignore', 'ignore_ament_install']
[0.145s] Level 1:colcon.colcon_core.package_identification:_identify(testbed_bringup) by extension 'ignore'
[0.145s] Level 1:colcon.colcon_core.package_identification:_identify(testbed_bringup) by extension 'ignore_ament_install'
[0.145s] Level 1:colcon.colcon_core.package_identification:_identify(testbed_bringup) by extensions ['colcon_pkg']
[0.145s] Level 1:colcon.colcon_core.package_identification:_identify(testbed_bringup) by extension 'colcon_pkg'
[0.145s] Level 1:colcon.colcon_core.package_identification:_identify(testbed_bringup) by extensions ['colcon_meta']
[0.145s] Level 1:colcon.colcon_core.package_identification:_identify(testbed_bringup) by extension 'colcon_meta'
[0.145s] Level 1:colcon.colcon_core.package_identification:_identify(testbed_bringup) by extensions ['ros']
[0.145s] Level 1:colcon.colcon_core.package_identification:_identify(testbed_bringup) by extension 'ros'
[0.146s] DEBUG:colcon.colcon_core.package_identification:Package 'testbed_bringup' with type 'ros.ament_cmake' and name 'testbed_bringup'
[0.146s] Level 1:colcon.colcon_core.package_identification:_identify(testbed_description) by extensions ['ignore', 'ignore_ament_install']
[0.146s] Level 1:colcon.colcon_core.package_identification:_identify(testbed_description) by extension 'ignore'
[0.146s] Level 1:colcon.colcon_core.package_identification:_identify(testbed_description) by extension 'ignore_ament_install'
[0.146s] Level 1:colcon.colcon_core.package_identification:_identify(testbed_description) by extensions ['colcon_pkg']
[0.146s] Level 1:colcon.colcon_core.package_identification:_identify(testbed_description) by extension 'colcon_pkg'
[0.146s] Level 1:colcon.colcon_core.package_identification:_identify(testbed_description) by extensions ['colcon_meta']
[0.146s] Level 1:colcon.colcon_core.package_identification:_identify(testbed_description) by extension 'colcon_meta'
[0.146s] Level 1:colcon.colcon_core.package_identification:_identify(testbed_description) by extensions ['ros']
[0.146s] Level 1:colcon.colcon_core.package_identification:_identify(testbed_description) by extension 'ros'
[0.146s] DEBUG:colcon.colcon_core.package_identification:Package 'testbed_description' with type 'ros.ament_cmake' and name 'testbed_description'
[0.146s] Level 1:colcon.colcon_core.package_identification:_identify(testbed_gazebo) by extensions ['ignore', 'ignore_ament_install']
[0.146s] Level 1:colcon.colcon_core.package_identification:_identify(testbed_gazebo) by extension 'ignore'
[0.146s] Level 1:colcon.colcon_core.package_identification:_identify(testbed_gazebo) by extension 'ignore_ament_install'
[0.146s] Level 1:colcon.colcon_core.package_identification:_identify(testbed_gazebo) by extensions ['colcon_pkg']
[0.146s] Level 1:colcon.colcon_core.package_identification:_identify(testbed_gazebo) by extension 'colcon_pkg'
[0.146s] Level 1:colcon.colcon_core.package_identification:_identify(testbed_gazebo) by extensions ['colcon_meta']
[0.146s] Level 1:colcon.colcon_core.package_identification:_identify(testbed_gazebo) by extension 'colcon_meta'
[0.146s] Level 1:colcon.colcon_core.package_identification:_identify(testbed_gazebo) by extensions ['ros']
[0.146s] Level 1:colcon.colcon_core.package_identification:_identify(testbed_gazebo) by extension 'ros'
[0.147s] DEBUG:colcon.colcon_core.package_identification:Package 'testbed_gazebo' with type 'ros.ament_cmake' and name 'testbed_gazebo'
[0.147s] Level 1:colcon.colcon_core.package_discovery:discover_packages(recursive) using defaults
[0.147s] Level 1:colcon.colcon_core.package_discovery:discover_packages(ignore) discover
[0.147s] Level 1:colcon.colcon_core.package_discovery:discover_packages(ignore) using defaults
[0.147s] Level 1:colcon.colcon_core.package_discovery:discover_packages(path) discover
[0.147s] Level 1:colcon.colcon_core.package_discovery:discover_packages(path) using defaults
[0.156s] Level 1:colcon.colcon_core.package_discovery:discover_packages(prefix_path) check parameters
[0.156s] Level 1:colcon.colcon_core.package_discovery:discover_packages(prefix_path) discover
[0.156s] WARNING:colcon.colcon_core.prefix_path.colcon:The path '/home/harry/Documents/ERIC/l1-harryparikh-main/install' in the environment variable COLCON_PREFIX_PATH doesn't exist
[0.156s] WARNING:colcon.colcon_ros.prefix_path.ament:The path '/home/harry/Documents/ERIC/l1-harryparikh-main/install/testbed_gazebo' in the environment variable AMENT_PREFIX_PATH doesn't exist
[0.156s] WARNING:colcon.colcon_ros.prefix_path.ament:The path '/home/harry/Documents/ERIC/l1-harryparikh-main/install/testbed_description' in the environment variable AMENT_PREFIX_PATH doesn't exist
[0.156s] WARNING:colcon.colcon_ros.prefix_path.ament:The path '/home/harry/Documents/ERIC/l1-harryparikh-main/install/testbed_bringup' in the environment variable AMENT_PREFIX_PATH doesn't exist
[0.156s] WARNING:colcon.colcon_ros.prefix_path.catkin:The path '/home/harry/Documents/ERIC/l1-harryparikh-main/install/testbed_gazebo' in the environment variable CMAKE_PREFIX_PATH doesn't exist
[0.157s] WARNING:colcon.colcon_ros.prefix_path.catkin:The path '/home/harry/Documents/ERIC/l1-harryparikh-main/install/testbed_description' in the environment variable CMAKE_PREFIX_PATH doesn't exist
[0.157s] WARNING:colcon.colcon_ros.prefix_path.catkin:The path '/home/harry/Documents/ERIC/l1-harryparikh-main/install/testbed_bringup' in the environment variable CMAKE_PREFIX_PATH doesn't exist
[0.157s] DEBUG:colcon.colcon_installed_package_information.package_discovery:Found 4 installed packages in /home/harry/turtlebot3_ws/install
[0.158s] DEBUG:colcon.colcon_installed_package_information.package_discovery:Found 473 installed packages in /opt/ros/humble
[0.159s] Level 1:colcon.colcon_core.package_discovery:discover_packages(prefix_path) using defaults
[0.184s] Level 5:colcon.colcon_core.verb:set package 'testbed_bringup' build argument 'cmake_args' from command line to 'None'
[0.184s] Level 5:colcon.colcon_core.verb:set package 'testbed_bringup' build argument 'cmake_target' from command line to 'None'
[0.184s] Level 5:colcon.colcon_core.verb:set package 'testbed_bringup' build argument 'cmake_target_skip_unavailable' from command line to 'False'
[0.184s] Level 5:colcon.colcon_core.verb:set package 'testbed_bringup' build argument 'cmake_clean_cache' from command line to 'False'
[0.184s] Level 5:colcon.colcon_core.verb:set package 'testbed_bringup' build argument 'cmake_clean_first' from command line to 'False'
[0.184s] Level 5:colcon.colcon_core.verb:set package 'testbed_bringup' build argument 'cmake_force_configure' from command line to 'False'
[0.184s] Level 5:colcon.colcon_core.verb:set package 'testbed_bringup' build argument 'ament_cmake_args' from command line to 'None'
[0.184s] Level 5:colcon.colcon_core.verb:set package 'testbed_bringup' build argument 'catkin_cmake_args' from command line to 'None'
[0.184s] Level 5:colcon.colcon_core.verb:set package 'testbed_bringup' build argument 'catkin_skip_building_tests' from command line to 'False'
[0.184s] DEBUG:colcon.colcon_core.verb:Building package 'testbed_bringup' with the following arguments: {'ament_cmake_args': None, 'build_base': '/home/harry/assignment_ws/src/l1-harryparikh/build/testbed_bringup', 'catkin_cmake_args': None, 'catkin_skip_building_tests': False, 'cmake_args': None, 'cmake_clean_cache': False, 'cmake_clean_first': False, 'cmake_force_configure': False, 'cmake_target': None, 'cmake_target_skip_unavailable': False, 'install_base': '/home/harry/assignment_ws/src/l1-harryparikh/install/testbed_bringup', 'merge_install': False, 'path': '/home/harry/assignment_ws/src/l1-harryparikh/testbed_bringup', 'symlink_install': True, 'test_result_base': None}
[0.185s] Level 5:colcon.colcon_core.verb:set package 'testbed_description' build argument 'cmake_args' from command line to 'None'
[0.185s] Level 5:colcon.colcon_core.verb:set package 'testbed_description' build argument 'cmake_target' from command line to 'None'
[0.185s] Level 5:colcon.colcon_core.verb:set package 'testbed_description' build argument 'cmake_target_skip_unavailable' from command line to 'False'
[0.185s] Level 5:colcon.colcon_core.verb:set package 'testbed_description' build argument 'cmake_clean_cache' from command line to 'False'
[0.185s] Level 5:colcon.colcon_core.verb:set package 'testbed_description' build argument 'cmake_clean_first' from command line to 'False'
[0.185s] Level 5:colcon.colcon_core.verb:set package 'testbed_description' build argument 'cmake_force_configure' from command line to 'False'
[0.185s] Level 5:colcon.colcon_core.verb:set package 'testbed_description' build argument 'ament_cmake_args' from command line to 'None'
[0.185s] Level 5:colcon.colcon_core.verb:set package 'testbed_description' build argument 'catkin_cmake_args' from command line to 'None'
[0.185s] Level 5:colcon.colcon_core.verb:set package 'testbed_description' build argument 'catkin_skip_building_tests' from command line to 'False'
[0.185s] DEBUG:colcon.colcon_core.verb:Building package 'testbed_description' with the following arguments: {'ament_cmake_args': None, 'build_base': '/home/harry/assignment_ws/src/l1-harryparikh/build/testbed_description', 'catkin_cmake_args': None, 'catkin_skip_building_tests': False, 'cmake_args': None, 'cmake_clean_cache': False, 'cmake_clean_first': False, 'cmake_force_configure': False, 'cmake_target': None, 'cmake_target_skip_unavailable': False, 'install_base': '/home/harry/assignment_ws/src/l1-harryparikh/install/testbed_description', 'merge_install': False, 'path': '/home/harry/assignment_ws/src/l1-harryparikh/testbed_description', 'symlink_install': True, 'test_result_base': None}
[0.185s] Level 5:colcon.colcon_core.verb:set package 'testbed_gazebo' build argument 'cmake_args' from command line to 'None'
[0.185s] Level 5:colcon.colcon_core.verb:set package 'testbed_gazebo' build argument 'cmake_target' from command line to 'None'
[0.185s] Level 5:colcon.colcon_core.verb:set package 'testbed_gazebo' build argument 'cmake_target_skip_unavailable' from command line to 'False'
[0.185s] Level 5:colcon.colcon_core.verb:set package 'testbed_gazebo' build argument 'cmake_clean_cache' from command line to 'False'
[0.185s] Level 5:colcon.colcon_core.verb:set package 'testbed_gazebo' build argument 'cmake_clean_first' from command line to 'False'
[0.185s] Level 5:colcon.colcon_core.verb:set package 'testbed_gazebo' build argument 'cmake_force_configure' from command line to 'False'
[0.185s] Level 5:colcon.colcon_core.verb:set package 'testbed_gazebo' build argument 'ament_cmake_args' from command line to 'None'
[0.185s] Level 5:colcon.colcon_core.verb:set package 'testbed_gazebo' build argument 'catkin_cmake_args' from command line to 'None'
[0.185s] Level 5:colcon.colcon_core.verb:set package 'testbed_gazebo' build argument 'catkin_skip_building_tests' from command line to 'False'
[0.185s] DEBUG:colcon.colcon_core.verb:Building package 'testbed_gazebo' with the following arguments: {'ament_cmake_args': None, 'build_base': '/home/harry/assignment_ws/src/l1-harryparikh/build/testbed_gazebo', 'catkin_cmake_args': None, 'catkin_skip_building_tests': False, 'cmake_args': None, 'cmake_clean_cache': False, 'cmake_clean_first': False, 'cmake_force_configure': False, 'cmake_target': None, 'cmake_target_skip_unavailable': False, 'install_base': '/home/harry/assignment_ws/src/l1-harryparikh/install/testbed_gazebo', 'merge_install': False, 'path': '/home/harry/assignment_ws/src/l1-harryparikh/testbed_gazebo', 'symlink_install': True, 'test_result_base': None}
[0.185s] INFO:colcon.colcon_core.executor:Executing jobs using 'parallel' executor
[0.186s] DEBUG:colcon.colcon_parallel_executor.executor.parallel:run_until_complete
[0.186s] INFO:colcon.colcon_ros.task.ament_cmake.build:Building ROS package in '/home/harry/assignment_ws/src/l1-harryparikh/testbed_description' with build type 'ament_cmake'
[0.186s] INFO:colcon.colcon_cmake.task.cmake.build:Building CMake package in '/home/harry/assignment_ws/src/l1-harryparikh/testbed_description'
[0.187s] INFO:colcon.colcon_core.plugin_system:Skipping extension 'colcon_core.shell.bat': Not used on non-Windows systems
[0.187s] INFO:colcon.colcon_core.shell:Skip shell extension 'powershell' for command environment: Not usable outside of PowerShell
[0.187s] DEBUG:colcon.colcon_core.shell:Skip shell extension 'dsv' for command environment
[0.190s] INFO:colcon.colcon_ros.task.ament_cmake.build:Building ROS package in '/home/harry/assignment_ws/src/l1-harryparikh/testbed_bringup' with build type 'ament_cmake'
[0.190s] INFO:colcon.colcon_cmake.task.cmake.build:Building CMake package in '/home/harry/assignment_ws/src/l1-harryparikh/testbed_bringup'
[0.190s] INFO:colcon.colcon_core.shell:Skip shell extension 'powershell' for command environment: Not usable outside of PowerShell
[0.190s] DEBUG:colcon.colcon_core.shell:Skip shell extension 'dsv' for command environment
[0.196s] DEBUG:colcon.colcon_core.event_handler.log_command:Invoking command in '/home/harry/assignment_ws/src/l1-harryparikh/build/testbed_description': CMAKE_PREFIX_PATH=${CMAKE_PREFIX_PATH}:/opt/ros/humble /usr/bin/cmake /home/harry/assignment_ws/src/l1-harryparikh/testbed_description -DAMENT_CMAKE_SYMLINK_INSTALL=1 -DCMAKE_INSTALL_PREFIX=/home/harry/assignment_ws/src/l1-harryparikh/install/testbed_description
[0.197s] DEBUG:colcon.colcon_core.event_handler.log_command:Invoking command in '/home/harry/assignment_ws/src/l1-harryparikh/build/testbed_bringup': CMAKE_PREFIX_PATH=${CMAKE_PREFIX_PATH}:/opt/ros/humble /usr/bin/cmake /home/harry/assignment_ws/src/l1-harryparikh/testbed_bringup -DAMENT_CMAKE_SYMLINK_INSTALL=1 -DCMAKE_INSTALL_PREFIX=/home/harry/assignment_ws/src/l1-harryparikh/install/testbed_bringup
[0.591s] DEBUG:colcon.colcon_core.event_handler.log_command:Invoked command in '/home/harry/assignment_ws/src/l1-harryparikh/build/testbed_bringup' returned '0': CMAKE_PREFIX_PATH=${CMAKE_PREFIX_PATH}:/opt/ros/humble /usr/bin/cmake /home/harry/assignment_ws/src/l1-harryparikh/testbed_bringup -DAMENT_CMAKE_SYMLINK_INSTALL=1 -DCMAKE_INSTALL_PREFIX=/home/harry/assignment_ws/src/l1-harryparikh/install/testbed_bringup
[0.591s] DEBUG:colcon.colcon_core.event_handler.log_command:Invoking command in '/home/harry/assignment_ws/src/l1-harryparikh/build/testbed_bringup': CMAKE_PREFIX_PATH=${CMAKE_PREFIX_PATH}:/opt/ros/humble /usr/bin/cmake --build /home/harry/assignment_ws/src/l1-harryparikh/build/testbed_bringup -- -j28 -l28
[0.605s] DEBUG:colcon.colcon_core.event_handler.log_command:Invoked command in '/home/harry/assignment_ws/src/l1-harryparikh/build/testbed_description' returned '0': CMAKE_PREFIX_PATH=${CMAKE_PREFIX_PATH}:/opt/ros/humble /usr/bin/cmake /home/harry/assignment_ws/src/l1-harryparikh/testbed_description -DAMENT_CMAKE_SYMLINK_INSTALL=1 -DCMAKE_INSTALL_PREFIX=/home/harry/assignment_ws/src/l1-harryparikh/install/testbed_description
[0.605s] DEBUG:colcon.colcon_core.event_handler.log_command:Invoking command in '/home/harry/assignment_ws/src/l1-harryparikh/build/testbed_description': CMAKE_PREFIX_PATH=${CMAKE_PREFIX_PATH}:/opt/ros/humble /usr/bin/cmake --build /home/harry/assignment_ws/src/l1-harryparikh/build/testbed_description -- -j28 -l28
[0.620s] DEBUG:colcon.colcon_core.event_handler.log_command:Invoked command in '/home/harry/assignment_ws/src/l1-harryparikh/build/testbed_bringup' returned '0': CMAKE_PREFIX_PATH=${CMAKE_PREFIX_PATH}:/opt/ros/humble /usr/bin/cmake --build /home/harry/assignment_ws/src/l1-harryparikh/build/testbed_bringup -- -j28 -l28
[0.626s] DEBUG:colcon.colcon_core.event_handler.log_command:Invoking command in '/home/harry/assignment_ws/src/l1-harryparikh/build/testbed_bringup': CMAKE_PREFIX_PATH=${CMAKE_PREFIX_PATH}:/opt/ros/humble /usr/bin/cmake --install /home/harry/assignment_ws/src/l1-harryparikh/build/testbed_bringup
[0.634s] DEBUG:colcon.colcon_core.event_handler.log_command:Invoked command in '/home/harry/assignment_ws/src/l1-harryparikh/build/testbed_description' returned '0': CMAKE_PREFIX_PATH=${CMAKE_PREFIX_PATH}:/opt/ros/humble /usr/bin/cmake --build /home/harry/assignment_ws/src/l1-harryparikh/build/testbed_description -- -j28 -l28
[0.635s] DEBUG:colcon.colcon_core.event_handler.log_command:Invoking command in '/home/harry/assignment_ws/src/l1-harryparikh/build/testbed_description': CMAKE_PREFIX_PATH=${CMAKE_PREFIX_PATH}:/opt/ros/humble /usr/bin/cmake --install /home/harry/assignment_ws/src/l1-harryparikh/build/testbed_description
[0.722s] Level 1:colcon.colcon_core.environment:create_environment_scripts_only(testbed_bringup)
[0.723s] DEBUG:colcon.colcon_core.event_handler.log_command:Invoked command in '/home/harry/assignment_ws/src/l1-harryparikh/build/testbed_bringup' returned '0': CMAKE_PREFIX_PATH=${CMAKE_PREFIX_PATH}:/opt/ros/humble /usr/bin/cmake --install /home/harry/assignment_ws/src/l1-harryparikh/build/testbed_bringup
[0.724s] Level 1:colcon.colcon_core.environment:checking '/home/harry/assignment_ws/src/l1-harryparikh/install/testbed_bringup' for CMake module files
[0.725s] Level 1:colcon.colcon_core.environment:checking '/home/harry/assignment_ws/src/l1-harryparikh/install/testbed_bringup' for CMake config files
[0.725s] Level 1:colcon.colcon_core.shell:create_environment_hook('testbed_bringup', 'cmake_prefix_path')
[0.725s] INFO:colcon.colcon_core.shell:Creating environment hook '/home/harry/assignment_ws/src/l1-harryparikh/install/testbed_bringup/share/testbed_bringup/hook/cmake_prefix_path.ps1'
[0.726s] INFO:colcon.colcon_core.shell:Creating environment descriptor '/home/harry/assignment_ws/src/l1-harryparikh/install/testbed_bringup/share/testbed_bringup/hook/cmake_prefix_path.dsv'
[0.726s] INFO:colcon.colcon_core.shell:Creating environment hook '/home/harry/assignment_ws/src/l1-harryparikh/install/testbed_bringup/share/testbed_bringup/hook/cmake_prefix_path.sh'
[0.726s] Level 1:colcon.colcon_core.environment:checking '/home/harry/assignment_ws/src/l1-harryparikh/install/testbed_bringup/bin'
[0.726s] Level 1:colcon.colcon_core.environment:checking '/home/harry/assignment_ws/src/l1-harryparikh/install/testbed_bringup/lib/pkgconfig/testbed_bringup.pc'
[0.726s] Level 1:colcon.colcon_core.environment:checking '/home/harry/assignment_ws/src/l1-harryparikh/install/testbed_bringup/lib/python3.10/site-packages'
[0.726s] Level 1:colcon.colcon_core.environment:checking '/home/harry/assignment_ws/src/l1-harryparikh/install/testbed_bringup/bin'
[0.727s] INFO:colcon.colcon_core.shell:Creating package script '/home/harry/assignment_ws/src/l1-harryparikh/install/testbed_bringup/share/testbed_bringup/package.ps1'
[0.727s] INFO:colcon.colcon_core.shell:Creating package descriptor '/home/harry/assignment_ws/src/l1-harryparikh/install/testbed_bringup/share/testbed_bringup/package.dsv'
[0.727s] INFO:colcon.colcon_core.shell:Creating package script '/home/harry/assignment_ws/src/l1-harryparikh/install/testbed_bringup/share/testbed_bringup/package.sh'
[0.728s] INFO:colcon.colcon_core.shell:Creating package script '/home/harry/assignment_ws/src/l1-harryparikh/install/testbed_bringup/share/testbed_bringup/package.bash'
[0.728s] INFO:colcon.colcon_core.shell:Creating package script '/home/harry/assignment_ws/src/l1-harryparikh/install/testbed_bringup/share/testbed_bringup/package.zsh'
[0.728s] Level 1:colcon.colcon_core.environment:create_file_with_runtime_dependencies(/home/harry/assignment_ws/src/l1-harryparikh/install/testbed_bringup/share/colcon-core/packages/testbed_bringup)
[0.728s] Level 1:colcon.colcon_core.environment:create_environment_scripts_only(testbed_bringup)
[0.729s] Level 1:colcon.colcon_core.environment:checking '/home/harry/assignment_ws/src/l1-harryparikh/install/testbed_bringup' for CMake module files
[0.729s] Level 1:colcon.colcon_core.environment:checking '/home/harry/assignment_ws/src/l1-harryparikh/install/testbed_bringup' for CMake config files
[0.729s] Level 1:colcon.colcon_core.shell:create_environment_hook('testbed_bringup', 'cmake_prefix_path')
[0.729s] INFO:colcon.colcon_core.shell:Creating environment hook '/home/harry/assignment_ws/src/l1-harryparikh/install/testbed_bringup/share/testbed_bringup/hook/cmake_prefix_path.ps1'
[0.729s] INFO:colcon.colcon_core.shell:Creating environment descriptor '/home/harry/assignment_ws/src/l1-harryparikh/install/testbed_bringup/share/testbed_bringup/hook/cmake_prefix_path.dsv'
[0.729s] INFO:colcon.colcon_core.shell:Creating environment hook '/home/harry/assignment_ws/src/l1-harryparikh/install/testbed_bringup/share/testbed_bringup/hook/cmake_prefix_path.sh'
[0.730s] Level 1:colcon.colcon_core.environment:checking '/home/harry/assignment_ws/src/l1-harryparikh/install/testbed_bringup/bin'
[0.730s] Level 1:colcon.colcon_core.environment:checking '/home/harry/assignment_ws/src/l1-harryparikh/install/testbed_bringup/lib/pkgconfig/testbed_bringup.pc'
[0.730s] Level 1:colcon.colcon_core.environment:checking '/home/harry/assignment_ws/src/l1-harryparikh/install/testbed_bringup/lib/python3.10/site-packages'
[0.730s] Level 1:colcon.colcon_core.environment:checking '/home/harry/assignment_ws/src/l1-harryparikh/install/testbed_bringup/bin'
[0.730s] INFO:colcon.colcon_core.shell:Creating package script '/home/harry/assignment_ws/src/l1-harryparikh/install/testbed_bringup/share/testbed_bringup/package.ps1'
[0.730s] INFO:colcon.colcon_core.shell:Creating package descriptor '/home/harry/assignment_ws/src/l1-harryparikh/install/testbed_bringup/share/testbed_bringup/package.dsv'
[0.730s] INFO:colcon.colcon_core.shell:Creating package script '/home/harry/assignment_ws/src/l1-harryparikh/install/testbed_bringup/share/testbed_bringup/package.sh'
[0.731s] INFO:colcon.colcon_core.shell:Creating package script '/home/harry/assignment_ws/src/l1-harryparikh/install/testbed_bringup/share/testbed_bringup/package.bash'
[0.731s] INFO:colcon.colcon_core.shell:Creating package script '/home/harry/assignment_ws/src/l1-harryparikh/install/testbed_bringup/share/testbed_bringup/package.zsh'
[0.731s] Level 1:colcon.colcon_core.environment:create_file_with_runtime_dependencies(/home/harry/assignment_ws/src/l1-harryparikh/install/testbed_bringup/share/colcon-core/packages/testbed_bringup)
[0.829s] Level 1:colcon.colcon_core.environment:create_environment_scripts_only(testbed_description)
[0.829s] Level 1:colcon.colcon_core.environment:checking '/home/harry/assignment_ws/src/l1-harryparikh/install/testbed_description' for CMake module files
[0.829s] DEBUG:colcon.colcon_core.event_handler.log_command:Invoked command in '/home/harry/assignment_ws/src/l1-harryparikh/build/testbed_description' returned '0': CMAKE_PREFIX_PATH=${CMAKE_PREFIX_PATH}:/opt/ros/humble /usr/bin/cmake --install /home/harry/assignment_ws/src/l1-harryparikh/build/testbed_description
[0.829s] Level 1:colcon.colcon_core.environment:checking '/home/harry/assignment_ws/src/l1-harryparikh/install/testbed_description' for CMake config files
[0.829s] Level 1:colcon.colcon_core.shell:create_environment_hook('testbed_description', 'cmake_prefix_path')
[0.830s] INFO:colcon.colcon_core.shell:Creating environment hook '/home/harry/assignment_ws/src/l1-harryparikh/install/testbed_description/share/testbed_description/hook/cmake_prefix_path.ps1'
[0.830s] INFO:colcon.colcon_core.shell:Creating environment descriptor '/home/harry/assignment_ws/src/l1-harryparikh/install/testbed_description/share/testbed_description/hook/cmake_prefix_path.dsv'
[0.830s] INFO:colcon.colcon_core.shell:Creating environment hook '/home/harry/assignment_ws/src/l1-harryparikh/install/testbed_description/share/testbed_description/hook/cmake_prefix_path.sh'
[0.830s] Level 1:colcon.colcon_core.environment:checking '/home/harry/assignment_ws/src/l1-harryparikh/install/testbed_description/bin'
[0.830s] Level 1:colcon.colcon_core.environment:checking '/home/harry/assignment_ws/src/l1-harryparikh/install/testbed_description/lib/pkgconfig/testbed_description.pc'
[0.830s] Level 1:colcon.colcon_core.environment:checking '/home/harry/assignment_ws/src/l1-harryparikh/install/testbed_description/lib/python3.10/site-packages'
[0.830s] Level 1:colcon.colcon_core.environment:checking '/home/harry/assignment_ws/src/l1-harryparikh/install/testbed_description/bin'
[0.831s] INFO:colcon.colcon_core.shell:Creating package script '/home/harry/assignment_ws/src/l1-harryparikh/install/testbed_description/share/testbed_description/package.ps1'
[0.831s] INFO:colcon.colcon_core.shell:Creating package descriptor '/home/harry/assignment_ws/src/l1-harryparikh/install/testbed_description/share/testbed_description/package.dsv'
[0.831s] INFO:colcon.colcon_core.shell:Creating package script '/home/harry/assignment_ws/src/l1-harryparikh/install/testbed_description/share/testbed_description/package.sh'
[0.831s] INFO:colcon.colcon_core.shell:Creating package script '/home/harry/assignment_ws/src/l1-harryparikh/install/testbed_description/share/testbed_description/package.bash'
[0.831s] INFO:colcon.colcon_core.shell:Creating package script '/home/harry/assignment_ws/src/l1-harryparikh/install/testbed_description/share/testbed_description/package.zsh'
[0.831s] Level 1:colcon.colcon_core.environment:create_file_with_runtime_dependencies(/home/harry/assignment_ws/src/l1-harryparikh/install/testbed_description/share/colcon-core/packages/testbed_description)
[0.832s] Level 1:colcon.colcon_core.environment:create_environment_scripts_only(testbed_description)
[0.832s] Level 1:colcon.colcon_core.environment:checking '/home/harry/assignment_ws/src/l1-harryparikh/install/testbed_description' for CMake module files
[0.832s] Level 1:colcon.colcon_core.environment:checking '/home/harry/assignment_ws/src/l1-harryparikh/install/testbed_description' for CMake config files
[0.832s] Level 1:colcon.colcon_core.shell:create_environment_hook('testbed_description', 'cmake_prefix_path')
[0.832s] INFO:colcon.colcon_core.shell:Creating environment hook '/home/harry/assignment_ws/src/l1-harryparikh/install/testbed_description/share/testbed_description/hook/cmake_prefix_path.ps1'
[0.832s] INFO:colcon.colcon_core.shell:Creating environment descriptor '/home/harry/assignment_ws/src/l1-harryparikh/install/testbed_description/share/testbed_description/hook/cmake_prefix_path.dsv'
[0.832s] INFO:colcon.colcon_core.shell:Creating environment hook '/home/harry/assignment_ws/src/l1-harryparikh/install/testbed_description/share/testbed_description/hook/cmake_prefix_path.sh'
[0.833s] Level 1:colcon.colcon_core.environment:checking '/home/harry/assignment_ws/src/l1-harryparikh/install/testbed_description/bin'
[0.833s] Level 1:colcon.colcon_core.environment:checking '/home/harry/assignment_ws/src/l1-harryparikh/install/testbed_description/lib/pkgconfig/testbed_description.pc'
[0.833s] Level 1:colcon.colcon_core.environment:checking '/home/harry/assignment_ws/src/l1-harryparikh/install/testbed_description/lib/python3.10/site-packages'
[0.833s] Level 1:colcon.colcon_core.environment:checking '/home/harry/assignment_ws/src/l1-harryparikh/install/testbed_description/bin'
[0.833s] INFO:colcon.colcon_core.shell:Creating package script '/home/harry/assignment_ws/src/l1-harryparikh/install/testbed_description/share/testbed_description/package.ps1'
[0.833s] INFO:colcon.colcon_core.shell:Creating package descriptor '/home/harry/assignment_ws/src/l1-harryparikh/install/testbed_description/share/testbed_description/package.dsv'
[0.833s] INFO:colcon.colcon_core.shell:Creating package script '/home/harry/assignment_ws/src/l1-harryparikh/install/testbed_description/share/testbed_description/package.sh'
[0.834s] INFO:colcon.colcon_core.shell:Creating package script '/home/harry/assignment_ws/src/l1-harryparikh/install/testbed_description/share/testbed_description/package.bash'
[0.834s] INFO:colcon.colcon_core.shell:Creating package script '/home/harry/assignment_ws/src/l1-harryparikh/install/testbed_description/share/testbed_description/package.zsh'
[0.834s] Level 1:colcon.colcon_core.environment:create_file_with_runtime_dependencies(/home/harry/assignment_ws/src/l1-harryparikh/install/testbed_description/share/colcon-core/packages/testbed_description)
[0.834s] INFO:colcon.colcon_ros.task.ament_cmake.build:Building ROS package in '/home/harry/assignment_ws/src/l1-harryparikh/testbed_gazebo' with build type 'ament_cmake'
[0.834s] INFO:colcon.colcon_cmake.task.cmake.build:Building CMake package in '/home/harry/assignment_ws/src/l1-harryparikh/testbed_gazebo'
[0.834s] INFO:colcon.colcon_core.shell:Skip shell extension 'powershell' for command environment: Not usable outside of PowerShell
[0.834s] DEBUG:colcon.colcon_core.shell:Skip shell extension 'dsv' for command environment
[0.841s] DEBUG:colcon.colcon_core.event_handler.log_command:Invoking command in '/home/harry/assignment_ws/src/l1-harryparikh/build/testbed_gazebo': AMENT_PREFIX_PATH=/home/harry/assignment_ws/src/l1-harryparikh/install/testbed_description:${AMENT_PREFIX_PATH} CMAKE_PREFIX_PATH=/home/harry/assignment_ws/src/l1-harryparikh/install/testbed_description:/home/harry/Documents/ERIC/l1-harryparikh-main/install/testbed_gazebo:/home/harry/Documents/ERIC/l1-harryparikh-main/install/testbed_description:/home/harry/Documents/ERIC/l1-harryparikh-main/install/testbed_bringup:/home/harry/turtlebot3_ws/install/turtlebot3_simulations:/home/harry/turtlebot3_ws/install/turtlebot3_manipulation_gazebo:/home/harry/turtlebot3_ws/install/turtlebot3_gazebo:/home/harry/turtlebot3_ws/install/turtlebot3_fake_node:/opt/ros/humble /usr/bin/cmake /home/harry/assignment_ws/src/l1-harryparikh/testbed_gazebo -DAMENT_CMAKE_SYMLINK_INSTALL=1 -DCMAKE_INSTALL_PREFIX=/home/harry/assignment_ws/src/l1-harryparikh/install/testbed_gazebo
[1.233s] DEBUG:colcon.colcon_core.event_handler.log_command:Invoked command in '/home/harry/assignment_ws/src/l1-harryparikh/build/testbed_gazebo' returned '0': AMENT_PREFIX_PATH=/home/harry/assignment_ws/src/l1-harryparikh/install/testbed_description:${AMENT_PREFIX_PATH} CMAKE_PREFIX_PATH=/home/harry/assignment_ws/src/l1-harryparikh/install/testbed_description:/home/harry/Documents/ERIC/l1-harryparikh-main/install/testbed_gazebo:/home/harry/Documents/ERIC/l1-harryparikh-main/install/testbed_description:/home/harry/Documents/ERIC/l1-harryparikh-main/install/testbed_bringup:/home/harry/turtlebot3_ws/install/turtlebot3_simulations:/home/harry/turtlebot3_ws/install/turtlebot3_manipulation_gazebo:/home/harry/turtlebot3_ws/install/turtlebot3_gazebo:/home/harry/turtlebot3_ws/install/turtlebot3_fake_node:/opt/ros/humble /usr/bin/cmake /home/harry/assignment_ws/src/l1-harryparikh/testbed_gazebo -DAMENT_CMAKE_SYMLINK_INSTALL=1 -DCMAKE_INSTALL_PREFIX=/home/harry/assignment_ws/src/l1-harryparikh/install/testbed_gazebo
[1.234s] DEBUG:colcon.colcon_core.event_handler.log_command:Invoking command in '/home/harry/assignment_ws/src/l1-harryparikh/build/testbed_gazebo': AMENT_PREFIX_PATH=/home/harry/assignment_ws/src/l1-harryparikh/install/testbed_description:${AMENT_PREFIX_PATH} CMAKE_PREFIX_PATH=/home/harry/assignment_ws/src/l1-harryparikh/install/testbed_description:/home/harry/Documents/ERIC/l1-harryparikh-main/install/testbed_gazebo:/home/harry/Documents/ERIC/l1-harryparikh-main/install/testbed_description:/home/harry/Documents/ERIC/l1-harryparikh-main/install/testbed_bringup:/home/harry/turtlebot3_ws/install/turtlebot3_simulations:/home/harry/turtlebot3_ws/install/turtlebot3_manipulation_gazebo:/home/harry/turtlebot3_ws/install/turtlebot3_gazebo:/home/harry/turtlebot3_ws/install/turtlebot3_fake_node:/opt/ros/humble /usr/bin/cmake --build /home/harry/assignment_ws/src/l1-harryparikh/build/testbed_gazebo -- -j28 -l28
[1.261s] DEBUG:colcon.colcon_core.event_handler.log_command:Invoked command in '/home/harry/assignment_ws/src/l1-harryparikh/build/testbed_gazebo' returned '0': AMENT_PREFIX_PATH=/home/harry/assignment_ws/src/l1-harryparikh/install/testbed_description:${AMENT_PREFIX_PATH} CMAKE_PREFIX_PATH=/home/harry/assignment_ws/src/l1-harryparikh/install/testbed_description:/home/harry/Documents/ERIC/l1-harryparikh-main/install/testbed_gazebo:/home/harry/Documents/ERIC/l1-harryparikh-main/install/testbed_description:/home/harry/Documents/ERIC/l1-harryparikh-main/install/testbed_bringup:/home/harry/turtlebot3_ws/install/turtlebot3_simulations:/home/harry/turtlebot3_ws/install/turtlebot3_manipulation_gazebo:/home/harry/turtlebot3_ws/install/turtlebot3_gazebo:/home/harry/turtlebot3_ws/install/turtlebot3_fake_node:/opt/ros/humble /usr/bin/cmake --build /home/harry/assignment_ws/src/l1-harryparikh/build/testbed_gazebo -- -j28 -l28
[1.262s] DEBUG:colcon.colcon_core.event_handler.log_command:Invoking command in '/home/harry/assignment_ws/src/l1-harryparikh/build/testbed_gazebo': AMENT_PREFIX_PATH=/home/harry/assignment_ws/src/l1-harryparikh/install/testbed_description:${AMENT_PREFIX_PATH} CMAKE_PREFIX_PATH=/home/harry/assignment_ws/src/l1-harryparikh/install/testbed_description:/home/harry/Documents/ERIC/l1-harryparikh-main/install/testbed_gazebo:/home/harry/Documents/ERIC/l1-harryparikh-main/install/testbed_description:/home/harry/Documents/ERIC/l1-harryparikh-main/install/testbed_bringup:/home/harry/turtlebot3_ws/install/turtlebot3_simulations:/home/harry/turtlebot3_ws/install/turtlebot3_manipulation_gazebo:/home/harry/turtlebot3_ws/install/turtlebot3_gazebo:/home/harry/turtlebot3_ws/install/turtlebot3_fake_node:/opt/ros/humble /usr/bin/cmake --install /home/harry/assignment_ws/src/l1-harryparikh/build/testbed_gazebo
[1.453s] Level 1:colcon.colcon_core.environment:create_environment_scripts_only(testbed_gazebo)
[1.453s] DEBUG:colcon.colcon_core.event_handler.log_command:Invoked command in '/home/harry/assignment_ws/src/l1-harryparikh/build/testbed_gazebo' returned '0': AMENT_PREFIX_PATH=/home/harry/assignment_ws/src/l1-harryparikh/install/testbed_description:${AMENT_PREFIX_PATH} CMAKE_PREFIX_PATH=/home/harry/assignment_ws/src/l1-harryparikh/install/testbed_description:/home/harry/Documents/ERIC/l1-harryparikh-main/install/testbed_gazebo:/home/harry/Documents/ERIC/l1-harryparikh-main/install/testbed_description:/home/harry/Documents/ERIC/l1-harryparikh-main/install/testbed_bringup:/home/harry/turtlebot3_ws/install/turtlebot3_simulations:/home/harry/turtlebot3_ws/install/turtlebot3_manipulation_gazebo:/home/harry/turtlebot3_ws/install/turtlebot3_gazebo:/home/harry/turtlebot3_ws/install/turtlebot3_fake_node:/opt/ros/humble /usr/bin/cmake --install /home/harry/assignment_ws/src/l1-harryparikh/build/testbed_gazebo
[1.453s] Level 1:colcon.colcon_core.environment:checking '/home/harry/assignment_ws/src/l1-harryparikh/install/testbed_gazebo' for CMake module files
[1.454s] Level 1:colcon.colcon_core.environment:checking '/home/harry/assignment_ws/src/l1-harryparikh/install/testbed_gazebo' for CMake config files
[1.455s] Level 1:colcon.colcon_core.shell:create_environment_hook('testbed_gazebo', 'cmake_prefix_path')
[1.455s] INFO:colcon.colcon_core.shell:Creating environment hook '/home/harry/assignment_ws/src/l1-harryparikh/install/testbed_gazebo/share/testbed_gazebo/hook/cmake_prefix_path.ps1'
[1.455s] INFO:colcon.colcon_core.shell:Creating environment descriptor '/home/harry/assignment_ws/src/l1-harryparikh/install/testbed_gazebo/share/testbed_gazebo/hook/cmake_prefix_path.dsv'
[1.455s] INFO:colcon.colcon_core.shell:Creating environment hook '/home/harry/assignment_ws/src/l1-harryparikh/install/testbed_gazebo/share/testbed_gazebo/hook/cmake_prefix_path.sh'
[1.456s] Level 1:colcon.colcon_core.environment:checking '/home/harry/assignment_ws/src/l1-harryparikh/install/testbed_gazebo/bin'
[1.456s] Level 1:colcon.colcon_core.environment:checking '/home/harry/assignment_ws/src/l1-harryparikh/install/testbed_gazebo/lib/pkgconfig/testbed_gazebo.pc'
[1.456s] Level 1:colcon.colcon_core.environment:checking '/home/harry/assignment_ws/src/l1-harryparikh/install/testbed_gazebo/lib/python3.10/site-packages'
[1.456s] Level 1:colcon.colcon_core.environment:checking '/home/harry/assignment_ws/src/l1-harryparikh/install/testbed_gazebo/bin'
[1.457s] INFO:colcon.colcon_core.shell:Creating package script '/home/harry/assignment_ws/src/l1-harryparikh/install/testbed_gazebo/share/testbed_gazebo/package.ps1'
[1.457s] INFO:colcon.colcon_core.shell:Creating package descriptor '/home/harry/assignment_ws/src/l1-harryparikh/install/testbed_gazebo/share/testbed_gazebo/package.dsv'
[1.457s] INFO:colcon.colcon_core.shell:Creating package script '/home/harry/assignment_ws/src/l1-harryparikh/install/testbed_gazebo/share/testbed_gazebo/package.sh'
[1.457s] INFO:colcon.colcon_core.shell:Creating package script '/home/harry/assignment_ws/src/l1-harryparikh/install/testbed_gazebo/share/testbed_gazebo/package.bash'
[1.457s] INFO:colcon.colcon_core.shell:Creating package script '/home/harry/assignment_ws/src/l1-harryparikh/install/testbed_gazebo/share/testbed_gazebo/package.zsh'
[1.458s] Level 1:colcon.colcon_core.environment:create_file_with_runtime_dependencies(/home/harry/assignment_ws/src/l1-harryparikh/install/testbed_gazebo/share/colcon-core/packages/testbed_gazebo)
[1.458s] Level 1:colcon.colcon_core.environment:create_environment_scripts_only(testbed_gazebo)
[1.458s] Level 1:colcon.colcon_core.environment:checking '/home/harry/assignment_ws/src/l1-harryparikh/install/testbed_gazebo' for CMake module files
[1.458s] Level 1:colcon.colcon_core.environment:checking '/home/harry/assignment_ws/src/l1-harryparikh/install/testbed_gazebo' for CMake config files
[1.458s] Level 1:colcon.colcon_core.shell:create_environment_hook('testbed_gazebo', 'cmake_prefix_path')
[1.458s] INFO:colcon.colcon_core.shell:Creating environment hook '/home/harry/assignment_ws/src/l1-harryparikh/install/testbed_gazebo/share/testbed_gazebo/hook/cmake_prefix_path.ps1'
[1.459s] INFO:colcon.colcon_core.shell:Creating environment descriptor '/home/harry/assignment_ws/src/l1-harryparikh/install/testbed_gazebo/share/testbed_gazebo/hook/cmake_prefix_path.dsv'
[1.459s] INFO:colcon.colcon_core.shell:Creating environment hook '/home/harry/assignment_ws/src/l1-harryparikh/install/testbed_gazebo/share/testbed_gazebo/hook/cmake_prefix_path.sh'
[1.459s] Level 1:colcon.colcon_core.environment:checking '/home/harry/assignment_ws/src/l1-harryparikh/install/testbed_gazebo/bin'
[1.459s] Level 1:colcon.colcon_core.environment:checking '/home/harry/assignment_ws/src/l1-harryparikh/install/testbed_gazebo/lib/pkgconfig/testbed_gazebo.pc'
[1.459s] Level 1:colcon.colcon_core.environment:checking '/home/harry/assignment_ws/src/l1-harryparikh/install/testbed_gazebo/lib/python3.10/site-packages'
[1.459s] Level 1:colcon.colcon_core.environment:checking '/home/harry/assignment_ws/src/l1-harryparikh/install/testbed_gazebo/bin'
[1.459s] INFO:colcon.colcon_core.shell:Creating package script '/home/harry/assignment_ws/src/l1-harryparikh/install/testbed_gazebo/share/testbed_gazebo/package.ps1'
[1.460s] INFO:colcon.colcon_core.shell:Creating package descriptor '/home/harry/assignment_ws/src/l1-harryparikh/install/testbed_gazebo/share/testbed_gazebo/package.dsv'
[1.460s] INFO:colcon.colcon_core.shell:Creating package script '/home/harry/assignment_ws/src/l1-harryparikh/install/testbed_gazebo/share/testbed_gazebo/package.sh'
[1.460s] INFO:colcon.colcon_core.shell:Creating package script '/home/harry/assignment_ws/src/l1-harryparikh/install/testbed_gazebo/share/testbed_gazebo/package.bash'
[1.460s] INFO:colcon.colcon_core.shell:Creating package script '/home/harry/assignment_ws/src/l1-harryparikh/install/testbed_gazebo/share/testbed_gazebo/package.zsh'
[1.460s] Level 1:colcon.colcon_core.environment:create_file_with_runtime_dependencies(/home/harry/assignment_ws/src/l1-harryparikh/install/testbed_gazebo/share/colcon-core/packages/testbed_gazebo)
[1.460s] DEBUG:colcon.colcon_parallel_executor.executor.parallel:closing loop
[1.461s] DEBUG:colcon.colcon_parallel_executor.executor.parallel:loop closed
[1.461s] DEBUG:colcon.colcon_parallel_executor.executor.parallel:run_until_complete finished with '0'
[1.461s] DEBUG:colcon.colcon_core.event_reactor:joining thread
[1.463s] INFO:colcon.colcon_core.plugin_system:Skipping extension 'colcon_notification.desktop_notification.terminal_notifier': Not used on non-Darwin systems
[1.463s] INFO:colcon.colcon_core.plugin_system:Skipping extension 'colcon_notification.desktop_notification.win32': Not used on non-Windows systems
[1.463s] INFO:colcon.colcon_notification.desktop_notification:Sending desktop notification using 'notify2'
[1.471s] DEBUG:colcon.colcon_core.event_reactor:joined thread
[1.472s] INFO:colcon.colcon_core.shell:Creating prefix script '/home/harry/assignment_ws/src/l1-harryparikh/install/local_setup.ps1'
[1.472s] INFO:colcon.colcon_core.shell:Creating prefix util module '/home/harry/assignment_ws/src/l1-harryparikh/install/_local_setup_util_ps1.py'
[1.473s] INFO:colcon.colcon_core.shell:Creating prefix chain script '/home/harry/assignment_ws/src/l1-harryparikh/install/setup.ps1'
[1.473s] INFO:colcon.colcon_core.shell:Creating prefix script '/home/harry/assignment_ws/src/l1-harryparikh/install/local_setup.sh'
[1.473s] INFO:colcon.colcon_core.shell:Creating prefix util module '/home/harry/assignment_ws/src/l1-harryparikh/install/_local_setup_util_sh.py'
[1.474s] INFO:colcon.colcon_core.shell:Creating prefix chain script '/home/harry/assignment_ws/src/l1-harryparikh/install/setup.sh'
[1.474s] INFO:colcon.colcon_core.shell:Creating prefix script '/home/harry/assignment_ws/src/l1-harryparikh/install/local_setup.bash'
[1.474s] INFO:colcon.colcon_core.shell:Creating prefix chain script '/home/harry/assignment_ws/src/l1-harryparikh/install/setup.bash'
[1.475s] INFO:colcon.colcon_core.shell:Creating prefix script '/home/harry/assignment_ws/src/l1-harryparikh/install/local_setup.zsh'
[1.475s] INFO:colcon.colcon_core.shell:Creating prefix chain script '/home/harry/assignment_ws/src/l1-harryparikh/install/setup.zsh'
