[0.051s] DEBUG:colcon:Command line arguments: ['/usr/bin/colcon', 'build', '--symlink-install']
[0.052s] DEBUG:colcon:Parsed command line arguments: Namespace(log_base=None, log_level=None, verb_name='build', build_base='build', install_base='install', merge_install=False, symlink_install=True, test_result_base=None, continue_on_error=False, executor='parallel', parallel_workers=28, event_handlers=None, ignore_user_meta=False, metas=['./colcon.meta'], base_paths=['.'], packages_ignore=None, packages_ignore_regex=None, paths=None, packages_up_to=None, packages_up_to_regex=None, packages_above=None, packages_above_and_dependencies=None, packages_above_depth=None, packages_select_by_dep=None, packages_skip_by_dep=None, packages_skip_up_to=None, packages_select_build_failed=False, packages_skip_build_finished=False, packages_select_test_failures=False, packages_skip_test_passed=False, packages_select=None, packages_skip=None, packages_select_regex=None, packages_skip_regex=None, packages_start=None, packages_end=None, allow_overriding=[], cmake_args=None, cmake_target=None, cmake_target_skip_unavailable=False, cmake_clean_cache=False, cmake_clean_first=False, cmake_force_configure=False, ament_cmake_args=None, catkin_cmake_args=None, catkin_skip_building_tests=False, mixin_files=None, mixin=None, verb_parser=<colcon_mixin.mixin.mixin_argument.MixinArgumentDecorator object at 0x7943d2a1b2e0>, verb_extension=<colcon_core.verb.build.BuildVerb object at 0x7943d2a1ac50>, main=<bound method BuildVerb.main of <colcon_core.verb.build.BuildVerb object at 0x7943d2a1ac50>>, mixin_verb=('build',))
[0.132s] Level 1:colcon.colcon_core.package_discovery:discover_packages(colcon_meta) check parameters
[0.132s] Level 1:colcon.colcon_core.package_discovery:discover_packages(recursive) check parameters
[0.132s] Level 1:colcon.colcon_core.package_discovery:discover_packages(ignore) check parameters
[0.132s] Level 1:colcon.colcon_core.package_discovery:discover_packages(path) check parameters
[0.132s] Level 1:colcon.colcon_core.package_discovery:discover_packages(colcon_meta) discover
[0.132s] Level 1:colcon.colcon_core.package_discovery:discover_packages(recursive) discover
[0.132s] INFO:colcon.colcon_core.package_discovery:Crawling recursively for packages in '/home/harry/assignment_ws'
[0.132s] Level 1:colcon.colcon_core.package_identification:_identify(.) by extensions ['ignore', 'ignore_ament_install']
[0.132s] Level 1:colcon.colcon_core.package_identification:_identify(.) by extension 'ignore'
[0.132s] Level 1:colcon.colcon_core.package_identification:_identify(.) by extension 'ignore_ament_install'
[0.132s] Level 1:colcon.colcon_core.package_identification:_identify(.) by extensions ['colcon_pkg']
[0.132s] Level 1:colcon.colcon_core.package_identification:_identify(.) by extension 'colcon_pkg'
[0.132s] Level 1:colcon.colcon_core.package_identification:_identify(.) by extensions ['colcon_meta']
[0.132s] Level 1:colcon.colcon_core.package_identification:_identify(.) by extension 'colcon_meta'
[0.132s] Level 1:colcon.colcon_core.package_identification:_identify(.) by extensions ['ros']
[0.132s] Level 1:colcon.colcon_core.package_identification:_identify(.) by extension 'ros'
[0.141s] Level 1:colcon.colcon_core.package_identification:_identify(.) by extensions ['cmake', 'python']
[0.141s] Level 1:colcon.colcon_core.package_identification:_identify(.) by extension 'cmake'
[0.141s] Level 1:colcon.colcon_core.package_identification:_identify(.) by extension 'python'
[0.142s] Level 1:colcon.colcon_core.package_identification:_identify(.) by extensions ['python_setup_py']
[0.142s] Level 1:colcon.colcon_core.package_identification:_identify(.) by extension 'python_setup_py'
[0.142s] Level 1:colcon.colcon_core.package_identification:_identify(build) by extensions ['ignore', 'ignore_ament_install']
[0.142s] Level 1:colcon.colcon_core.package_identification:_identify(build) by extension 'ignore'
[0.142s] Level 1:colcon.colcon_core.package_identification:_identify(build) ignored
[0.142s] Level 1:colcon.colcon_core.package_identification:_identify(install) by extensions ['ignore', 'ignore_ament_install']
[0.142s] Level 1:colcon.colcon_core.package_identification:_identify(install) by extension 'ignore'
[0.142s] Level 1:colcon.colcon_core.package_identification:_identify(install) ignored
[0.142s] Level 1:colcon.colcon_core.package_identification:_identify(log) by extensions ['ignore', 'ignore_ament_install']
[0.142s] Level 1:colcon.colcon_core.package_identification:_identify(log) by extension 'ignore'
[0.142s] Level 1:colcon.colcon_core.package_identification:_identify(log) ignored
[0.142s] Level 1:colcon.colcon_core.package_identification:_identify(src) by extensions ['ignore', 'ignore_ament_install']
[0.142s] Level 1:colcon.colcon_core.package_identification:_identify(src) by extension 'ignore'
[0.142s] Level 1:colcon.colcon_core.package_identification:_identify(src) by extension 'ignore_ament_install'
[0.142s] Level 1:colcon.colcon_core.package_identification:_identify(src) by extensions ['colcon_pkg']
[0.142s] Level 1:colcon.colcon_core.package_identification:_identify(src) by extension 'colcon_pkg'
[0.142s] Level 1:colcon.colcon_core.package_identification:_identify(src) by extensions ['colcon_meta']
[0.142s] Level 1:colcon.colcon_core.package_identification:_identify(src) by extension 'colcon_meta'
[0.142s] Level 1:colcon.colcon_core.package_identification:_identify(src) by extensions ['ros']
[0.142s] Level 1:colcon.colcon_core.package_identification:_identify(src) by extension 'ros'
[0.142s] Level 1:colcon.colcon_core.package_identification:_identify(src) by extensions ['cmake', 'python']
[0.142s] Level 1:colcon.colcon_core.package_identification:_identify(src) by extension 'cmake'
[0.142s] Level 1:colcon.colcon_core.package_identification:_identify(src) by extension 'python'
[0.142s] Level 1:colcon.colcon_core.package_identification:_identify(src) by extensions ['python_setup_py']
[0.142s] Level 1:colcon.colcon_core.package_identification:_identify(src) by extension 'python_setup_py'
[0.142s] Level 1:colcon.colcon_core.package_identification:_identify(src/l1-harryparikh) by extensions ['ignore', 'ignore_ament_install']
[0.142s] Level 1:colcon.colcon_core.package_identification:_identify(src/l1-harryparikh) by extension 'ignore'
[0.142s] Level 1:colcon.colcon_core.package_identification:_identify(src/l1-harryparikh) by extension 'ignore_ament_install'
[0.142s] Level 1:colcon.colcon_core.package_identification:_identify(src/l1-harryparikh) by extensions ['colcon_pkg']
[0.142s] Level 1:colcon.colcon_core.package_identification:_identify(src/l1-harryparikh) by extension 'colcon_pkg'
[0.142s] Level 1:colcon.colcon_core.package_identification:_identify(src/l1-harryparikh) by extensions ['colcon_meta']
[0.142s] Level 1:colcon.colcon_core.package_identification:_identify(src/l1-harryparikh) by extension 'colcon_meta'
[0.142s] Level 1:colcon.colcon_core.package_identification:_identify(src/l1-harryparikh) by extensions ['ros']
[0.142s] Level 1:colcon.colcon_core.package_identification:_identify(src/l1-harryparikh) by extension 'ros'
[0.142s] Level 1:colcon.colcon_core.package_identification:_identify(src/l1-harryparikh) by extensions ['cmake', 'python']
[0.142s] Level 1:colcon.colcon_core.package_identification:_identify(src/l1-harryparikh) by extension 'cmake'
[0.142s] Level 1:colcon.colcon_core.package_identification:_identify(src/l1-harryparikh) by extension 'python'
[0.142s] Level 1:colcon.colcon_core.package_identification:_identify(src/l1-harryparikh) by extensions ['python_setup_py']
[0.142s] Level 1:colcon.colcon_core.package_identification:_identify(src/l1-harryparikh) by extension 'python_setup_py'
[0.142s] Level 1:colcon.colcon_core.package_identification:_identify(src/l1-harryparikh/build) by extensions ['ignore', 'ignore_ament_install']
[0.142s] Level 1:colcon.colcon_core.package_identification:_identify(src/l1-harryparikh/build) by extension 'ignore'
[0.142s] Level 1:colcon.colcon_core.package_identification:_identify(src/l1-harryparikh/build) ignored
[0.142s] Level 1:colcon.colcon_core.package_identification:_identify(src/l1-harryparikh/install) by extensions ['ignore', 'ignore_ament_install']
[0.143s] Level 1:colcon.colcon_core.package_identification:_identify(src/l1-harryparikh/install) by extension 'ignore'
[0.143s] Level 1:colcon.colcon_core.package_identification:_identify(src/l1-harryparikh/install) ignored
[0.143s] Level 1:colcon.colcon_core.package_identification:_identify(src/l1-harryparikh/log) by extensions ['ignore', 'ignore_ament_install']
[0.143s] Level 1:colcon.colcon_core.package_identification:_identify(src/l1-harryparikh/log) by extension 'ignore'
[0.143s] Level 1:colcon.colcon_core.package_identification:_identify(src/l1-harryparikh/log) ignored
[0.143s] Level 1:colcon.colcon_core.package_identification:_identify(src/l1-harryparikh/testbed_bringup) by extensions ['ignore', 'ignore_ament_install']
[0.143s] Level 1:colcon.colcon_core.package_identification:_identify(src/l1-harryparikh/testbed_bringup) by extension 'ignore'
[0.143s] Level 1:colcon.colcon_core.package_identification:_identify(src/l1-harryparikh/testbed_bringup) by extension 'ignore_ament_install'
[0.143s] Level 1:colcon.colcon_core.package_identification:_identify(src/l1-harryparikh/testbed_bringup) by extensions ['colcon_pkg']
[0.143s] Level 1:colcon.colcon_core.package_identification:_identify(src/l1-harryparikh/testbed_bringup) by extension 'colcon_pkg'
[0.143s] Level 1:colcon.colcon_core.package_identification:_identify(src/l1-harryparikh/testbed_bringup) by extensions ['colcon_meta']
[0.143s] Level 1:colcon.colcon_core.package_identification:_identify(src/l1-harryparikh/testbed_bringup) by extension 'colcon_meta'
[0.143s] Level 1:colcon.colcon_core.package_identification:_identify(src/l1-harryparikh/testbed_bringup) by extensions ['ros']
[0.143s] Level 1:colcon.colcon_core.package_identification:_identify(src/l1-harryparikh/testbed_bringup) by extension 'ros'
[0.144s] DEBUG:colcon.colcon_core.package_identification:Package 'src/l1-harryparikh/testbed_bringup' with type 'ros.ament_cmake' and name 'testbed_bringup'
[0.144s] Level 1:colcon.colcon_core.package_identification:_identify(src/l1-harryparikh/testbed_description) by extensions ['ignore', 'ignore_ament_install']
[0.144s] Level 1:colcon.colcon_core.package_identification:_identify(src/l1-harryparikh/testbed_description) by extension 'ignore'
[0.144s] Level 1:colcon.colcon_core.package_identification:_identify(src/l1-harryparikh/testbed_description) by extension 'ignore_ament_install'
[0.144s] Level 1:colcon.colcon_core.package_identification:_identify(src/l1-harryparikh/testbed_description) by extensions ['colcon_pkg']
[0.144s] Level 1:colcon.colcon_core.package_identification:_identify(src/l1-harryparikh/testbed_description) by extension 'colcon_pkg'
[0.144s] Level 1:colcon.colcon_core.package_identification:_identify(src/l1-harryparikh/testbed_description) by extensions ['colcon_meta']
[0.144s] Level 1:colcon.colcon_core.package_identification:_identify(src/l1-harryparikh/testbed_description) by extension 'colcon_meta'
[0.144s] Level 1:colcon.colcon_core.package_identification:_identify(src/l1-harryparikh/testbed_description) by extensions ['ros']
[0.144s] Level 1:colcon.colcon_core.package_identification:_identify(src/l1-harryparikh/testbed_description) by extension 'ros'
[0.144s] DEBUG:colcon.colcon_core.package_identification:Package 'src/l1-harryparikh/testbed_description' with type 'ros.ament_cmake' and name 'testbed_description'
[0.144s] Level 1:colcon.colcon_core.package_identification:_identify(src/l1-harryparikh/testbed_gazebo) by extensions ['ignore', 'ignore_ament_install']
[0.144s] Level 1:colcon.colcon_core.package_identification:_identify(src/l1-harryparikh/testbed_gazebo) by extension 'ignore'
[0.144s] Level 1:colcon.colcon_core.package_identification:_identify(src/l1-harryparikh/testbed_gazebo) by extension 'ignore_ament_install'
[0.144s] Level 1:colcon.colcon_core.package_identification:_identify(src/l1-harryparikh/testbed_gazebo) by extensions ['colcon_pkg']
[0.144s] Level 1:colcon.colcon_core.package_identification:_identify(src/l1-harryparikh/testbed_gazebo) by extension 'colcon_pkg'
[0.144s] Level 1:colcon.colcon_core.package_identification:_identify(src/l1-harryparikh/testbed_gazebo) by extensions ['colcon_meta']
[0.145s] Level 1:colcon.colcon_core.package_identification:_identify(src/l1-harryparikh/testbed_gazebo) by extension 'colcon_meta'
[0.145s] Level 1:colcon.colcon_core.package_identification:_identify(src/l1-harryparikh/testbed_gazebo) by extensions ['ros']
[0.145s] Level 1:colcon.colcon_core.package_identification:_identify(src/l1-harryparikh/testbed_gazebo) by extension 'ros'
[0.145s] DEBUG:colcon.colcon_core.package_identification:Package 'src/l1-harryparikh/testbed_gazebo' with type 'ros.ament_cmake' and name 'testbed_gazebo'
[0.145s] Level 1:colcon.colcon_core.package_identification:_identify(src/testbed_navigation) by extensions ['ignore', 'ignore_ament_install']
[0.145s] Level 1:colcon.colcon_core.package_identification:_identify(src/testbed_navigation) by extension 'ignore'
[0.145s] Level 1:colcon.colcon_core.package_identification:_identify(src/testbed_navigation) by extension 'ignore_ament_install'
[0.145s] Level 1:colcon.colcon_core.package_identification:_identify(src/testbed_navigation) by extensions ['colcon_pkg']
[0.145s] Level 1:colcon.colcon_core.package_identification:_identify(src/testbed_navigation) by extension 'colcon_pkg'
[0.145s] Level 1:colcon.colcon_core.package_identification:_identify(src/testbed_navigation) by extensions ['colcon_meta']
[0.145s] Level 1:colcon.colcon_core.package_identification:_identify(src/testbed_navigation) by extension 'colcon_meta'
[0.145s] Level 1:colcon.colcon_core.package_identification:_identify(src/testbed_navigation) by extensions ['ros']
[0.145s] Level 1:colcon.colcon_core.package_identification:_identify(src/testbed_navigation) by extension 'ros'
[0.146s] DEBUG:colcon.colcon_core.package_identification:Package 'src/testbed_navigation' with type 'ros.ament_cmake' and name 'testbed_navigation'
[0.146s] Level 1:colcon.colcon_core.package_discovery:discover_packages(recursive) using defaults
[0.146s] Level 1:colcon.colcon_core.package_discovery:discover_packages(ignore) discover
[0.146s] Level 1:colcon.colcon_core.package_discovery:discover_packages(ignore) using defaults
[0.146s] Level 1:colcon.colcon_core.package_discovery:discover_packages(path) discover
[0.146s] Level 1:colcon.colcon_core.package_discovery:discover_packages(path) using defaults
[0.155s] Level 1:colcon.colcon_core.package_discovery:discover_packages(prefix_path) check parameters
[0.155s] Level 1:colcon.colcon_core.package_discovery:discover_packages(prefix_path) discover
[0.156s] WARNING:colcon.colcon_core.prefix_path.colcon:The path '/home/harry/Documents/ERIC/l1-harryparikh-main/install' in the environment variable COLCON_PREFIX_PATH doesn't exist
[0.156s] WARNING:colcon.colcon_ros.prefix_path.ament:The path '/home/harry/Documents/ERIC/l1-harryparikh-main/install/testbed_gazebo' in the environment variable AMENT_PREFIX_PATH doesn't exist
[0.156s] WARNING:colcon.colcon_ros.prefix_path.ament:The path '/home/harry/Documents/ERIC/l1-harryparikh-main/install/testbed_description' in the environment variable AMENT_PREFIX_PATH doesn't exist
[0.156s] WARNING:colcon.colcon_ros.prefix_path.ament:The path '/home/harry/Documents/ERIC/l1-harryparikh-main/install/testbed_bringup' in the environment variable AMENT_PREFIX_PATH doesn't exist
[0.156s] WARNING:colcon.colcon_ros.prefix_path.catkin:The path '/home/harry/Documents/ERIC/l1-harryparikh-main/install/testbed_gazebo' in the environment variable CMAKE_PREFIX_PATH doesn't exist
[0.156s] WARNING:colcon.colcon_ros.prefix_path.catkin:The path '/home/harry/Documents/ERIC/l1-harryparikh-main/install/testbed_description' in the environment variable CMAKE_PREFIX_PATH doesn't exist
[0.156s] WARNING:colcon.colcon_ros.prefix_path.catkin:The path '/home/harry/Documents/ERIC/l1-harryparikh-main/install/testbed_bringup' in the environment variable CMAKE_PREFIX_PATH doesn't exist
[0.156s] DEBUG:colcon.colcon_installed_package_information.package_discovery:Found 4 installed packages in /home/harry/assignment_ws/install
[0.156s] DEBUG:colcon.colcon_installed_package_information.package_discovery:Found 4 installed packages in /home/harry/turtlebot3_ws/install
[0.157s] DEBUG:colcon.colcon_installed_package_information.package_discovery:Found 473 installed packages in /opt/ros/humble
[0.159s] Level 1:colcon.colcon_core.package_discovery:discover_packages(prefix_path) using defaults
[0.183s] Level 5:colcon.colcon_core.verb:set package 'testbed_bringup' build argument 'cmake_args' from command line to 'None'
[0.183s] Level 5:colcon.colcon_core.verb:set package 'testbed_bringup' build argument 'cmake_target' from command line to 'None'
[0.183s] Level 5:colcon.colcon_core.verb:set package 'testbed_bringup' build argument 'cmake_target_skip_unavailable' from command line to 'False'
[0.183s] Level 5:colcon.colcon_core.verb:set package 'testbed_bringup' build argument 'cmake_clean_cache' from command line to 'False'
[0.183s] Level 5:colcon.colcon_core.verb:set package 'testbed_bringup' build argument 'cmake_clean_first' from command line to 'False'
[0.183s] Level 5:colcon.colcon_core.verb:set package 'testbed_bringup' build argument 'cmake_force_configure' from command line to 'False'
[0.184s] Level 5:colcon.colcon_core.verb:set package 'testbed_bringup' build argument 'ament_cmake_args' from command line to 'None'
[0.184s] Level 5:colcon.colcon_core.verb:set package 'testbed_bringup' build argument 'catkin_cmake_args' from command line to 'None'
[0.184s] Level 5:colcon.colcon_core.verb:set package 'testbed_bringup' build argument 'catkin_skip_building_tests' from command line to 'False'
[0.184s] DEBUG:colcon.colcon_core.verb:Building package 'testbed_bringup' with the following arguments: {'ament_cmake_args': None, 'build_base': '/home/harry/assignment_ws/build/testbed_bringup', 'catkin_cmake_args': None, 'catkin_skip_building_tests': False, 'cmake_args': None, 'cmake_clean_cache': False, 'cmake_clean_first': False, 'cmake_force_configure': False, 'cmake_target': None, 'cmake_target_skip_unavailable': False, 'install_base': '/home/harry/assignment_ws/install/testbed_bringup', 'merge_install': False, 'path': '/home/harry/assignment_ws/src/l1-harryparikh/testbed_bringup', 'symlink_install': True, 'test_result_base': None}
[0.184s] Level 5:colcon.colcon_core.verb:set package 'testbed_description' build argument 'cmake_args' from command line to 'None'
[0.184s] Level 5:colcon.colcon_core.verb:set package 'testbed_description' build argument 'cmake_target' from command line to 'None'
[0.184s] Level 5:colcon.colcon_core.verb:set package 'testbed_description' build argument 'cmake_target_skip_unavailable' from command line to 'False'
[0.184s] Level 5:colcon.colcon_core.verb:set package 'testbed_description' build argument 'cmake_clean_cache' from command line to 'False'
[0.184s] Level 5:colcon.colcon_core.verb:set package 'testbed_description' build argument 'cmake_clean_first' from command line to 'False'
[0.184s] Level 5:colcon.colcon_core.verb:set package 'testbed_description' build argument 'cmake_force_configure' from command line to 'False'
[0.184s] Level 5:colcon.colcon_core.verb:set package 'testbed_description' build argument 'ament_cmake_args' from command line to 'None'
[0.184s] Level 5:colcon.colcon_core.verb:set package 'testbed_description' build argument 'catkin_cmake_args' from command line to 'None'
[0.184s] Level 5:colcon.colcon_core.verb:set package 'testbed_description' build argument 'catkin_skip_building_tests' from command line to 'False'
[0.184s] DEBUG:colcon.colcon_core.verb:Building package 'testbed_description' with the following arguments: {'ament_cmake_args': None, 'build_base': '/home/harry/assignment_ws/build/testbed_description', 'catkin_cmake_args': None, 'catkin_skip_building_tests': False, 'cmake_args': None, 'cmake_clean_cache': False, 'cmake_clean_first': False, 'cmake_force_configure': False, 'cmake_target': None, 'cmake_target_skip_unavailable': False, 'install_base': '/home/harry/assignment_ws/install/testbed_description', 'merge_install': False, 'path': '/home/harry/assignment_ws/src/l1-harryparikh/testbed_description', 'symlink_install': True, 'test_result_base': None}
[0.184s] Level 5:colcon.colcon_core.verb:set package 'testbed_navigation' build argument 'cmake_args' from command line to 'None'
[0.184s] Level 5:colcon.colcon_core.verb:set package 'testbed_navigation' build argument 'cmake_target' from command line to 'None'
[0.184s] Level 5:colcon.colcon_core.verb:set package 'testbed_navigation' build argument 'cmake_target_skip_unavailable' from command line to 'False'
[0.184s] Level 5:colcon.colcon_core.verb:set package 'testbed_navigation' build argument 'cmake_clean_cache' from command line to 'False'
[0.184s] Level 5:colcon.colcon_core.verb:set package 'testbed_navigation' build argument 'cmake_clean_first' from command line to 'False'
[0.184s] Level 5:colcon.colcon_core.verb:set package 'testbed_navigation' build argument 'cmake_force_configure' from command line to 'False'
[0.184s] Level 5:colcon.colcon_core.verb:set package 'testbed_navigation' build argument 'ament_cmake_args' from command line to 'None'
[0.184s] Level 5:colcon.colcon_core.verb:set package 'testbed_navigation' build argument 'catkin_cmake_args' from command line to 'None'
[0.184s] Level 5:colcon.colcon_core.verb:set package 'testbed_navigation' build argument 'catkin_skip_building_tests' from command line to 'False'
[0.184s] DEBUG:colcon.colcon_core.verb:Building package 'testbed_navigation' with the following arguments: {'ament_cmake_args': None, 'build_base': '/home/harry/assignment_ws/build/testbed_navigation', 'catkin_cmake_args': None, 'catkin_skip_building_tests': False, 'cmake_args': None, 'cmake_clean_cache': False, 'cmake_clean_first': False, 'cmake_force_configure': False, 'cmake_target': None, 'cmake_target_skip_unavailable': False, 'install_base': '/home/harry/assignment_ws/install/testbed_navigation', 'merge_install': False, 'path': '/home/harry/assignment_ws/src/testbed_navigation', 'symlink_install': True, 'test_result_base': None}
[0.184s] Level 5:colcon.colcon_core.verb:set package 'testbed_gazebo' build argument 'cmake_args' from command line to 'None'
[0.184s] Level 5:colcon.colcon_core.verb:set package 'testbed_gazebo' build argument 'cmake_target' from command line to 'None'
[0.184s] Level 5:colcon.colcon_core.verb:set package 'testbed_gazebo' build argument 'cmake_target_skip_unavailable' from command line to 'False'
[0.184s] Level 5:colcon.colcon_core.verb:set package 'testbed_gazebo' build argument 'cmake_clean_cache' from command line to 'False'
[0.184s] Level 5:colcon.colcon_core.verb:set package 'testbed_gazebo' build argument 'cmake_clean_first' from command line to 'False'
[0.184s] Level 5:colcon.colcon_core.verb:set package 'testbed_gazebo' build argument 'cmake_force_configure' from command line to 'False'
[0.184s] Level 5:colcon.colcon_core.verb:set package 'testbed_gazebo' build argument 'ament_cmake_args' from command line to 'None'
[0.184s] Level 5:colcon.colcon_core.verb:set package 'testbed_gazebo' build argument 'catkin_cmake_args' from command line to 'None'
[0.184s] Level 5:colcon.colcon_core.verb:set package 'testbed_gazebo' build argument 'catkin_skip_building_tests' from command line to 'False'
[0.184s] DEBUG:colcon.colcon_core.verb:Building package 'testbed_gazebo' with the following arguments: {'ament_cmake_args': None, 'build_base': '/home/harry/assignment_ws/build/testbed_gazebo', 'catkin_cmake_args': None, 'catkin_skip_building_tests': False, 'cmake_args': None, 'cmake_clean_cache': False, 'cmake_clean_first': False, 'cmake_force_configure': False, 'cmake_target': None, 'cmake_target_skip_unavailable': False, 'install_base': '/home/harry/assignment_ws/install/testbed_gazebo', 'merge_install': False, 'path': '/home/harry/assignment_ws/src/l1-harryparikh/testbed_gazebo', 'symlink_install': True, 'test_result_base': None}
[0.184s] INFO:colcon.colcon_core.executor:Executing jobs using 'parallel' executor
[0.186s] DEBUG:colcon.colcon_parallel_executor.executor.parallel:run_until_complete
[0.186s] INFO:colcon.colcon_ros.task.ament_cmake.build:Building ROS package in '/home/harry/assignment_ws/src/l1-harryparikh/testbed_description' with build type 'ament_cmake'
[0.186s] INFO:colcon.colcon_cmake.task.cmake.build:Building CMake package in '/home/harry/assignment_ws/src/l1-harryparikh/testbed_description'
[0.187s] INFO:colcon.colcon_core.plugin_system:Skipping extension 'colcon_core.shell.bat': Not used on non-Windows systems
[0.187s] INFO:colcon.colcon_core.shell:Skip shell extension 'powershell' for command environment: Not usable outside of PowerShell
[0.187s] DEBUG:colcon.colcon_core.shell:Skip shell extension 'dsv' for command environment
[0.190s] INFO:colcon.colcon_ros.task.ament_cmake.build:Building ROS package in '/home/harry/assignment_ws/src/l1-harryparikh/testbed_bringup' with build type 'ament_cmake'
[0.190s] INFO:colcon.colcon_cmake.task.cmake.build:Building CMake package in '/home/harry/assignment_ws/src/l1-harryparikh/testbed_bringup'
[0.190s] INFO:colcon.colcon_core.shell:Skip shell extension 'powershell' for command environment: Not usable outside of PowerShell
[0.190s] DEBUG:colcon.colcon_core.shell:Skip shell extension 'dsv' for command environment
[0.192s] INFO:colcon.colcon_ros.task.ament_cmake.build:Building ROS package in '/home/harry/assignment_ws/src/testbed_navigation' with build type 'ament_cmake'
[0.192s] INFO:colcon.colcon_cmake.task.cmake.build:Building CMake package in '/home/harry/assignment_ws/src/testbed_navigation'
[0.192s] INFO:colcon.colcon_core.shell:Skip shell extension 'powershell' for command environment: Not usable outside of PowerShell
[0.192s] DEBUG:colcon.colcon_core.shell:Skip shell extension 'dsv' for command environment
[0.198s] DEBUG:colcon.colcon_core.event_handler.log_command:Invoking command in '/home/harry/assignment_ws/build/testbed_description': CMAKE_PREFIX_PATH=${CMAKE_PREFIX_PATH}:/opt/ros/humble /usr/bin/cmake /home/harry/assignment_ws/src/l1-harryparikh/testbed_description -DAMENT_CMAKE_SYMLINK_INSTALL=1 -DCMAKE_INSTALL_PREFIX=/home/harry/assignment_ws/install/testbed_description
[0.199s] DEBUG:colcon.colcon_core.event_handler.log_command:Invoking command in '/home/harry/assignment_ws/build/testbed_bringup': CMAKE_PREFIX_PATH=${CMAKE_PREFIX_PATH}:/opt/ros/humble /usr/bin/cmake /home/harry/assignment_ws/src/l1-harryparikh/testbed_bringup -DAMENT_CMAKE_SYMLINK_INSTALL=1 -DCMAKE_INSTALL_PREFIX=/home/harry/assignment_ws/install/testbed_bringup
[0.203s] DEBUG:colcon.colcon_core.event_handler.log_command:Invoking command in '/home/harry/assignment_ws/build/testbed_navigation': CMAKE_PREFIX_PATH=${CMAKE_PREFIX_PATH}:/opt/ros/humble /usr/bin/cmake /home/harry/assignment_ws/src/testbed_navigation -DAMENT_CMAKE_SYMLINK_INSTALL=1 -DCMAKE_INSTALL_PREFIX=/home/harry/assignment_ws/install/testbed_navigation
[0.333s] DEBUG:colcon.colcon_core.event_handler.log_command:Invoked command in '/home/harry/assignment_ws/build/testbed_navigation' returned '0': CMAKE_PREFIX_PATH=${CMAKE_PREFIX_PATH}:/opt/ros/humble /usr/bin/cmake /home/harry/assignment_ws/src/testbed_navigation -DAMENT_CMAKE_SYMLINK_INSTALL=1 -DCMAKE_INSTALL_PREFIX=/home/harry/assignment_ws/install/testbed_navigation
[0.334s] DEBUG:colcon.colcon_core.event_handler.log_command:Invoking command in '/home/harry/assignment_ws/build/testbed_navigation': CMAKE_PREFIX_PATH=${CMAKE_PREFIX_PATH}:/opt/ros/humble /usr/bin/cmake --build /home/harry/assignment_ws/build/testbed_navigation -- -j28 -l28
[0.338s] DEBUG:colcon.colcon_core.event_handler.log_command:Invoked command in '/home/harry/assignment_ws/build/testbed_bringup' returned '0': CMAKE_PREFIX_PATH=${CMAKE_PREFIX_PATH}:/opt/ros/humble /usr/bin/cmake /home/harry/assignment_ws/src/l1-harryparikh/testbed_bringup -DAMENT_CMAKE_SYMLINK_INSTALL=1 -DCMAKE_INSTALL_PREFIX=/home/harry/assignment_ws/install/testbed_bringup
[0.338s] DEBUG:colcon.colcon_core.event_handler.log_command:Invoking command in '/home/harry/assignment_ws/build/testbed_bringup': CMAKE_PREFIX_PATH=${CMAKE_PREFIX_PATH}:/opt/ros/humble /usr/bin/cmake --build /home/harry/assignment_ws/build/testbed_bringup -- -j28 -l28
[0.362s] DEBUG:colcon.colcon_core.event_handler.log_command:Invoked command in '/home/harry/assignment_ws/build/testbed_description' returned '0': CMAKE_PREFIX_PATH=${CMAKE_PREFIX_PATH}:/opt/ros/humble /usr/bin/cmake /home/harry/assignment_ws/src/l1-harryparikh/testbed_description -DAMENT_CMAKE_SYMLINK_INSTALL=1 -DCMAKE_INSTALL_PREFIX=/home/harry/assignment_ws/install/testbed_description
[0.363s] DEBUG:colcon.colcon_core.event_handler.log_command:Invoking command in '/home/harry/assignment_ws/build/testbed_description': CMAKE_PREFIX_PATH=${CMAKE_PREFIX_PATH}:/opt/ros/humble /usr/bin/cmake --build /home/harry/assignment_ws/build/testbed_description -- -j28 -l28
[0.366s] DEBUG:colcon.colcon_core.event_handler.log_command:Invoked command in '/home/harry/assignment_ws/build/testbed_navigation' returned '0': CMAKE_PREFIX_PATH=${CMAKE_PREFIX_PATH}:/opt/ros/humble /usr/bin/cmake --build /home/harry/assignment_ws/build/testbed_navigation -- -j28 -l28
[0.374s] DEBUG:colcon.colcon_core.event_handler.log_command:Invoking command in '/home/harry/assignment_ws/build/testbed_navigation': CMAKE_PREFIX_PATH=${CMAKE_PREFIX_PATH}:/opt/ros/humble /usr/bin/cmake --install /home/harry/assignment_ws/build/testbed_navigation
[0.376s] DEBUG:colcon.colcon_core.event_handler.log_command:Invoked command in '/home/harry/assignment_ws/build/testbed_bringup' returned '0': CMAKE_PREFIX_PATH=${CMAKE_PREFIX_PATH}:/opt/ros/humble /usr/bin/cmake --build /home/harry/assignment_ws/build/testbed_bringup -- -j28 -l28
[0.377s] DEBUG:colcon.colcon_core.event_handler.log_command:Invoking command in '/home/harry/assignment_ws/build/testbed_bringup': CMAKE_PREFIX_PATH=${CMAKE_PREFIX_PATH}:/opt/ros/humble /usr/bin/cmake --install /home/harry/assignment_ws/build/testbed_bringup
[0.390s] Level 1:colcon.colcon_core.environment:create_environment_scripts_only(testbed_navigation)
[0.390s] DEBUG:colcon.colcon_core.event_handler.log_command:Invoked command in '/home/harry/assignment_ws/build/testbed_navigation' returned '0': CMAKE_PREFIX_PATH=${CMAKE_PREFIX_PATH}:/opt/ros/humble /usr/bin/cmake --install /home/harry/assignment_ws/build/testbed_navigation
[0.392s] Level 1:colcon.colcon_core.environment:checking '/home/harry/assignment_ws/install/testbed_navigation' for CMake module files
[0.392s] Level 1:colcon.colcon_core.environment:checking '/home/harry/assignment_ws/install/testbed_navigation' for CMake config files
[0.393s] Level 1:colcon.colcon_core.shell:create_environment_hook('testbed_navigation', 'cmake_prefix_path')
[0.393s] INFO:colcon.colcon_core.shell:Creating environment hook '/home/harry/assignment_ws/install/testbed_navigation/share/testbed_navigation/hook/cmake_prefix_path.ps1'
[0.393s] INFO:colcon.colcon_core.shell:Creating environment descriptor '/home/harry/assignment_ws/install/testbed_navigation/share/testbed_navigation/hook/cmake_prefix_path.dsv'
[0.393s] INFO:colcon.colcon_core.shell:Creating environment hook '/home/harry/assignment_ws/install/testbed_navigation/share/testbed_navigation/hook/cmake_prefix_path.sh'
[0.394s] Level 1:colcon.colcon_core.environment:checking '/home/harry/assignment_ws/install/testbed_navigation/bin'
[0.394s] Level 1:colcon.colcon_core.environment:checking '/home/harry/assignment_ws/install/testbed_navigation/lib/pkgconfig/testbed_navigation.pc'
[0.394s] Level 1:colcon.colcon_core.environment:checking '/home/harry/assignment_ws/install/testbed_navigation/lib/python3.10/site-packages'
[0.394s] Level 1:colcon.colcon_core.environment:checking '/home/harry/assignment_ws/install/testbed_navigation/bin'
[0.394s] INFO:colcon.colcon_core.shell:Creating package script '/home/harry/assignment_ws/install/testbed_navigation/share/testbed_navigation/package.ps1'
[0.395s] INFO:colcon.colcon_core.shell:Creating package descriptor '/home/harry/assignment_ws/install/testbed_navigation/share/testbed_navigation/package.dsv'
[0.395s] INFO:colcon.colcon_core.shell:Creating package script '/home/harry/assignment_ws/install/testbed_navigation/share/testbed_navigation/package.sh'
[0.395s] INFO:colcon.colcon_core.shell:Creating package script '/home/harry/assignment_ws/install/testbed_navigation/share/testbed_navigation/package.bash'
[0.395s] INFO:colcon.colcon_core.shell:Creating package script '/home/harry/assignment_ws/install/testbed_navigation/share/testbed_navigation/package.zsh'
[0.396s] Level 1:colcon.colcon_core.environment:create_file_with_runtime_dependencies(/home/harry/assignment_ws/install/testbed_navigation/share/colcon-core/packages/testbed_navigation)
[0.396s] Level 1:colcon.colcon_core.environment:create_environment_scripts_only(testbed_navigation)
[0.396s] Level 1:colcon.colcon_core.environment:checking '/home/harry/assignment_ws/install/testbed_navigation' for CMake module files
[0.396s] Level 1:colcon.colcon_core.environment:checking '/home/harry/assignment_ws/install/testbed_navigation' for CMake config files
[0.397s] Level 1:colcon.colcon_core.shell:create_environment_hook('testbed_navigation', 'cmake_prefix_path')
[0.397s] INFO:colcon.colcon_core.shell:Creating environment hook '/home/harry/assignment_ws/install/testbed_navigation/share/testbed_navigation/hook/cmake_prefix_path.ps1'
[0.397s] INFO:colcon.colcon_core.shell:Creating environment descriptor '/home/harry/assignment_ws/install/testbed_navigation/share/testbed_navigation/hook/cmake_prefix_path.dsv'
[0.397s] INFO:colcon.colcon_core.shell:Creating environment hook '/home/harry/assignment_ws/install/testbed_navigation/share/testbed_navigation/hook/cmake_prefix_path.sh'
[0.397s] Level 1:colcon.colcon_core.environment:checking '/home/harry/assignment_ws/install/testbed_navigation/bin'
[0.397s] Level 1:colcon.colcon_core.environment:checking '/home/harry/assignment_ws/install/testbed_navigation/lib/pkgconfig/testbed_navigation.pc'
[0.398s] Level 1:colcon.colcon_core.environment:checking '/home/harry/assignment_ws/install/testbed_navigation/lib/python3.10/site-packages'
[0.398s] Level 1:colcon.colcon_core.environment:checking '/home/harry/assignment_ws/install/testbed_navigation/bin'
[0.398s] INFO:colcon.colcon_core.shell:Creating package script '/home/harry/assignment_ws/install/testbed_navigation/share/testbed_navigation/package.ps1'
[0.398s] INFO:colcon.colcon_core.shell:Creating package descriptor '/home/harry/assignment_ws/install/testbed_navigation/share/testbed_navigation/package.dsv'
[0.398s] INFO:colcon.colcon_core.shell:Creating package script '/home/harry/assignment_ws/install/testbed_navigation/share/testbed_navigation/package.sh'
[0.398s] INFO:colcon.colcon_core.shell:Creating package script '/home/harry/assignment_ws/install/testbed_navigation/share/testbed_navigation/package.bash'
[0.399s] INFO:colcon.colcon_core.shell:Creating package script '/home/harry/assignment_ws/install/testbed_navigation/share/testbed_navigation/package.zsh'
[0.399s] Level 1:colcon.colcon_core.environment:create_file_with_runtime_dependencies(/home/harry/assignment_ws/install/testbed_navigation/share/colcon-core/packages/testbed_navigation)
[0.400s] Level 1:colcon.colcon_core.environment:create_environment_scripts_only(testbed_bringup)
[0.400s] Level 1:colcon.colcon_core.environment:checking '/home/harry/assignment_ws/install/testbed_bringup' for CMake module files
[0.401s] DEBUG:colcon.colcon_core.event_handler.log_command:Invoked command in '/home/harry/assignment_ws/build/testbed_bringup' returned '0': CMAKE_PREFIX_PATH=${CMAKE_PREFIX_PATH}:/opt/ros/humble /usr/bin/cmake --install /home/harry/assignment_ws/build/testbed_bringup
[0.402s] Level 1:colcon.colcon_core.environment:checking '/home/harry/assignment_ws/install/testbed_bringup' for CMake config files
[0.402s] Level 1:colcon.colcon_core.shell:create_environment_hook('testbed_bringup', 'cmake_prefix_path')
[0.402s] INFO:colcon.colcon_core.shell:Creating environment hook '/home/harry/assignment_ws/install/testbed_bringup/share/testbed_bringup/hook/cmake_prefix_path.ps1'
[0.402s] INFO:colcon.colcon_core.shell:Creating environment descriptor '/home/harry/assignment_ws/install/testbed_bringup/share/testbed_bringup/hook/cmake_prefix_path.dsv'
[0.403s] INFO:colcon.colcon_core.shell:Creating environment hook '/home/harry/assignment_ws/install/testbed_bringup/share/testbed_bringup/hook/cmake_prefix_path.sh'
[0.403s] Level 1:colcon.colcon_core.environment:checking '/home/harry/assignment_ws/install/testbed_bringup/bin'
[0.403s] Level 1:colcon.colcon_core.environment:checking '/home/harry/assignment_ws/install/testbed_bringup/lib/pkgconfig/testbed_bringup.pc'
[0.403s] Level 1:colcon.colcon_core.environment:checking '/home/harry/assignment_ws/install/testbed_bringup/lib/python3.10/site-packages'
[0.404s] Level 1:colcon.colcon_core.environment:checking '/home/harry/assignment_ws/install/testbed_bringup/bin'
[0.404s] INFO:colcon.colcon_core.shell:Creating package script '/home/harry/assignment_ws/install/testbed_bringup/share/testbed_bringup/package.ps1'
[0.404s] INFO:colcon.colcon_core.shell:Creating package descriptor '/home/harry/assignment_ws/install/testbed_bringup/share/testbed_bringup/package.dsv'
[0.404s] INFO:colcon.colcon_core.shell:Creating package script '/home/harry/assignment_ws/install/testbed_bringup/share/testbed_bringup/package.sh'
[0.405s] INFO:colcon.colcon_core.shell:Creating package script '/home/harry/assignment_ws/install/testbed_bringup/share/testbed_bringup/package.bash'
[0.405s] INFO:colcon.colcon_core.shell:Creating package script '/home/harry/assignment_ws/install/testbed_bringup/share/testbed_bringup/package.zsh'
[0.405s] Level 1:colcon.colcon_core.environment:create_file_with_runtime_dependencies(/home/harry/assignment_ws/install/testbed_bringup/share/colcon-core/packages/testbed_bringup)
[0.405s] Level 1:colcon.colcon_core.environment:create_environment_scripts_only(testbed_bringup)
[0.405s] Level 1:colcon.colcon_core.environment:checking '/home/harry/assignment_ws/install/testbed_bringup' for CMake module files
[0.405s] Level 1:colcon.colcon_core.environment:checking '/home/harry/assignment_ws/install/testbed_bringup' for CMake config files
[0.406s] Level 1:colcon.colcon_core.shell:create_environment_hook('testbed_bringup', 'cmake_prefix_path')
[0.406s] INFO:colcon.colcon_core.shell:Creating environment hook '/home/harry/assignment_ws/install/testbed_bringup/share/testbed_bringup/hook/cmake_prefix_path.ps1'
[0.406s] INFO:colcon.colcon_core.shell:Creating environment descriptor '/home/harry/assignment_ws/install/testbed_bringup/share/testbed_bringup/hook/cmake_prefix_path.dsv'
[0.406s] INFO:colcon.colcon_core.shell:Creating environment hook '/home/harry/assignment_ws/install/testbed_bringup/share/testbed_bringup/hook/cmake_prefix_path.sh'
[0.406s] Level 1:colcon.colcon_core.environment:checking '/home/harry/assignment_ws/install/testbed_bringup/bin'
[0.406s] Level 1:colcon.colcon_core.environment:checking '/home/harry/assignment_ws/install/testbed_bringup/lib/pkgconfig/testbed_bringup.pc'
[0.406s] Level 1:colcon.colcon_core.environment:checking '/home/harry/assignment_ws/install/testbed_bringup/lib/python3.10/site-packages'
[0.406s] Level 1:colcon.colcon_core.environment:checking '/home/harry/assignment_ws/install/testbed_bringup/bin'
[0.407s] INFO:colcon.colcon_core.shell:Creating package script '/home/harry/assignment_ws/install/testbed_bringup/share/testbed_bringup/package.ps1'
[0.407s] INFO:colcon.colcon_core.shell:Creating package descriptor '/home/harry/assignment_ws/install/testbed_bringup/share/testbed_bringup/package.dsv'
[0.407s] INFO:colcon.colcon_core.shell:Creating package script '/home/harry/assignment_ws/install/testbed_bringup/share/testbed_bringup/package.sh'
[0.407s] INFO:colcon.colcon_core.shell:Creating package script '/home/harry/assignment_ws/install/testbed_bringup/share/testbed_bringup/package.bash'
[0.407s] INFO:colcon.colcon_core.shell:Creating package script '/home/harry/assignment_ws/install/testbed_bringup/share/testbed_bringup/package.zsh'
[0.408s] Level 1:colcon.colcon_core.environment:create_file_with_runtime_dependencies(/home/harry/assignment_ws/install/testbed_bringup/share/colcon-core/packages/testbed_bringup)
[0.409s] DEBUG:colcon.colcon_core.event_handler.log_command:Invoked command in '/home/harry/assignment_ws/build/testbed_description' returned '0': CMAKE_PREFIX_PATH=${CMAKE_PREFIX_PATH}:/opt/ros/humble /usr/bin/cmake --build /home/harry/assignment_ws/build/testbed_description -- -j28 -l28
[0.409s] DEBUG:colcon.colcon_core.event_handler.log_command:Invoking command in '/home/harry/assignment_ws/build/testbed_description': CMAKE_PREFIX_PATH=${CMAKE_PREFIX_PATH}:/opt/ros/humble /usr/bin/cmake --install /home/harry/assignment_ws/build/testbed_description
[0.424s] Level 1:colcon.colcon_core.environment:create_environment_scripts_only(testbed_description)
[0.424s] Level 1:colcon.colcon_core.environment:checking '/home/harry/assignment_ws/install/testbed_description' for CMake module files
[0.425s] DEBUG:colcon.colcon_core.event_handler.log_command:Invoked command in '/home/harry/assignment_ws/build/testbed_description' returned '0': CMAKE_PREFIX_PATH=${CMAKE_PREFIX_PATH}:/opt/ros/humble /usr/bin/cmake --install /home/harry/assignment_ws/build/testbed_description
[0.425s] Level 1:colcon.colcon_core.environment:checking '/home/harry/assignment_ws/install/testbed_description' for CMake config files
[0.425s] Level 1:colcon.colcon_core.shell:create_environment_hook('testbed_description', 'cmake_prefix_path')
[0.426s] INFO:colcon.colcon_core.shell:Creating environment hook '/home/harry/assignment_ws/install/testbed_description/share/testbed_description/hook/cmake_prefix_path.ps1'
[0.426s] INFO:colcon.colcon_core.shell:Creating environment descriptor '/home/harry/assignment_ws/install/testbed_description/share/testbed_description/hook/cmake_prefix_path.dsv'
[0.426s] INFO:colcon.colcon_core.shell:Creating environment hook '/home/harry/assignment_ws/install/testbed_description/share/testbed_description/hook/cmake_prefix_path.sh'
[0.427s] Level 1:colcon.colcon_core.environment:checking '/home/harry/assignment_ws/install/testbed_description/bin'
[0.427s] Level 1:colcon.colcon_core.environment:checking '/home/harry/assignment_ws/install/testbed_description/lib/pkgconfig/testbed_description.pc'
[0.427s] Level 1:colcon.colcon_core.environment:checking '/home/harry/assignment_ws/install/testbed_description/lib/python3.10/site-packages'
[0.427s] Level 1:colcon.colcon_core.environment:checking '/home/harry/assignment_ws/install/testbed_description/bin'
[0.427s] INFO:colcon.colcon_core.shell:Creating package script '/home/harry/assignment_ws/install/testbed_description/share/testbed_description/package.ps1'
[0.428s] INFO:colcon.colcon_core.shell:Creating package descriptor '/home/harry/assignment_ws/install/testbed_description/share/testbed_description/package.dsv'
[0.428s] INFO:colcon.colcon_core.shell:Creating package script '/home/harry/assignment_ws/install/testbed_description/share/testbed_description/package.sh'
[0.428s] INFO:colcon.colcon_core.shell:Creating package script '/home/harry/assignment_ws/install/testbed_description/share/testbed_description/package.bash'
[0.428s] INFO:colcon.colcon_core.shell:Creating package script '/home/harry/assignment_ws/install/testbed_description/share/testbed_description/package.zsh'
[0.428s] Level 1:colcon.colcon_core.environment:create_file_with_runtime_dependencies(/home/harry/assignment_ws/install/testbed_description/share/colcon-core/packages/testbed_description)
[0.429s] Level 1:colcon.colcon_core.environment:create_environment_scripts_only(testbed_description)
[0.429s] Level 1:colcon.colcon_core.environment:checking '/home/harry/assignment_ws/install/testbed_description' for CMake module files
[0.429s] Level 1:colcon.colcon_core.environment:checking '/home/harry/assignment_ws/install/testbed_description' for CMake config files
[0.429s] Level 1:colcon.colcon_core.shell:create_environment_hook('testbed_description', 'cmake_prefix_path')
[0.429s] INFO:colcon.colcon_core.shell:Creating environment hook '/home/harry/assignment_ws/install/testbed_description/share/testbed_description/hook/cmake_prefix_path.ps1'
[0.429s] INFO:colcon.colcon_core.shell:Creating environment descriptor '/home/harry/assignment_ws/install/testbed_description/share/testbed_description/hook/cmake_prefix_path.dsv'
[0.429s] INFO:colcon.colcon_core.shell:Creating environment hook '/home/harry/assignment_ws/install/testbed_description/share/testbed_description/hook/cmake_prefix_path.sh'
[0.430s] Level 1:colcon.colcon_core.environment:checking '/home/harry/assignment_ws/install/testbed_description/bin'
[0.430s] Level 1:colcon.colcon_core.environment:checking '/home/harry/assignment_ws/install/testbed_description/lib/pkgconfig/testbed_description.pc'
[0.430s] Level 1:colcon.colcon_core.environment:checking '/home/harry/assignment_ws/install/testbed_description/lib/python3.10/site-packages'
[0.430s] Level 1:colcon.colcon_core.environment:checking '/home/harry/assignment_ws/install/testbed_description/bin'
[0.430s] INFO:colcon.colcon_core.shell:Creating package script '/home/harry/assignment_ws/install/testbed_description/share/testbed_description/package.ps1'
[0.430s] INFO:colcon.colcon_core.shell:Creating package descriptor '/home/harry/assignment_ws/install/testbed_description/share/testbed_description/package.dsv'
[0.431s] INFO:colcon.colcon_core.shell:Creating package script '/home/harry/assignment_ws/install/testbed_description/share/testbed_description/package.sh'
[0.431s] INFO:colcon.colcon_core.shell:Creating package script '/home/harry/assignment_ws/install/testbed_description/share/testbed_description/package.bash'
[0.431s] INFO:colcon.colcon_core.shell:Creating package script '/home/harry/assignment_ws/install/testbed_description/share/testbed_description/package.zsh'
[0.431s] Level 1:colcon.colcon_core.environment:create_file_with_runtime_dependencies(/home/harry/assignment_ws/install/testbed_description/share/colcon-core/packages/testbed_description)
[0.431s] INFO:colcon.colcon_ros.task.ament_cmake.build:Building ROS package in '/home/harry/assignment_ws/src/l1-harryparikh/testbed_gazebo' with build type 'ament_cmake'
[0.431s] INFO:colcon.colcon_cmake.task.cmake.build:Building CMake package in '/home/harry/assignment_ws/src/l1-harryparikh/testbed_gazebo'
[0.431s] INFO:colcon.colcon_core.shell:Skip shell extension 'powershell' for command environment: Not usable outside of PowerShell
[0.431s] DEBUG:colcon.colcon_core.shell:Skip shell extension 'dsv' for command environment
[0.437s] DEBUG:colcon.colcon_core.event_handler.log_command:Invoking command in '/home/harry/assignment_ws/build/testbed_gazebo': CMAKE_PREFIX_PATH=/home/harry/assignment_ws/install/testbed_description:/home/harry/assignment_ws/install/testbed_navigation:/home/harry/assignment_ws/install/testbed_gazebo:/home/harry/assignment_ws/install/testbed_bringup:/home/harry/Documents/ERIC/l1-harryparikh-main/install/testbed_gazebo:/home/harry/Documents/ERIC/l1-harryparikh-main/install/testbed_description:/home/harry/Documents/ERIC/l1-harryparikh-main/install/testbed_bringup:/home/harry/turtlebot3_ws/install/turtlebot3_simulations:/home/harry/turtlebot3_ws/install/turtlebot3_manipulation_gazebo:/home/harry/turtlebot3_ws/install/turtlebot3_gazebo:/home/harry/turtlebot3_ws/install/turtlebot3_fake_node:/opt/ros/humble /usr/bin/cmake /home/harry/assignment_ws/src/l1-harryparikh/testbed_gazebo -DAMENT_CMAKE_SYMLINK_INSTALL=1 -DCMAKE_INSTALL_PREFIX=/home/harry/assignment_ws/install/testbed_gazebo
[0.555s] DEBUG:colcon.colcon_core.event_handler.log_command:Invoked command in '/home/harry/assignment_ws/build/testbed_gazebo' returned '0': CMAKE_PREFIX_PATH=/home/harry/assignment_ws/install/testbed_description:/home/harry/assignment_ws/install/testbed_navigation:/home/harry/assignment_ws/install/testbed_gazebo:/home/harry/assignment_ws/install/testbed_bringup:/home/harry/Documents/ERIC/l1-harryparikh-main/install/testbed_gazebo:/home/harry/Documents/ERIC/l1-harryparikh-main/install/testbed_description:/home/harry/Documents/ERIC/l1-harryparikh-main/install/testbed_bringup:/home/harry/turtlebot3_ws/install/turtlebot3_simulations:/home/harry/turtlebot3_ws/install/turtlebot3_manipulation_gazebo:/home/harry/turtlebot3_ws/install/turtlebot3_gazebo:/home/harry/turtlebot3_ws/install/turtlebot3_fake_node:/opt/ros/humble /usr/bin/cmake /home/harry/assignment_ws/src/l1-harryparikh/testbed_gazebo -DAMENT_CMAKE_SYMLINK_INSTALL=1 -DCMAKE_INSTALL_PREFIX=/home/harry/assignment_ws/install/testbed_gazebo
[0.555s] DEBUG:colcon.colcon_core.event_handler.log_command:Invoking command in '/home/harry/assignment_ws/build/testbed_gazebo': CMAKE_PREFIX_PATH=/home/harry/assignment_ws/install/testbed_description:/home/harry/assignment_ws/install/testbed_navigation:/home/harry/assignment_ws/install/testbed_gazebo:/home/harry/assignment_ws/install/testbed_bringup:/home/harry/Documents/ERIC/l1-harryparikh-main/install/testbed_gazebo:/home/harry/Documents/ERIC/l1-harryparikh-main/install/testbed_description:/home/harry/Documents/ERIC/l1-harryparikh-main/install/testbed_bringup:/home/harry/turtlebot3_ws/install/turtlebot3_simulations:/home/harry/turtlebot3_ws/install/turtlebot3_manipulation_gazebo:/home/harry/turtlebot3_ws/install/turtlebot3_gazebo:/home/harry/turtlebot3_ws/install/turtlebot3_fake_node:/opt/ros/humble /usr/bin/cmake --build /home/harry/assignment_ws/build/testbed_gazebo -- -j28 -l28
[0.578s] DEBUG:colcon.colcon_core.event_handler.log_command:Invoked command in '/home/harry/assignment_ws/build/testbed_gazebo' returned '0': CMAKE_PREFIX_PATH=/home/harry/assignment_ws/install/testbed_description:/home/harry/assignment_ws/install/testbed_navigation:/home/harry/assignment_ws/install/testbed_gazebo:/home/harry/assignment_ws/install/testbed_bringup:/home/harry/Documents/ERIC/l1-harryparikh-main/install/testbed_gazebo:/home/harry/Documents/ERIC/l1-harryparikh-main/install/testbed_description:/home/harry/Documents/ERIC/l1-harryparikh-main/install/testbed_bringup:/home/harry/turtlebot3_ws/install/turtlebot3_simulations:/home/harry/turtlebot3_ws/install/turtlebot3_manipulation_gazebo:/home/harry/turtlebot3_ws/install/turtlebot3_gazebo:/home/harry/turtlebot3_ws/install/turtlebot3_fake_node:/opt/ros/humble /usr/bin/cmake --build /home/harry/assignment_ws/build/testbed_gazebo -- -j28 -l28
[0.580s] DEBUG:colcon.colcon_core.event_handler.log_command:Invoking command in '/home/harry/assignment_ws/build/testbed_gazebo': CMAKE_PREFIX_PATH=/home/harry/assignment_ws/install/testbed_description:/home/harry/assignment_ws/install/testbed_navigation:/home/harry/assignment_ws/install/testbed_gazebo:/home/harry/assignment_ws/install/testbed_bringup:/home/harry/Documents/ERIC/l1-harryparikh-main/install/testbed_gazebo:/home/harry/Documents/ERIC/l1-harryparikh-main/install/testbed_description:/home/harry/Documents/ERIC/l1-harryparikh-main/install/testbed_bringup:/home/harry/turtlebot3_ws/install/turtlebot3_simulations:/home/harry/turtlebot3_ws/install/turtlebot3_manipulation_gazebo:/home/harry/turtlebot3_ws/install/turtlebot3_gazebo:/home/harry/turtlebot3_ws/install/turtlebot3_fake_node:/opt/ros/humble /usr/bin/cmake --install /home/harry/assignment_ws/build/testbed_gazebo
[0.594s] Level 1:colcon.colcon_core.environment:create_environment_scripts_only(testbed_gazebo)
[0.594s] DEBUG:colcon.colcon_core.event_handler.log_command:Invoked command in '/home/harry/assignment_ws/build/testbed_gazebo' returned '0': CMAKE_PREFIX_PATH=/home/harry/assignment_ws/install/testbed_description:/home/harry/assignment_ws/install/testbed_navigation:/home/harry/assignment_ws/install/testbed_gazebo:/home/harry/assignment_ws/install/testbed_bringup:/home/harry/Documents/ERIC/l1-harryparikh-main/install/testbed_gazebo:/home/harry/Documents/ERIC/l1-harryparikh-main/install/testbed_description:/home/harry/Documents/ERIC/l1-harryparikh-main/install/testbed_bringup:/home/harry/turtlebot3_ws/install/turtlebot3_simulations:/home/harry/turtlebot3_ws/install/turtlebot3_manipulation_gazebo:/home/harry/turtlebot3_ws/install/turtlebot3_gazebo:/home/harry/turtlebot3_ws/install/turtlebot3_fake_node:/opt/ros/humble /usr/bin/cmake --install /home/harry/assignment_ws/build/testbed_gazebo
[0.595s] Level 1:colcon.colcon_core.environment:checking '/home/harry/assignment_ws/install/testbed_gazebo' for CMake module files
[0.595s] Level 1:colcon.colcon_core.environment:checking '/home/harry/assignment_ws/install/testbed_gazebo' for CMake config files
[0.596s] Level 1:colcon.colcon_core.shell:create_environment_hook('testbed_gazebo', 'cmake_prefix_path')
[0.596s] INFO:colcon.colcon_core.shell:Creating environment hook '/home/harry/assignment_ws/install/testbed_gazebo/share/testbed_gazebo/hook/cmake_prefix_path.ps1'
[0.596s] INFO:colcon.colcon_core.shell:Creating environment descriptor '/home/harry/assignment_ws/install/testbed_gazebo/share/testbed_gazebo/hook/cmake_prefix_path.dsv'
[0.596s] INFO:colcon.colcon_core.shell:Creating environment hook '/home/harry/assignment_ws/install/testbed_gazebo/share/testbed_gazebo/hook/cmake_prefix_path.sh'
[0.596s] Level 1:colcon.colcon_core.environment:checking '/home/harry/assignment_ws/install/testbed_gazebo/bin'
[0.597s] Level 1:colcon.colcon_core.environment:checking '/home/harry/assignment_ws/install/testbed_gazebo/lib/pkgconfig/testbed_gazebo.pc'
[0.597s] Level 1:colcon.colcon_core.environment:checking '/home/harry/assignment_ws/install/testbed_gazebo/lib/python3.10/site-packages'
[0.597s] Level 1:colcon.colcon_core.environment:checking '/home/harry/assignment_ws/install/testbed_gazebo/bin'
[0.597s] INFO:colcon.colcon_core.shell:Creating package script '/home/harry/assignment_ws/install/testbed_gazebo/share/testbed_gazebo/package.ps1'
[0.597s] INFO:colcon.colcon_core.shell:Creating package descriptor '/home/harry/assignment_ws/install/testbed_gazebo/share/testbed_gazebo/package.dsv'
[0.597s] INFO:colcon.colcon_core.shell:Creating package script '/home/harry/assignment_ws/install/testbed_gazebo/share/testbed_gazebo/package.sh'
[0.598s] INFO:colcon.colcon_core.shell:Creating package script '/home/harry/assignment_ws/install/testbed_gazebo/share/testbed_gazebo/package.bash'
[0.598s] INFO:colcon.colcon_core.shell:Creating package script '/home/harry/assignment_ws/install/testbed_gazebo/share/testbed_gazebo/package.zsh'
[0.598s] Level 1:colcon.colcon_core.environment:create_file_with_runtime_dependencies(/home/harry/assignment_ws/install/testbed_gazebo/share/colcon-core/packages/testbed_gazebo)
[0.598s] Level 1:colcon.colcon_core.environment:create_environment_scripts_only(testbed_gazebo)
[0.598s] Level 1:colcon.colcon_core.environment:checking '/home/harry/assignment_ws/install/testbed_gazebo' for CMake module files
[0.598s] Level 1:colcon.colcon_core.environment:checking '/home/harry/assignment_ws/install/testbed_gazebo' for CMake config files
[0.599s] Level 1:colcon.colcon_core.shell:create_environment_hook('testbed_gazebo', 'cmake_prefix_path')
[0.599s] INFO:colcon.colcon_core.shell:Creating environment hook '/home/harry/assignment_ws/install/testbed_gazebo/share/testbed_gazebo/hook/cmake_prefix_path.ps1'
[0.599s] INFO:colcon.colcon_core.shell:Creating environment descriptor '/home/harry/assignment_ws/install/testbed_gazebo/share/testbed_gazebo/hook/cmake_prefix_path.dsv'
[0.599s] INFO:colcon.colcon_core.shell:Creating environment hook '/home/harry/assignment_ws/install/testbed_gazebo/share/testbed_gazebo/hook/cmake_prefix_path.sh'
[0.599s] Level 1:colcon.colcon_core.environment:checking '/home/harry/assignment_ws/install/testbed_gazebo/bin'
[0.599s] Level 1:colcon.colcon_core.environment:checking '/home/harry/assignment_ws/install/testbed_gazebo/lib/pkgconfig/testbed_gazebo.pc'
[0.600s] Level 1:colcon.colcon_core.environment:checking '/home/harry/assignment_ws/install/testbed_gazebo/lib/python3.10/site-packages'
[0.600s] Level 1:colcon.colcon_core.environment:checking '/home/harry/assignment_ws/install/testbed_gazebo/bin'
[0.600s] INFO:colcon.colcon_core.shell:Creating package script '/home/harry/assignment_ws/install/testbed_gazebo/share/testbed_gazebo/package.ps1'
[0.600s] INFO:colcon.colcon_core.shell:Creating package descriptor '/home/harry/assignment_ws/install/testbed_gazebo/share/testbed_gazebo/package.dsv'
[0.600s] INFO:colcon.colcon_core.shell:Creating package script '/home/harry/assignment_ws/install/testbed_gazebo/share/testbed_gazebo/package.sh'
[0.601s] INFO:colcon.colcon_core.shell:Creating package script '/home/harry/assignment_ws/install/testbed_gazebo/share/testbed_gazebo/package.bash'
[0.601s] INFO:colcon.colcon_core.shell:Creating package script '/home/harry/assignment_ws/install/testbed_gazebo/share/testbed_gazebo/package.zsh'
[0.601s] Level 1:colcon.colcon_core.environment:create_file_with_runtime_dependencies(/home/harry/assignment_ws/install/testbed_gazebo/share/colcon-core/packages/testbed_gazebo)
[0.601s] DEBUG:colcon.colcon_parallel_executor.executor.parallel:closing loop
[0.602s] DEBUG:colcon.colcon_parallel_executor.executor.parallel:loop closed
[0.602s] DEBUG:colcon.colcon_parallel_executor.executor.parallel:run_until_complete finished with '0'
[0.602s] DEBUG:colcon.colcon_core.event_reactor:joining thread
[0.605s] INFO:colcon.colcon_core.plugin_system:Skipping extension 'colcon_notification.desktop_notification.terminal_notifier': Not used on non-Darwin systems
[0.605s] INFO:colcon.colcon_core.plugin_system:Skipping extension 'colcon_notification.desktop_notification.win32': Not used on non-Windows systems
[0.605s] INFO:colcon.colcon_notification.desktop_notification:Sending desktop notification using 'notify2'
[0.613s] DEBUG:colcon.colcon_core.event_reactor:joined thread
[0.613s] INFO:colcon.colcon_core.shell:Creating prefix script '/home/harry/assignment_ws/install/local_setup.ps1'
[0.614s] INFO:colcon.colcon_core.shell:Creating prefix util module '/home/harry/assignment_ws/install/_local_setup_util_ps1.py'
[0.614s] INFO:colcon.colcon_core.shell:Creating prefix chain script '/home/harry/assignment_ws/install/setup.ps1'
[0.615s] INFO:colcon.colcon_core.shell:Creating prefix script '/home/harry/assignment_ws/install/local_setup.sh'
[0.615s] INFO:colcon.colcon_core.shell:Creating prefix util module '/home/harry/assignment_ws/install/_local_setup_util_sh.py'
[0.615s] INFO:colcon.colcon_core.shell:Creating prefix chain script '/home/harry/assignment_ws/install/setup.sh'
[0.616s] INFO:colcon.colcon_core.shell:Creating prefix script '/home/harry/assignment_ws/install/local_setup.bash'
[0.616s] INFO:colcon.colcon_core.shell:Creating prefix chain script '/home/harry/assignment_ws/install/setup.bash'
[0.617s] INFO:colcon.colcon_core.shell:Creating prefix script '/home/harry/assignment_ws/install/local_setup.zsh'
[0.617s] INFO:colcon.colcon_core.shell:Creating prefix chain script '/home/harry/assignment_ws/install/setup.zsh'
