[0.048s] DEBUG:colcon:Command line arguments: ['/usr/bin/colcon', 'build', '--symlink-install']
[0.048s] DEBUG:colcon:Parsed command line arguments: Namespace(log_base=None, log_level=None, verb_name='build', build_base='build', install_base='install', merge_install=False, symlink_install=True, test_result_base=None, continue_on_error=False, executor='parallel', parallel_workers=28, event_handlers=None, ignore_user_meta=False, metas=['./colcon.meta'], base_paths=['.'], packages_ignore=None, packages_ignore_regex=None, paths=None, packages_up_to=None, packages_up_to_regex=None, packages_above=None, packages_above_and_dependencies=None, packages_above_depth=None, packages_select_by_dep=None, packages_skip_by_dep=None, packages_skip_up_to=None, packages_select_build_failed=False, packages_skip_build_finished=False, packages_select_test_failures=False, packages_skip_test_passed=False, packages_select=None, packages_skip=None, packages_select_regex=None, packages_skip_regex=None, packages_start=None, packages_end=None, allow_overriding=[], cmake_args=None, cmake_target=None, cmake_target_skip_unavailable=False, cmake_clean_cache=False, cmake_clean_first=False, cmake_force_configure=False, ament_cmake_args=None, catkin_cmake_args=None, catkin_skip_building_tests=False, mixin_files=None, mixin=None, verb_parser=<colcon_mixin.mixin.mixin_argument.MixinArgumentDecorator object at 0x7c5aaa16f2e0>, verb_extension=<colcon_core.verb.build.BuildVerb object at 0x7c5aaa16ec50>, main=<bound method BuildVerb.main of <colcon_core.verb.build.BuildVerb object at 0x7c5aaa16ec50>>, mixin_verb=('build',))
[0.196s] Level 1:colcon.colcon_core.package_discovery:discover_packages(colcon_meta) check parameters
[0.196s] Level 1:colcon.colcon_core.package_discovery:discover_packages(recursive) check parameters
[0.196s] Level 1:colcon.colcon_core.package_discovery:discover_packages(ignore) check parameters
[0.196s] Level 1:colcon.colcon_core.package_discovery:discover_packages(path) check parameters
[0.196s] Level 1:colcon.colcon_core.package_discovery:discover_packages(colcon_meta) discover
[0.196s] Level 1:colcon.colcon_core.package_discovery:discover_packages(recursive) discover
[0.196s] INFO:colcon.colcon_core.package_discovery:Crawling recursively for packages in '/home/harry/assignment_ws'
[0.196s] Level 1:colcon.colcon_core.package_identification:_identify(.) by extensions ['ignore', 'ignore_ament_install']
[0.196s] Level 1:colcon.colcon_core.package_identification:_identify(.) by extension 'ignore'
[0.196s] Level 1:colcon.colcon_core.package_identification:_identify(.) by extension 'ignore_ament_install'
[0.196s] Level 1:colcon.colcon_core.package_identification:_identify(.) by extensions ['colcon_pkg']
[0.196s] Level 1:colcon.colcon_core.package_identification:_identify(.) by extension 'colcon_pkg'
[0.196s] Level 1:colcon.colcon_core.package_identification:_identify(.) by extensions ['colcon_meta']
[0.196s] Level 1:colcon.colcon_core.package_identification:_identify(.) by extension 'colcon_meta'
[0.196s] Level 1:colcon.colcon_core.package_identification:_identify(.) by extensions ['ros']
[0.196s] Level 1:colcon.colcon_core.package_identification:_identify(.) by extension 'ros'
[0.206s] Level 1:colcon.colcon_core.package_identification:_identify(.) by extensions ['cmake', 'python']
[0.206s] Level 1:colcon.colcon_core.package_identification:_identify(.) by extension 'cmake'
[0.206s] Level 1:colcon.colcon_core.package_identification:_identify(.) by extension 'python'
[0.206s] Level 1:colcon.colcon_core.package_identification:_identify(.) by extensions ['python_setup_py']
[0.206s] Level 1:colcon.colcon_core.package_identification:_identify(.) by extension 'python_setup_py'
[0.206s] Level 1:colcon.colcon_core.package_identification:_identify(build) by extensions ['ignore', 'ignore_ament_install']
[0.207s] Level 1:colcon.colcon_core.package_identification:_identify(build) by extension 'ignore'
[0.207s] Level 1:colcon.colcon_core.package_identification:_identify(build) ignored
[0.207s] Level 1:colcon.colcon_core.package_identification:_identify(install) by extensions ['ignore', 'ignore_ament_install']
[0.207s] Level 1:colcon.colcon_core.package_identification:_identify(install) by extension 'ignore'
[0.207s] Level 1:colcon.colcon_core.package_identification:_identify(install) ignored
[0.207s] Level 1:colcon.colcon_core.package_identification:_identify(log) by extensions ['ignore', 'ignore_ament_install']
[0.207s] Level 1:colcon.colcon_core.package_identification:_identify(log) by extension 'ignore'
[0.207s] Level 1:colcon.colcon_core.package_identification:_identify(log) ignored
[0.207s] Level 1:colcon.colcon_core.package_identification:_identify(src) by extensions ['ignore', 'ignore_ament_install']
[0.207s] Level 1:colcon.colcon_core.package_identification:_identify(src) by extension 'ignore'
[0.207s] Level 1:colcon.colcon_core.package_identification:_identify(src) by extension 'ignore_ament_install'
[0.207s] Level 1:colcon.colcon_core.package_identification:_identify(src) by extensions ['colcon_pkg']
[0.207s] Level 1:colcon.colcon_core.package_identification:_identify(src) by extension 'colcon_pkg'
[0.207s] Level 1:colcon.colcon_core.package_identification:_identify(src) by extensions ['colcon_meta']
[0.207s] Level 1:colcon.colcon_core.package_identification:_identify(src) by extension 'colcon_meta'
[0.207s] Level 1:colcon.colcon_core.package_identification:_identify(src) by extensions ['ros']
[0.207s] Level 1:colcon.colcon_core.package_identification:_identify(src) by extension 'ros'
[0.207s] Level 1:colcon.colcon_core.package_identification:_identify(src) by extensions ['cmake', 'python']
[0.207s] Level 1:colcon.colcon_core.package_identification:_identify(src) by extension 'cmake'
[0.207s] Level 1:colcon.colcon_core.package_identification:_identify(src) by extension 'python'
[0.207s] Level 1:colcon.colcon_core.package_identification:_identify(src) by extensions ['python_setup_py']
[0.207s] Level 1:colcon.colcon_core.package_identification:_identify(src) by extension 'python_setup_py'
[0.207s] Level 1:colcon.colcon_core.package_identification:_identify(src/l1-harryparikh) by extensions ['ignore', 'ignore_ament_install']
[0.207s] Level 1:colcon.colcon_core.package_identification:_identify(src/l1-harryparikh) by extension 'ignore'
[0.207s] Level 1:colcon.colcon_core.package_identification:_identify(src/l1-harryparikh) by extension 'ignore_ament_install'
[0.207s] Level 1:colcon.colcon_core.package_identification:_identify(src/l1-harryparikh) by extensions ['colcon_pkg']
[0.207s] Level 1:colcon.colcon_core.package_identification:_identify(src/l1-harryparikh) by extension 'colcon_pkg'
[0.207s] Level 1:colcon.colcon_core.package_identification:_identify(src/l1-harryparikh) by extensions ['colcon_meta']
[0.207s] Level 1:colcon.colcon_core.package_identification:_identify(src/l1-harryparikh) by extension 'colcon_meta'
[0.207s] Level 1:colcon.colcon_core.package_identification:_identify(src/l1-harryparikh) by extensions ['ros']
[0.207s] Level 1:colcon.colcon_core.package_identification:_identify(src/l1-harryparikh) by extension 'ros'
[0.207s] Level 1:colcon.colcon_core.package_identification:_identify(src/l1-harryparikh) by extensions ['cmake', 'python']
[0.207s] Level 1:colcon.colcon_core.package_identification:_identify(src/l1-harryparikh) by extension 'cmake'
[0.207s] Level 1:colcon.colcon_core.package_identification:_identify(src/l1-harryparikh) by extension 'python'
[0.207s] Level 1:colcon.colcon_core.package_identification:_identify(src/l1-harryparikh) by extensions ['python_setup_py']
[0.207s] Level 1:colcon.colcon_core.package_identification:_identify(src/l1-harryparikh) by extension 'python_setup_py'
[0.207s] Level 1:colcon.colcon_core.package_identification:_identify(src/l1-harryparikh/build) by extensions ['ignore', 'ignore_ament_install']
[0.208s] Level 1:colcon.colcon_core.package_identification:_identify(src/l1-harryparikh/build) by extension 'ignore'
[0.208s] Level 1:colcon.colcon_core.package_identification:_identify(src/l1-harryparikh/build) ignored
[0.208s] Level 1:colcon.colcon_core.package_identification:_identify(src/l1-harryparikh/install) by extensions ['ignore', 'ignore_ament_install']
[0.208s] Level 1:colcon.colcon_core.package_identification:_identify(src/l1-harryparikh/install) by extension 'ignore'
[0.208s] Level 1:colcon.colcon_core.package_identification:_identify(src/l1-harryparikh/install) ignored
[0.208s] Level 1:colcon.colcon_core.package_identification:_identify(src/l1-harryparikh/log) by extensions ['ignore', 'ignore_ament_install']
[0.208s] Level 1:colcon.colcon_core.package_identification:_identify(src/l1-harryparikh/log) by extension 'ignore'
[0.208s] Level 1:colcon.colcon_core.package_identification:_identify(src/l1-harryparikh/log) ignored
[0.208s] Level 1:colcon.colcon_core.package_identification:_identify(src/l1-harryparikh/testbed_bringup) by extensions ['ignore', 'ignore_ament_install']
[0.208s] Level 1:colcon.colcon_core.package_identification:_identify(src/l1-harryparikh/testbed_bringup) by extension 'ignore'
[0.208s] Level 1:colcon.colcon_core.package_identification:_identify(src/l1-harryparikh/testbed_bringup) by extension 'ignore_ament_install'
[0.208s] Level 1:colcon.colcon_core.package_identification:_identify(src/l1-harryparikh/testbed_bringup) by extensions ['colcon_pkg']
[0.208s] Level 1:colcon.colcon_core.package_identification:_identify(src/l1-harryparikh/testbed_bringup) by extension 'colcon_pkg'
[0.208s] Level 1:colcon.colcon_core.package_identification:_identify(src/l1-harryparikh/testbed_bringup) by extensions ['colcon_meta']
[0.208s] Level 1:colcon.colcon_core.package_identification:_identify(src/l1-harryparikh/testbed_bringup) by extension 'colcon_meta'
[0.208s] Level 1:colcon.colcon_core.package_identification:_identify(src/l1-harryparikh/testbed_bringup) by extensions ['ros']
[0.208s] Level 1:colcon.colcon_core.package_identification:_identify(src/l1-harryparikh/testbed_bringup) by extension 'ros'
[0.209s] DEBUG:colcon.colcon_core.package_identification:Package 'src/l1-harryparikh/testbed_bringup' with type 'ros.ament_cmake' and name 'testbed_bringup'
[0.209s] Level 1:colcon.colcon_core.package_identification:_identify(src/l1-harryparikh/testbed_description) by extensions ['ignore', 'ignore_ament_install']
[0.209s] Level 1:colcon.colcon_core.package_identification:_identify(src/l1-harryparikh/testbed_description) by extension 'ignore'
[0.209s] Level 1:colcon.colcon_core.package_identification:_identify(src/l1-harryparikh/testbed_description) by extension 'ignore_ament_install'
[0.209s] Level 1:colcon.colcon_core.package_identification:_identify(src/l1-harryparikh/testbed_description) by extensions ['colcon_pkg']
[0.209s] Level 1:colcon.colcon_core.package_identification:_identify(src/l1-harryparikh/testbed_description) by extension 'colcon_pkg'
[0.209s] Level 1:colcon.colcon_core.package_identification:_identify(src/l1-harryparikh/testbed_description) by extensions ['colcon_meta']
[0.209s] Level 1:colcon.colcon_core.package_identification:_identify(src/l1-harryparikh/testbed_description) by extension 'colcon_meta'
[0.209s] Level 1:colcon.colcon_core.package_identification:_identify(src/l1-harryparikh/testbed_description) by extensions ['ros']
[0.209s] Level 1:colcon.colcon_core.package_identification:_identify(src/l1-harryparikh/testbed_description) by extension 'ros'
[0.210s] DEBUG:colcon.colcon_core.package_identification:Package 'src/l1-harryparikh/testbed_description' with type 'ros.ament_cmake' and name 'testbed_description'
[0.210s] Level 1:colcon.colcon_core.package_identification:_identify(src/l1-harryparikh/testbed_gazebo) by extensions ['ignore', 'ignore_ament_install']
[0.210s] Level 1:colcon.colcon_core.package_identification:_identify(src/l1-harryparikh/testbed_gazebo) by extension 'ignore'
[0.210s] Level 1:colcon.colcon_core.package_identification:_identify(src/l1-harryparikh/testbed_gazebo) by extension 'ignore_ament_install'
[0.210s] Level 1:colcon.colcon_core.package_identification:_identify(src/l1-harryparikh/testbed_gazebo) by extensions ['colcon_pkg']
[0.210s] Level 1:colcon.colcon_core.package_identification:_identify(src/l1-harryparikh/testbed_gazebo) by extension 'colcon_pkg'
[0.210s] Level 1:colcon.colcon_core.package_identification:_identify(src/l1-harryparikh/testbed_gazebo) by extensions ['colcon_meta']
[0.210s] Level 1:colcon.colcon_core.package_identification:_identify(src/l1-harryparikh/testbed_gazebo) by extension 'colcon_meta'
[0.210s] Level 1:colcon.colcon_core.package_identification:_identify(src/l1-harryparikh/testbed_gazebo) by extensions ['ros']
[0.210s] Level 1:colcon.colcon_core.package_identification:_identify(src/l1-harryparikh/testbed_gazebo) by extension 'ros'
[0.210s] DEBUG:colcon.colcon_core.package_identification:Package 'src/l1-harryparikh/testbed_gazebo' with type 'ros.ament_cmake' and name 'testbed_gazebo'
[0.210s] Level 1:colcon.colcon_core.package_identification:_identify(src/testbed_navigation) by extensions ['ignore', 'ignore_ament_install']
[0.210s] Level 1:colcon.colcon_core.package_identification:_identify(src/testbed_navigation) by extension 'ignore'
[0.210s] Level 1:colcon.colcon_core.package_identification:_identify(src/testbed_navigation) by extension 'ignore_ament_install'
[0.210s] Level 1:colcon.colcon_core.package_identification:_identify(src/testbed_navigation) by extensions ['colcon_pkg']
[0.210s] Level 1:colcon.colcon_core.package_identification:_identify(src/testbed_navigation) by extension 'colcon_pkg'
[0.210s] Level 1:colcon.colcon_core.package_identification:_identify(src/testbed_navigation) by extensions ['colcon_meta']
[0.210s] Level 1:colcon.colcon_core.package_identification:_identify(src/testbed_navigation) by extension 'colcon_meta'
[0.210s] Level 1:colcon.colcon_core.package_identification:_identify(src/testbed_navigation) by extensions ['ros']
[0.210s] Level 1:colcon.colcon_core.package_identification:_identify(src/testbed_navigation) by extension 'ros'
[0.211s] DEBUG:colcon.colcon_core.package_identification:Package 'src/testbed_navigation' with type 'ros.ament_cmake' and name 'testbed_navigation'
[0.211s] Level 1:colcon.colcon_core.package_discovery:discover_packages(recursive) using defaults
[0.211s] Level 1:colcon.colcon_core.package_discovery:discover_packages(ignore) discover
[0.211s] Level 1:colcon.colcon_core.package_discovery:discover_packages(ignore) using defaults
[0.211s] Level 1:colcon.colcon_core.package_discovery:discover_packages(path) discover
[0.211s] Level 1:colcon.colcon_core.package_discovery:discover_packages(path) using defaults
[0.224s] Level 1:colcon.colcon_core.package_discovery:discover_packages(prefix_path) check parameters
[0.224s] Level 1:colcon.colcon_core.package_discovery:discover_packages(prefix_path) discover
[0.225s] DEBUG:colcon.colcon_installed_package_information.package_discovery:Found 4 installed packages in /home/harry/turtlebot3_ws/install
[0.226s] DEBUG:colcon.colcon_installed_package_information.package_discovery:Found 4 installed packages in /home/harry/assignment_ws/install
[0.226s] DEBUG:colcon.colcon_installed_package_information.package_discovery:Found 473 installed packages in /opt/ros/humble
[0.228s] Level 1:colcon.colcon_core.package_discovery:discover_packages(prefix_path) using defaults
[0.256s] Level 5:colcon.colcon_core.verb:set package 'testbed_bringup' build argument 'cmake_args' from command line to 'None'
[0.256s] Level 5:colcon.colcon_core.verb:set package 'testbed_bringup' build argument 'cmake_target' from command line to 'None'
[0.256s] Level 5:colcon.colcon_core.verb:set package 'testbed_bringup' build argument 'cmake_target_skip_unavailable' from command line to 'False'
[0.256s] Level 5:colcon.colcon_core.verb:set package 'testbed_bringup' build argument 'cmake_clean_cache' from command line to 'False'
[0.256s] Level 5:colcon.colcon_core.verb:set package 'testbed_bringup' build argument 'cmake_clean_first' from command line to 'False'
[0.256s] Level 5:colcon.colcon_core.verb:set package 'testbed_bringup' build argument 'cmake_force_configure' from command line to 'False'
[0.256s] Level 5:colcon.colcon_core.verb:set package 'testbed_bringup' build argument 'ament_cmake_args' from command line to 'None'
[0.256s] Level 5:colcon.colcon_core.verb:set package 'testbed_bringup' build argument 'catkin_cmake_args' from command line to 'None'
[0.256s] Level 5:colcon.colcon_core.verb:set package 'testbed_bringup' build argument 'catkin_skip_building_tests' from command line to 'False'
[0.256s] DEBUG:colcon.colcon_core.verb:Building package 'testbed_bringup' with the following arguments: {'ament_cmake_args': None, 'build_base': '/home/harry/assignment_ws/build/testbed_bringup', 'catkin_cmake_args': None, 'catkin_skip_building_tests': False, 'cmake_args': None, 'cmake_clean_cache': False, 'cmake_clean_first': False, 'cmake_force_configure': False, 'cmake_target': None, 'cmake_target_skip_unavailable': False, 'install_base': '/home/harry/assignment_ws/install/testbed_bringup', 'merge_install': False, 'path': '/home/harry/assignment_ws/src/l1-harryparikh/testbed_bringup', 'symlink_install': True, 'test_result_base': None}
[0.256s] Level 5:colcon.colcon_core.verb:set package 'testbed_description' build argument 'cmake_args' from command line to 'None'
[0.256s] Level 5:colcon.colcon_core.verb:set package 'testbed_description' build argument 'cmake_target' from command line to 'None'
[0.256s] Level 5:colcon.colcon_core.verb:set package 'testbed_description' build argument 'cmake_target_skip_unavailable' from command line to 'False'
[0.256s] Level 5:colcon.colcon_core.verb:set package 'testbed_description' build argument 'cmake_clean_cache' from command line to 'False'
[0.256s] Level 5:colcon.colcon_core.verb:set package 'testbed_description' build argument 'cmake_clean_first' from command line to 'False'
[0.256s] Level 5:colcon.colcon_core.verb:set package 'testbed_description' build argument 'cmake_force_configure' from command line to 'False'
[0.256s] Level 5:colcon.colcon_core.verb:set package 'testbed_description' build argument 'ament_cmake_args' from command line to 'None'
[0.256s] Level 5:colcon.colcon_core.verb:set package 'testbed_description' build argument 'catkin_cmake_args' from command line to 'None'
[0.256s] Level 5:colcon.colcon_core.verb:set package 'testbed_description' build argument 'catkin_skip_building_tests' from command line to 'False'
[0.256s] DEBUG:colcon.colcon_core.verb:Building package 'testbed_description' with the following arguments: {'ament_cmake_args': None, 'build_base': '/home/harry/assignment_ws/build/testbed_description', 'catkin_cmake_args': None, 'catkin_skip_building_tests': False, 'cmake_args': None, 'cmake_clean_cache': False, 'cmake_clean_first': False, 'cmake_force_configure': False, 'cmake_target': None, 'cmake_target_skip_unavailable': False, 'install_base': '/home/harry/assignment_ws/install/testbed_description', 'merge_install': False, 'path': '/home/harry/assignment_ws/src/l1-harryparikh/testbed_description', 'symlink_install': True, 'test_result_base': None}
[0.256s] Level 5:colcon.colcon_core.verb:set package 'testbed_navigation' build argument 'cmake_args' from command line to 'None'
[0.256s] Level 5:colcon.colcon_core.verb:set package 'testbed_navigation' build argument 'cmake_target' from command line to 'None'
[0.256s] Level 5:colcon.colcon_core.verb:set package 'testbed_navigation' build argument 'cmake_target_skip_unavailable' from command line to 'False'
[0.256s] Level 5:colcon.colcon_core.verb:set package 'testbed_navigation' build argument 'cmake_clean_cache' from command line to 'False'
[0.256s] Level 5:colcon.colcon_core.verb:set package 'testbed_navigation' build argument 'cmake_clean_first' from command line to 'False'
[0.256s] Level 5:colcon.colcon_core.verb:set package 'testbed_navigation' build argument 'cmake_force_configure' from command line to 'False'
[0.256s] Level 5:colcon.colcon_core.verb:set package 'testbed_navigation' build argument 'ament_cmake_args' from command line to 'None'
[0.256s] Level 5:colcon.colcon_core.verb:set package 'testbed_navigation' build argument 'catkin_cmake_args' from command line to 'None'
[0.256s] Level 5:colcon.colcon_core.verb:set package 'testbed_navigation' build argument 'catkin_skip_building_tests' from command line to 'False'
[0.256s] DEBUG:colcon.colcon_core.verb:Building package 'testbed_navigation' with the following arguments: {'ament_cmake_args': None, 'build_base': '/home/harry/assignment_ws/build/testbed_navigation', 'catkin_cmake_args': None, 'catkin_skip_building_tests': False, 'cmake_args': None, 'cmake_clean_cache': False, 'cmake_clean_first': False, 'cmake_force_configure': False, 'cmake_target': None, 'cmake_target_skip_unavailable': False, 'install_base': '/home/harry/assignment_ws/install/testbed_navigation', 'merge_install': False, 'path': '/home/harry/assignment_ws/src/testbed_navigation', 'symlink_install': True, 'test_result_base': None}
[0.257s] Level 5:colcon.colcon_core.verb:set package 'testbed_gazebo' build argument 'cmake_args' from command line to 'None'
[0.257s] Level 5:colcon.colcon_core.verb:set package 'testbed_gazebo' build argument 'cmake_target' from command line to 'None'
[0.257s] Level 5:colcon.colcon_core.verb:set package 'testbed_gazebo' build argument 'cmake_target_skip_unavailable' from command line to 'False'
[0.257s] Level 5:colcon.colcon_core.verb:set package 'testbed_gazebo' build argument 'cmake_clean_cache' from command line to 'False'
[0.257s] Level 5:colcon.colcon_core.verb:set package 'testbed_gazebo' build argument 'cmake_clean_first' from command line to 'False'
[0.257s] Level 5:colcon.colcon_core.verb:set package 'testbed_gazebo' build argument 'cmake_force_configure' from command line to 'False'
[0.257s] Level 5:colcon.colcon_core.verb:set package 'testbed_gazebo' build argument 'ament_cmake_args' from command line to 'None'
[0.257s] Level 5:colcon.colcon_core.verb:set package 'testbed_gazebo' build argument 'catkin_cmake_args' from command line to 'None'
[0.257s] Level 5:colcon.colcon_core.verb:set package 'testbed_gazebo' build argument 'catkin_skip_building_tests' from command line to 'False'
[0.257s] DEBUG:colcon.colcon_core.verb:Building package 'testbed_gazebo' with the following arguments: {'ament_cmake_args': None, 'build_base': '/home/harry/assignment_ws/build/testbed_gazebo', 'catkin_cmake_args': None, 'catkin_skip_building_tests': False, 'cmake_args': None, 'cmake_clean_cache': False, 'cmake_clean_first': False, 'cmake_force_configure': False, 'cmake_target': None, 'cmake_target_skip_unavailable': False, 'install_base': '/home/harry/assignment_ws/install/testbed_gazebo', 'merge_install': False, 'path': '/home/harry/assignment_ws/src/l1-harryparikh/testbed_gazebo', 'symlink_install': True, 'test_result_base': None}
[0.257s] INFO:colcon.colcon_core.executor:Executing jobs using 'parallel' executor
[0.257s] DEBUG:colcon.colcon_parallel_executor.executor.parallel:run_until_complete
[0.258s] INFO:colcon.colcon_ros.task.ament_cmake.build:Building ROS package in '/home/harry/assignment_ws/src/l1-harryparikh/testbed_description' with build type 'ament_cmake'
[0.258s] INFO:colcon.colcon_cmake.task.cmake.build:Building CMake package in '/home/harry/assignment_ws/src/l1-harryparikh/testbed_description'
[0.260s] INFO:colcon.colcon_core.plugin_system:Skipping extension 'colcon_core.shell.bat': Not used on non-Windows systems
[0.260s] INFO:colcon.colcon_core.shell:Skip shell extension 'powershell' for command environment: Not usable outside of PowerShell
[0.260s] DEBUG:colcon.colcon_core.shell:Skip shell extension 'dsv' for command environment
[0.263s] INFO:colcon.colcon_ros.task.ament_cmake.build:Building ROS package in '/home/harry/assignment_ws/src/l1-harryparikh/testbed_bringup' with build type 'ament_cmake'
[0.263s] INFO:colcon.colcon_cmake.task.cmake.build:Building CMake package in '/home/harry/assignment_ws/src/l1-harryparikh/testbed_bringup'
[0.263s] INFO:colcon.colcon_core.shell:Skip shell extension 'powershell' for command environment: Not usable outside of PowerShell
[0.263s] DEBUG:colcon.colcon_core.shell:Skip shell extension 'dsv' for command environment
[0.265s] INFO:colcon.colcon_ros.task.ament_cmake.build:Building ROS package in '/home/harry/assignment_ws/src/testbed_navigation' with build type 'ament_cmake'
[0.265s] INFO:colcon.colcon_cmake.task.cmake.build:Building CMake package in '/home/harry/assignment_ws/src/testbed_navigation'
[0.265s] INFO:colcon.colcon_core.shell:Skip shell extension 'powershell' for command environment: Not usable outside of PowerShell
[0.266s] DEBUG:colcon.colcon_core.shell:Skip shell extension 'dsv' for command environment
[0.271s] DEBUG:colcon.colcon_core.event_handler.log_command:Invoking command in '/home/harry/assignment_ws/build/testbed_description': CMAKE_PREFIX_PATH=${CMAKE_PREFIX_PATH}:/opt/ros/humble /usr/bin/cmake --build /home/harry/assignment_ws/build/testbed_description -- -j28 -l28
[0.274s] DEBUG:colcon.colcon_core.event_handler.log_command:Invoking command in '/home/harry/assignment_ws/build/testbed_bringup': CMAKE_PREFIX_PATH=${CMAKE_PREFIX_PATH}:/opt/ros/humble /usr/bin/cmake --build /home/harry/assignment_ws/build/testbed_bringup -- -j28 -l28
[0.276s] DEBUG:colcon.colcon_core.event_handler.log_command:Invoking command in '/home/harry/assignment_ws/build/testbed_navigation': CMAKE_PREFIX_PATH=${CMAKE_PREFIX_PATH}:/opt/ros/humble /usr/bin/cmake --build /home/harry/assignment_ws/build/testbed_navigation -- -j28 -l28
[0.311s] DEBUG:colcon.colcon_core.event_handler.log_command:Invoked command in '/home/harry/assignment_ws/build/testbed_description' returned '0': CMAKE_PREFIX_PATH=${CMAKE_PREFIX_PATH}:/opt/ros/humble /usr/bin/cmake --build /home/harry/assignment_ws/build/testbed_description -- -j28 -l28
[0.321s] DEBUG:colcon.colcon_core.event_handler.log_command:Invoking command in '/home/harry/assignment_ws/build/testbed_description': CMAKE_PREFIX_PATH=${CMAKE_PREFIX_PATH}:/opt/ros/humble /usr/bin/cmake --install /home/harry/assignment_ws/build/testbed_description
[0.322s] DEBUG:colcon.colcon_core.event_handler.log_command:Invoked command in '/home/harry/assignment_ws/build/testbed_navigation' returned '0': CMAKE_PREFIX_PATH=${CMAKE_PREFIX_PATH}:/opt/ros/humble /usr/bin/cmake --build /home/harry/assignment_ws/build/testbed_navigation -- -j28 -l28
[0.323s] DEBUG:colcon.colcon_core.event_handler.log_command:Invoking command in '/home/harry/assignment_ws/build/testbed_navigation': CMAKE_PREFIX_PATH=${CMAKE_PREFIX_PATH}:/opt/ros/humble /usr/bin/cmake --install /home/harry/assignment_ws/build/testbed_navigation
[0.323s] DEBUG:colcon.colcon_core.event_handler.log_command:Invoked command in '/home/harry/assignment_ws/build/testbed_bringup' returned '0': CMAKE_PREFIX_PATH=${CMAKE_PREFIX_PATH}:/opt/ros/humble /usr/bin/cmake --build /home/harry/assignment_ws/build/testbed_bringup -- -j28 -l28
[0.325s] DEBUG:colcon.colcon_core.event_handler.log_command:Invoking command in '/home/harry/assignment_ws/build/testbed_bringup': CMAKE_PREFIX_PATH=${CMAKE_PREFIX_PATH}:/opt/ros/humble /usr/bin/cmake --install /home/harry/assignment_ws/build/testbed_bringup
[0.339s] Level 1:colcon.colcon_core.environment:create_environment_scripts_only(testbed_description)
[0.340s] DEBUG:colcon.colcon_core.event_handler.log_command:Invoked command in '/home/harry/assignment_ws/build/testbed_description' returned '0': CMAKE_PREFIX_PATH=${CMAKE_PREFIX_PATH}:/opt/ros/humble /usr/bin/cmake --install /home/harry/assignment_ws/build/testbed_description
[0.343s] Level 1:colcon.colcon_core.environment:checking '/home/harry/assignment_ws/install/testbed_description' for CMake module files
[0.344s] Level 1:colcon.colcon_core.environment:checking '/home/harry/assignment_ws/install/testbed_description' for CMake config files
[0.345s] Level 1:colcon.colcon_core.shell:create_environment_hook('testbed_description', 'cmake_prefix_path')
[0.345s] INFO:colcon.colcon_core.shell:Creating environment hook '/home/harry/assignment_ws/install/testbed_description/share/testbed_description/hook/cmake_prefix_path.ps1'
[0.345s] INFO:colcon.colcon_core.shell:Creating environment descriptor '/home/harry/assignment_ws/install/testbed_description/share/testbed_description/hook/cmake_prefix_path.dsv'
[0.346s] INFO:colcon.colcon_core.shell:Creating environment hook '/home/harry/assignment_ws/install/testbed_description/share/testbed_description/hook/cmake_prefix_path.sh'
[0.346s] Level 1:colcon.colcon_core.environment:checking '/home/harry/assignment_ws/install/testbed_description/bin'
[0.346s] Level 1:colcon.colcon_core.environment:checking '/home/harry/assignment_ws/install/testbed_description/lib/pkgconfig/testbed_description.pc'
[0.346s] Level 1:colcon.colcon_core.environment:checking '/home/harry/assignment_ws/install/testbed_description/lib/python3.10/site-packages'
[0.347s] Level 1:colcon.colcon_core.environment:checking '/home/harry/assignment_ws/install/testbed_description/bin'
[0.347s] INFO:colcon.colcon_core.shell:Creating package script '/home/harry/assignment_ws/install/testbed_description/share/testbed_description/package.ps1'
[0.347s] INFO:colcon.colcon_core.shell:Creating package descriptor '/home/harry/assignment_ws/install/testbed_description/share/testbed_description/package.dsv'
[0.348s] INFO:colcon.colcon_core.shell:Creating package script '/home/harry/assignment_ws/install/testbed_description/share/testbed_description/package.sh'
[0.348s] INFO:colcon.colcon_core.shell:Creating package script '/home/harry/assignment_ws/install/testbed_description/share/testbed_description/package.bash'
[0.349s] INFO:colcon.colcon_core.shell:Creating package script '/home/harry/assignment_ws/install/testbed_description/share/testbed_description/package.zsh'
[0.349s] Level 1:colcon.colcon_core.environment:create_file_with_runtime_dependencies(/home/harry/assignment_ws/install/testbed_description/share/colcon-core/packages/testbed_description)
[0.349s] Level 1:colcon.colcon_core.environment:create_environment_scripts_only(testbed_description)
[0.349s] Level 1:colcon.colcon_core.environment:checking '/home/harry/assignment_ws/install/testbed_description' for CMake module files
[0.350s] Level 1:colcon.colcon_core.environment:checking '/home/harry/assignment_ws/install/testbed_description' for CMake config files
[0.350s] Level 1:colcon.colcon_core.shell:create_environment_hook('testbed_description', 'cmake_prefix_path')
[0.350s] INFO:colcon.colcon_core.shell:Creating environment hook '/home/harry/assignment_ws/install/testbed_description/share/testbed_description/hook/cmake_prefix_path.ps1'
[0.350s] INFO:colcon.colcon_core.shell:Creating environment descriptor '/home/harry/assignment_ws/install/testbed_description/share/testbed_description/hook/cmake_prefix_path.dsv'
[0.350s] INFO:colcon.colcon_core.shell:Creating environment hook '/home/harry/assignment_ws/install/testbed_description/share/testbed_description/hook/cmake_prefix_path.sh'
[0.351s] Level 1:colcon.colcon_core.environment:checking '/home/harry/assignment_ws/install/testbed_description/bin'
[0.351s] Level 1:colcon.colcon_core.environment:checking '/home/harry/assignment_ws/install/testbed_description/lib/pkgconfig/testbed_description.pc'
[0.351s] Level 1:colcon.colcon_core.environment:checking '/home/harry/assignment_ws/install/testbed_description/lib/python3.10/site-packages'
[0.351s] Level 1:colcon.colcon_core.environment:checking '/home/harry/assignment_ws/install/testbed_description/bin'
[0.351s] INFO:colcon.colcon_core.shell:Creating package script '/home/harry/assignment_ws/install/testbed_description/share/testbed_description/package.ps1'
[0.351s] INFO:colcon.colcon_core.shell:Creating package descriptor '/home/harry/assignment_ws/install/testbed_description/share/testbed_description/package.dsv'
[0.352s] INFO:colcon.colcon_core.shell:Creating package script '/home/harry/assignment_ws/install/testbed_description/share/testbed_description/package.sh'
[0.352s] INFO:colcon.colcon_core.shell:Creating package script '/home/harry/assignment_ws/install/testbed_description/share/testbed_description/package.bash'
[0.353s] INFO:colcon.colcon_core.shell:Creating package script '/home/harry/assignment_ws/install/testbed_description/share/testbed_description/package.zsh'
[0.353s] Level 1:colcon.colcon_core.environment:create_file_with_runtime_dependencies(/home/harry/assignment_ws/install/testbed_description/share/colcon-core/packages/testbed_description)
[0.353s] INFO:colcon.colcon_ros.task.ament_cmake.build:Building ROS package in '/home/harry/assignment_ws/src/l1-harryparikh/testbed_gazebo' with build type 'ament_cmake'
[0.353s] INFO:colcon.colcon_cmake.task.cmake.build:Building CMake package in '/home/harry/assignment_ws/src/l1-harryparikh/testbed_gazebo'
[0.353s] INFO:colcon.colcon_core.shell:Skip shell extension 'powershell' for command environment: Not usable outside of PowerShell
[0.353s] DEBUG:colcon.colcon_core.shell:Skip shell extension 'dsv' for command environment
[0.356s] Level 1:colcon.colcon_core.environment:create_environment_scripts_only(testbed_bringup)
[0.357s] DEBUG:colcon.colcon_core.event_handler.log_command:Invoked command in '/home/harry/assignment_ws/build/testbed_bringup' returned '0': CMAKE_PREFIX_PATH=${CMAKE_PREFIX_PATH}:/opt/ros/humble /usr/bin/cmake --install /home/harry/assignment_ws/build/testbed_bringup
[0.357s] Level 1:colcon.colcon_core.environment:checking '/home/harry/assignment_ws/install/testbed_bringup' for CMake module files
[0.357s] Level 1:colcon.colcon_core.environment:checking '/home/harry/assignment_ws/install/testbed_bringup' for CMake config files
[0.358s] Level 1:colcon.colcon_core.shell:create_environment_hook('testbed_bringup', 'cmake_prefix_path')
[0.358s] INFO:colcon.colcon_core.shell:Creating environment hook '/home/harry/assignment_ws/install/testbed_bringup/share/testbed_bringup/hook/cmake_prefix_path.ps1'
[0.358s] INFO:colcon.colcon_core.shell:Creating environment descriptor '/home/harry/assignment_ws/install/testbed_bringup/share/testbed_bringup/hook/cmake_prefix_path.dsv'
[0.358s] INFO:colcon.colcon_core.shell:Creating environment hook '/home/harry/assignment_ws/install/testbed_bringup/share/testbed_bringup/hook/cmake_prefix_path.sh'
[0.359s] Level 1:colcon.colcon_core.environment:checking '/home/harry/assignment_ws/install/testbed_bringup/bin'
[0.359s] Level 1:colcon.colcon_core.environment:checking '/home/harry/assignment_ws/install/testbed_bringup/lib/pkgconfig/testbed_bringup.pc'
[0.359s] Level 1:colcon.colcon_core.environment:checking '/home/harry/assignment_ws/install/testbed_bringup/lib/python3.10/site-packages'
[0.359s] Level 1:colcon.colcon_core.environment:checking '/home/harry/assignment_ws/install/testbed_bringup/bin'
[0.359s] INFO:colcon.colcon_core.shell:Creating package script '/home/harry/assignment_ws/install/testbed_bringup/share/testbed_bringup/package.ps1'
[0.359s] INFO:colcon.colcon_core.shell:Creating package descriptor '/home/harry/assignment_ws/install/testbed_bringup/share/testbed_bringup/package.dsv'
[0.360s] INFO:colcon.colcon_core.shell:Creating package script '/home/harry/assignment_ws/install/testbed_bringup/share/testbed_bringup/package.sh'
[0.360s] INFO:colcon.colcon_core.shell:Creating package script '/home/harry/assignment_ws/install/testbed_bringup/share/testbed_bringup/package.bash'
[0.360s] INFO:colcon.colcon_core.shell:Creating package script '/home/harry/assignment_ws/install/testbed_bringup/share/testbed_bringup/package.zsh'
[0.360s] Level 1:colcon.colcon_core.environment:create_file_with_runtime_dependencies(/home/harry/assignment_ws/install/testbed_bringup/share/colcon-core/packages/testbed_bringup)
[0.360s] Level 1:colcon.colcon_core.environment:create_environment_scripts_only(testbed_bringup)
[0.360s] Level 1:colcon.colcon_core.environment:checking '/home/harry/assignment_ws/install/testbed_bringup' for CMake module files
[0.361s] Level 1:colcon.colcon_core.environment:checking '/home/harry/assignment_ws/install/testbed_bringup' for CMake config files
[0.361s] Level 1:colcon.colcon_core.shell:create_environment_hook('testbed_bringup', 'cmake_prefix_path')
[0.361s] INFO:colcon.colcon_core.shell:Creating environment hook '/home/harry/assignment_ws/install/testbed_bringup/share/testbed_bringup/hook/cmake_prefix_path.ps1'
[0.361s] INFO:colcon.colcon_core.shell:Creating environment descriptor '/home/harry/assignment_ws/install/testbed_bringup/share/testbed_bringup/hook/cmake_prefix_path.dsv'
[0.361s] INFO:colcon.colcon_core.shell:Creating environment hook '/home/harry/assignment_ws/install/testbed_bringup/share/testbed_bringup/hook/cmake_prefix_path.sh'
[0.362s] Level 1:colcon.colcon_core.environment:checking '/home/harry/assignment_ws/install/testbed_bringup/bin'
[0.362s] Level 1:colcon.colcon_core.environment:checking '/home/harry/assignment_ws/install/testbed_bringup/lib/pkgconfig/testbed_bringup.pc'
[0.362s] Level 1:colcon.colcon_core.environment:checking '/home/harry/assignment_ws/install/testbed_bringup/lib/python3.10/site-packages'
[0.362s] Level 1:colcon.colcon_core.environment:checking '/home/harry/assignment_ws/install/testbed_bringup/bin'
[0.362s] INFO:colcon.colcon_core.shell:Creating package script '/home/harry/assignment_ws/install/testbed_bringup/share/testbed_bringup/package.ps1'
[0.362s] INFO:colcon.colcon_core.shell:Creating package descriptor '/home/harry/assignment_ws/install/testbed_bringup/share/testbed_bringup/package.dsv'
[0.363s] INFO:colcon.colcon_core.shell:Creating package script '/home/harry/assignment_ws/install/testbed_bringup/share/testbed_bringup/package.sh'
[0.363s] INFO:colcon.colcon_core.shell:Creating package script '/home/harry/assignment_ws/install/testbed_bringup/share/testbed_bringup/package.bash'
[0.363s] INFO:colcon.colcon_core.shell:Creating package script '/home/harry/assignment_ws/install/testbed_bringup/share/testbed_bringup/package.zsh'
[0.363s] Level 1:colcon.colcon_core.environment:create_file_with_runtime_dependencies(/home/harry/assignment_ws/install/testbed_bringup/share/colcon-core/packages/testbed_bringup)
[0.363s] Level 1:colcon.colcon_core.environment:create_environment_scripts_only(testbed_navigation)
[0.363s] Level 1:colcon.colcon_core.environment:checking '/home/harry/assignment_ws/install/testbed_navigation' for CMake module files
[0.364s] DEBUG:colcon.colcon_core.event_handler.log_command:Invoked command in '/home/harry/assignment_ws/build/testbed_navigation' returned '0': CMAKE_PREFIX_PATH=${CMAKE_PREFIX_PATH}:/opt/ros/humble /usr/bin/cmake --install /home/harry/assignment_ws/build/testbed_navigation
[0.364s] Level 1:colcon.colcon_core.environment:checking '/home/harry/assignment_ws/install/testbed_navigation' for CMake config files
[0.364s] Level 1:colcon.colcon_core.shell:create_environment_hook('testbed_navigation', 'cmake_prefix_path')
[0.364s] INFO:colcon.colcon_core.shell:Creating environment hook '/home/harry/assignment_ws/install/testbed_navigation/share/testbed_navigation/hook/cmake_prefix_path.ps1'
[0.365s] INFO:colcon.colcon_core.shell:Creating environment descriptor '/home/harry/assignment_ws/install/testbed_navigation/share/testbed_navigation/hook/cmake_prefix_path.dsv'
[0.365s] INFO:colcon.colcon_core.shell:Creating environment hook '/home/harry/assignment_ws/install/testbed_navigation/share/testbed_navigation/hook/cmake_prefix_path.sh'
[0.365s] Level 1:colcon.colcon_core.environment:checking '/home/harry/assignment_ws/install/testbed_navigation/bin'
[0.365s] Level 1:colcon.colcon_core.environment:checking '/home/harry/assignment_ws/install/testbed_navigation/lib/pkgconfig/testbed_navigation.pc'
[0.365s] Level 1:colcon.colcon_core.environment:checking '/home/harry/assignment_ws/install/testbed_navigation/lib/python3.10/site-packages'
[0.365s] Level 1:colcon.colcon_core.environment:checking '/home/harry/assignment_ws/install/testbed_navigation/bin'
[0.366s] INFO:colcon.colcon_core.shell:Creating package script '/home/harry/assignment_ws/install/testbed_navigation/share/testbed_navigation/package.ps1'
[0.366s] INFO:colcon.colcon_core.shell:Creating package descriptor '/home/harry/assignment_ws/install/testbed_navigation/share/testbed_navigation/package.dsv'
[0.366s] INFO:colcon.colcon_core.shell:Creating package script '/home/harry/assignment_ws/install/testbed_navigation/share/testbed_navigation/package.sh'
[0.366s] INFO:colcon.colcon_core.shell:Creating package script '/home/harry/assignment_ws/install/testbed_navigation/share/testbed_navigation/package.bash'
[0.366s] INFO:colcon.colcon_core.shell:Creating package script '/home/harry/assignment_ws/install/testbed_navigation/share/testbed_navigation/package.zsh'
[0.367s] Level 1:colcon.colcon_core.environment:create_file_with_runtime_dependencies(/home/harry/assignment_ws/install/testbed_navigation/share/colcon-core/packages/testbed_navigation)
[0.367s] Level 1:colcon.colcon_core.environment:create_environment_scripts_only(testbed_navigation)
[0.367s] Level 1:colcon.colcon_core.environment:checking '/home/harry/assignment_ws/install/testbed_navigation' for CMake module files
[0.367s] Level 1:colcon.colcon_core.environment:checking '/home/harry/assignment_ws/install/testbed_navigation' for CMake config files
[0.367s] Level 1:colcon.colcon_core.shell:create_environment_hook('testbed_navigation', 'cmake_prefix_path')
[0.368s] INFO:colcon.colcon_core.shell:Creating environment hook '/home/harry/assignment_ws/install/testbed_navigation/share/testbed_navigation/hook/cmake_prefix_path.ps1'
[0.368s] INFO:colcon.colcon_core.shell:Creating environment descriptor '/home/harry/assignment_ws/install/testbed_navigation/share/testbed_navigation/hook/cmake_prefix_path.dsv'
[0.368s] INFO:colcon.colcon_core.shell:Creating environment hook '/home/harry/assignment_ws/install/testbed_navigation/share/testbed_navigation/hook/cmake_prefix_path.sh'
[0.368s] Level 1:colcon.colcon_core.environment:checking '/home/harry/assignment_ws/install/testbed_navigation/bin'
[0.368s] Level 1:colcon.colcon_core.environment:checking '/home/harry/assignment_ws/install/testbed_navigation/lib/pkgconfig/testbed_navigation.pc'
[0.368s] Level 1:colcon.colcon_core.environment:checking '/home/harry/assignment_ws/install/testbed_navigation/lib/python3.10/site-packages'
[0.369s] Level 1:colcon.colcon_core.environment:checking '/home/harry/assignment_ws/install/testbed_navigation/bin'
[0.369s] INFO:colcon.colcon_core.shell:Creating package script '/home/harry/assignment_ws/install/testbed_navigation/share/testbed_navigation/package.ps1'
[0.369s] INFO:colcon.colcon_core.shell:Creating package descriptor '/home/harry/assignment_ws/install/testbed_navigation/share/testbed_navigation/package.dsv'
[0.369s] INFO:colcon.colcon_core.shell:Creating package script '/home/harry/assignment_ws/install/testbed_navigation/share/testbed_navigation/package.sh'
[0.369s] INFO:colcon.colcon_core.shell:Creating package script '/home/harry/assignment_ws/install/testbed_navigation/share/testbed_navigation/package.bash'
[0.370s] INFO:colcon.colcon_core.shell:Creating package script '/home/harry/assignment_ws/install/testbed_navigation/share/testbed_navigation/package.zsh'
[0.370s] Level 1:colcon.colcon_core.environment:create_file_with_runtime_dependencies(/home/harry/assignment_ws/install/testbed_navigation/share/colcon-core/packages/testbed_navigation)
[0.372s] DEBUG:colcon.colcon_core.event_handler.log_command:Invoking command in '/home/harry/assignment_ws/build/testbed_gazebo': CMAKE_PREFIX_PATH=/home/harry/assignment_ws/install/testbed_description:/home/harry/assignment_ws/install/testbed_navigation:/home/harry/assignment_ws/install/testbed_gazebo:/home/harry/assignment_ws/install/testbed_bringup:/home/harry/turtlebot3_ws/install/turtlebot3_simulations:/home/harry/turtlebot3_ws/install/turtlebot3_manipulation_gazebo:/home/harry/turtlebot3_ws/install/turtlebot3_gazebo:/home/harry/turtlebot3_ws/install/turtlebot3_fake_node:/opt/ros/humble /usr/bin/cmake --build /home/harry/assignment_ws/build/testbed_gazebo -- -j28 -l28
[0.405s] DEBUG:colcon.colcon_core.event_handler.log_command:Invoked command in '/home/harry/assignment_ws/build/testbed_gazebo' returned '0': CMAKE_PREFIX_PATH=/home/harry/assignment_ws/install/testbed_description:/home/harry/assignment_ws/install/testbed_navigation:/home/harry/assignment_ws/install/testbed_gazebo:/home/harry/assignment_ws/install/testbed_bringup:/home/harry/turtlebot3_ws/install/turtlebot3_simulations:/home/harry/turtlebot3_ws/install/turtlebot3_manipulation_gazebo:/home/harry/turtlebot3_ws/install/turtlebot3_gazebo:/home/harry/turtlebot3_ws/install/turtlebot3_fake_node:/opt/ros/humble /usr/bin/cmake --build /home/harry/assignment_ws/build/testbed_gazebo -- -j28 -l28
[0.406s] DEBUG:colcon.colcon_core.event_handler.log_command:Invoking command in '/home/harry/assignment_ws/build/testbed_gazebo': CMAKE_PREFIX_PATH=/home/harry/assignment_ws/install/testbed_description:/home/harry/assignment_ws/install/testbed_navigation:/home/harry/assignment_ws/install/testbed_gazebo:/home/harry/assignment_ws/install/testbed_bringup:/home/harry/turtlebot3_ws/install/turtlebot3_simulations:/home/harry/turtlebot3_ws/install/turtlebot3_manipulation_gazebo:/home/harry/turtlebot3_ws/install/turtlebot3_gazebo:/home/harry/turtlebot3_ws/install/turtlebot3_fake_node:/opt/ros/humble /usr/bin/cmake --install /home/harry/assignment_ws/build/testbed_gazebo
[0.423s] Level 1:colcon.colcon_core.environment:create_environment_scripts_only(testbed_gazebo)
[0.423s] DEBUG:colcon.colcon_core.event_handler.log_command:Invoked command in '/home/harry/assignment_ws/build/testbed_gazebo' returned '0': CMAKE_PREFIX_PATH=/home/harry/assignment_ws/install/testbed_description:/home/harry/assignment_ws/install/testbed_navigation:/home/harry/assignment_ws/install/testbed_gazebo:/home/harry/assignment_ws/install/testbed_bringup:/home/harry/turtlebot3_ws/install/turtlebot3_simulations:/home/harry/turtlebot3_ws/install/turtlebot3_manipulation_gazebo:/home/harry/turtlebot3_ws/install/turtlebot3_gazebo:/home/harry/turtlebot3_ws/install/turtlebot3_fake_node:/opt/ros/humble /usr/bin/cmake --install /home/harry/assignment_ws/build/testbed_gazebo
[0.423s] Level 1:colcon.colcon_core.environment:checking '/home/harry/assignment_ws/install/testbed_gazebo' for CMake module files
[0.424s] Level 1:colcon.colcon_core.environment:checking '/home/harry/assignment_ws/install/testbed_gazebo' for CMake config files
[0.424s] Level 1:colcon.colcon_core.shell:create_environment_hook('testbed_gazebo', 'cmake_prefix_path')
[0.425s] INFO:colcon.colcon_core.shell:Creating environment hook '/home/harry/assignment_ws/install/testbed_gazebo/share/testbed_gazebo/hook/cmake_prefix_path.ps1'
[0.425s] INFO:colcon.colcon_core.shell:Creating environment descriptor '/home/harry/assignment_ws/install/testbed_gazebo/share/testbed_gazebo/hook/cmake_prefix_path.dsv'
[0.425s] INFO:colcon.colcon_core.shell:Creating environment hook '/home/harry/assignment_ws/install/testbed_gazebo/share/testbed_gazebo/hook/cmake_prefix_path.sh'
[0.426s] Level 1:colcon.colcon_core.environment:checking '/home/harry/assignment_ws/install/testbed_gazebo/bin'
[0.426s] Level 1:colcon.colcon_core.environment:checking '/home/harry/assignment_ws/install/testbed_gazebo/lib/pkgconfig/testbed_gazebo.pc'
[0.426s] Level 1:colcon.colcon_core.environment:checking '/home/harry/assignment_ws/install/testbed_gazebo/lib/python3.10/site-packages'
[0.427s] Level 1:colcon.colcon_core.environment:checking '/home/harry/assignment_ws/install/testbed_gazebo/bin'
[0.427s] INFO:colcon.colcon_core.shell:Creating package script '/home/harry/assignment_ws/install/testbed_gazebo/share/testbed_gazebo/package.ps1'
[0.427s] INFO:colcon.colcon_core.shell:Creating package descriptor '/home/harry/assignment_ws/install/testbed_gazebo/share/testbed_gazebo/package.dsv'
[0.428s] INFO:colcon.colcon_core.shell:Creating package script '/home/harry/assignment_ws/install/testbed_gazebo/share/testbed_gazebo/package.sh'
[0.428s] INFO:colcon.colcon_core.shell:Creating package script '/home/harry/assignment_ws/install/testbed_gazebo/share/testbed_gazebo/package.bash'
[0.428s] INFO:colcon.colcon_core.shell:Creating package script '/home/harry/assignment_ws/install/testbed_gazebo/share/testbed_gazebo/package.zsh'
[0.429s] Level 1:colcon.colcon_core.environment:create_file_with_runtime_dependencies(/home/harry/assignment_ws/install/testbed_gazebo/share/colcon-core/packages/testbed_gazebo)
[0.429s] Level 1:colcon.colcon_core.environment:create_environment_scripts_only(testbed_gazebo)
[0.429s] Level 1:colcon.colcon_core.environment:checking '/home/harry/assignment_ws/install/testbed_gazebo' for CMake module files
[0.430s] Level 1:colcon.colcon_core.environment:checking '/home/harry/assignment_ws/install/testbed_gazebo' for CMake config files
[0.430s] Level 1:colcon.colcon_core.shell:create_environment_hook('testbed_gazebo', 'cmake_prefix_path')
[0.430s] INFO:colcon.colcon_core.shell:Creating environment hook '/home/harry/assignment_ws/install/testbed_gazebo/share/testbed_gazebo/hook/cmake_prefix_path.ps1'
[0.431s] INFO:colcon.colcon_core.shell:Creating environment descriptor '/home/harry/assignment_ws/install/testbed_gazebo/share/testbed_gazebo/hook/cmake_prefix_path.dsv'
[0.431s] INFO:colcon.colcon_core.shell:Creating environment hook '/home/harry/assignment_ws/install/testbed_gazebo/share/testbed_gazebo/hook/cmake_prefix_path.sh'
[0.431s] Level 1:colcon.colcon_core.environment:checking '/home/harry/assignment_ws/install/testbed_gazebo/bin'
[0.431s] Level 1:colcon.colcon_core.environment:checking '/home/harry/assignment_ws/install/testbed_gazebo/lib/pkgconfig/testbed_gazebo.pc'
[0.432s] Level 1:colcon.colcon_core.environment:checking '/home/harry/assignment_ws/install/testbed_gazebo/lib/python3.10/site-packages'
[0.432s] Level 1:colcon.colcon_core.environment:checking '/home/harry/assignment_ws/install/testbed_gazebo/bin'
[0.432s] INFO:colcon.colcon_core.shell:Creating package script '/home/harry/assignment_ws/install/testbed_gazebo/share/testbed_gazebo/package.ps1'
[0.433s] INFO:colcon.colcon_core.shell:Creating package descriptor '/home/harry/assignment_ws/install/testbed_gazebo/share/testbed_gazebo/package.dsv'
[0.433s] INFO:colcon.colcon_core.shell:Creating package script '/home/harry/assignment_ws/install/testbed_gazebo/share/testbed_gazebo/package.sh'
[0.433s] INFO:colcon.colcon_core.shell:Creating package script '/home/harry/assignment_ws/install/testbed_gazebo/share/testbed_gazebo/package.bash'
[0.434s] INFO:colcon.colcon_core.shell:Creating package script '/home/harry/assignment_ws/install/testbed_gazebo/share/testbed_gazebo/package.zsh'
[0.434s] Level 1:colcon.colcon_core.environment:create_file_with_runtime_dependencies(/home/harry/assignment_ws/install/testbed_gazebo/share/colcon-core/packages/testbed_gazebo)
[0.434s] DEBUG:colcon.colcon_parallel_executor.executor.parallel:closing loop
[0.434s] DEBUG:colcon.colcon_parallel_executor.executor.parallel:loop closed
[0.435s] DEBUG:colcon.colcon_parallel_executor.executor.parallel:run_until_complete finished with '0'
[0.435s] DEBUG:colcon.colcon_core.event_reactor:joining thread
[0.439s] INFO:colcon.colcon_core.plugin_system:Skipping extension 'colcon_notification.desktop_notification.terminal_notifier': Not used on non-Darwin systems
[0.439s] INFO:colcon.colcon_core.plugin_system:Skipping extension 'colcon_notification.desktop_notification.win32': Not used on non-Windows systems
[0.439s] INFO:colcon.colcon_notification.desktop_notification:Sending desktop notification using 'notify2'
[0.453s] DEBUG:colcon.colcon_core.event_reactor:joined thread
[0.453s] INFO:colcon.colcon_core.shell:Creating prefix script '/home/harry/assignment_ws/install/local_setup.ps1'
[0.454s] INFO:colcon.colcon_core.shell:Creating prefix util module '/home/harry/assignment_ws/install/_local_setup_util_ps1.py'
[0.455s] INFO:colcon.colcon_core.shell:Creating prefix chain script '/home/harry/assignment_ws/install/setup.ps1'
[0.457s] INFO:colcon.colcon_core.shell:Creating prefix script '/home/harry/assignment_ws/install/local_setup.sh'
[0.457s] INFO:colcon.colcon_core.shell:Creating prefix util module '/home/harry/assignment_ws/install/_local_setup_util_sh.py'
[0.458s] INFO:colcon.colcon_core.shell:Creating prefix chain script '/home/harry/assignment_ws/install/setup.sh'
[0.459s] INFO:colcon.colcon_core.shell:Creating prefix script '/home/harry/assignment_ws/install/local_setup.bash'
[0.459s] INFO:colcon.colcon_core.shell:Creating prefix chain script '/home/harry/assignment_ws/install/setup.bash'
[0.460s] INFO:colcon.colcon_core.shell:Creating prefix script '/home/harry/assignment_ws/install/local_setup.zsh'
[0.461s] INFO:colcon.colcon_core.shell:Creating prefix chain script '/home/harry/assignment_ws/install/setup.zsh'
